[     272ms] [WARNING] [JavaScript Warning: "A resource is blocked by OpaqueResponseBlocking, please check browser console for details." {file: "https://cdn.ing/assets/i/r/310039/yrgur9wrjxnxi94v6vugw9jdm9o8/logo-primary.png" line: 0}] @ https://cdn.ing/assets/i/r/310039/yrgur9wrjxnxi94v6vugw9jdm9o8/logo-primary.png:0
[     289ms] [WARNING] [JavaScript Warning: "A resource is blocked by OpaqueResponseBlocking, please check browser console for details." {file: "https://cdn.ing/assets/i/r/310037/s24yovwiz6h0ycyllztb7nvwlsv3/thumb.jpg" line: 0}] @ https://cdn.ing/assets/i/r/310037/s24yovwiz6h0ycyllztb7nvwlsv3/thumb.jpg:0
[     296ms] [INFO] Download the React DevTools for a better development experience: https://react.dev/link/react-devtools @ http://localhost:3100/_next/static/chunks/01vs_next_dist_0z7rf41._.js:2477
[     297ms] [TIMESTAMP] Server Requests Track @ http://localhost:3100/_next/static/chunks/01vs_next_dist_compiled_react-server-dom-turbopack_0kj3bu0._.js:710
[     298ms] [TIMESTAMP] Server Components Track @ http://localhost:3100/_next/static/chunks/01vs_next_dist_compiled_react-server-dom-turbopack_0kj3bu0._.js:710
[     312ms] [LOG] [HMR] connected @ http://localhost:3100/_next/static/chunks/01vs_next_dist_0z7rf41._.js:2477
[     317ms] [TIMESTAMP] Blocking Track @ http://localhost:3100/_next/static/chunks/01vs_next_dist_compiled_react-dom_068f94d._.js:9246
[     317ms] [TIMESTAMP] Transition Track @ http://localhost:3100/_next/static/chunks/01vs_next_dist_compiled_react-dom_068f94d._.js:9246
[     317ms] [TIMESTAMP] Suspense Track @ http://localhost:3100/_next/static/chunks/01vs_next_dist_compiled_react-dom_068f94d._.js:9246
[     317ms] [TIMESTAMP] Idle Track @ http://localhost:3100/_next/static/chunks/01vs_next_dist_compiled_react-dom_068f94d._.js:9246
[     338ms] [TIMESTAMP] Blocked @ http://localhost:3100/_next/static/chunks/01vs_next_dist_compiled_react-dom_068f94d._.js:9057
[     346ms] [TIMESTAMP] Hydrated @ http://localhost:3100/_next/static/chunks/01vs_next_dist_compiled_react-dom_068f94d._.js:9696
[     348ms] [TIMESTAMP] Commit @ http://localhost:3100/_next/static/chunks/01vs_next_dist_compiled_react-dom_068f94d._.js:2915
[     348ms] [WARNING] [JavaScript Warning: "A resource is blocked by OpaqueResponseBlocking, please check browser console for details." {file: "https://cdn.ing/assets/i/r/310037/s24yovwiz6h0ycyllztb7nvwlsv3/thumb.jpg" line: 0}] @ https://cdn.ing/assets/i/r/310037/s24yovwiz6h0ycyllztb7nvwlsv3/thumb.jpg:0
[     348ms] [WARNING] [JavaScript Warning: "A resource is blocked by OpaqueResponseBlocking, please check browser console for details." {file: "https://cdn.ing/assets/i/r/310039/yrgur9wrjxnxi94v6vugw9jdm9o8/logo-primary.png" line: 0}] @ https://cdn.ing/assets/i/r/310039/yrgur9wrjxnxi94v6vugw9jdm9o8/logo-primary.png:0
[     390ms] [TIMESTAMP] Waiting for Paint @ http://localhost:3100/_next/static/chunks/01vs_next_dist_compiled_react-dom_068f94d._.js:9989
[     391ms] [TIMESTAMP] Root @ http://localhost:3100/_next/static/chunks/01vs_next_dist_compiled_react-dom_068f94d._.js:2804
[     391ms] [TIMESTAMP] ServerRoot @ http://localhost:3100/_next/static/chunks/01vs_next_dist_compiled_react-dom_068f94d._.js:2804
[     391ms] [TIMESTAMP] AppRouter @ http://localhost:3100/_next/static/chunks/01vs_next_dist_compiled_react-dom_068f94d._.js:2804
[     391ms] [TIMESTAMP] RootErrorBoundary @ http://localhost:3100/_next/static/chunks/01vs_next_dist_compiled_react-dom_068f94d._.js:2804
[     392ms] [TIMESTAMP] ErrorBoundary @ http://localhost:3100/_next/static/chunks/01vs_next_dist_compiled_react-dom_068f94d._.js:2804
[     392ms] [TIMESTAMP] ErrorBoundaryHandler @ http://localhost:3100/_next/static/chunks/01vs_next_dist_compiled_react-dom_068f94d._.js:2804
[     392ms] [TIMESTAMP] Router @ http://localhost:3100/_next/static/chunks/01vs_next_dist_compiled_react-dom_068f94d._.js:2804
[     392ms] [TIMESTAMP] HistoryUpdater @ http://localhost:3100/_next/static/chunks/01vs_next_dist_compiled_react-dom_068f94d._.js:2804
[     392ms] [TIMESTAMP] HotReload @ http://localhost:3100/_next/static/chunks/01vs_next_dist_compiled_react-dom_068f94d._.js:2804
[     392ms] [TIMESTAMP] AppDevOverlayErrorBoundary @ http://localhost:3100/_next/static/chunks/01vs_next_dist_compiled_react-dom_068f94d._.js:2804
[     392ms] [TIMESTAMP] ReplaySsrOnlyErrors @ http://localhost:3100/_next/static/chunks/01vs_next_dist_compiled_react-dom_068f94d._.js:2804
[     392ms] [TIMESTAMP] DevRootHTTPAccessFallbackBoundary @ http://localhost:3100/_next/static/chunks/01vs_next_dist_compiled_react-dom_068f94d._.js:2804
[     392ms] [TIMESTAMP] HTTPAccessFallbackBoundary @ http://localhost:3100/_next/static/chunks/01vs_next_dist_compiled_react-dom_068f94d._.js:2804
[     392ms] [TIMESTAMP] HTTPAccessFallbackErrorBoundary @ http://localhost:3100/_next/static/chunks/01vs_next_dist_compiled_react-dom_068f94d._.js:2804
[     392ms] [TIMESTAMP] RedirectBoundary @ http://localhost:3100/_next/static/chunks/01vs_next_dist_compiled_react-dom_068f94d._.js:2804
[     392ms] [TIMESTAMP] RedirectErrorBoundary @ http://localhost:3100/_next/static/chunks/01vs_next_dist_compiled_react-dom_068f94d._.js:2804
[     392ms] [TIMESTAMP] Head @ http://localhost:3100/_next/static/chunks/01vs_next_dist_compiled_react-dom_068f94d._.js:2804
[     392ms] [TIMESTAMP] __next_root_layout_boundary__ @ http://localhost:3100/_next/static/chunks/01vs_next_dist_compiled_react-dom_068f94d._.js:2804
[     392ms] [TIMESTAMP] SegmentViewNode @ http://localhost:3100/_next/static/chunks/01vs_next_dist_compiled_react-dom_068f94d._.js:2804
[     392ms] [TIMESTAMP] SegmentTrieNode @ http://localhost:3100/_next/static/chunks/01vs_next_dist_compiled_react-dom_068f94d._.js:2804
[     392ms] [TIMESTAMP] OuterLayoutRouter @ http://localhost:3100/_next/static/chunks/01vs_next_dist_compiled_react-dom_068f94d._.js:2804
[     392ms] [TIMESTAMP] SegmentStateProvider @ http://localhost:3100/_next/static/chunks/01vs_next_dist_compiled_react-dom_068f94d._.js:2804
[     392ms] [TIMESTAMP] RenderFromTemplateContext @ http://localhost:3100/_next/static/chunks/01vs_next_dist_compiled_react-dom_068f94d._.js:2804
[     392ms] [TIMESTAMP] ScrollAndMaybeFocusHandler @ http://localhost:3100/_next/static/chunks/01vs_next_dist_compiled_react-dom_068f94d._.js:2804
[     392ms] [TIMESTAMP] InnerScrollAndFocusHandlerOld @ http://localhost:3100/_next/static/chunks/01vs_next_dist_compiled_react-dom_068f94d._.js:2804
[     392ms] [TIMESTAMP] ErrorBoundary @ http://localhost:3100/_next/static/chunks/01vs_next_dist_compiled_react-dom_068f94d._.js:2804
[     392ms] [TIMESTAMP] LoadingBoundary @ http://localhost:3100/_next/static/chunks/01vs_next_dist_compiled_react-dom_068f94d._.js:2804
[     392ms] [TIMESTAMP] HTTPAccessFallbackBoundary @ http://localhost:3100/_next/static/chunks/01vs_next_dist_compiled_react-dom_068f94d._.js:2804
[     392ms] [TIMESTAMP] HTTPAccessFallbackErrorBoundary @ http://localhost:3100/_next/static/chunks/01vs_next_dist_compiled_react-dom_068f94d._.js:2804
[     392ms] [TIMESTAMP] RedirectBoundary @ http://localhost:3100/_next/static/chunks/01vs_next_dist_compiled_react-dom_068f94d._.js:2804
[     392ms] [TIMESTAMP] RedirectErrorBoundary @ http://localhost:3100/_next/static/chunks/01vs_next_dist_compiled_react-dom_068f94d._.js:2804
[     392ms] [TIMESTAMP] InnerLayoutRouter @ http://localhost:3100/_next/static/chunks/01vs_next_dist_compiled_react-dom_068f94d._.js:2804
[     392ms] [TIMESTAMP] SegmentViewNode @ http://localhost:3100/_next/static/chunks/01vs_next_dist_compiled_react-dom_068f94d._.js:2804
[     392ms] [TIMESTAMP] SegmentTrieNode @ http://localhost:3100/_next/static/chunks/01vs_next_dist_compiled_react-dom_068f94d._.js:2804
[     393ms] [TIMESTAMP] ClientPageRoot @ http://localhost:3100/_next/static/chunks/01vs_next_dist_compiled_react-dom_068f94d._.js:2804
[     393ms] [TIMESTAMP] Page @ http://localhost:3100/_next/static/chunks/01vs_next_dist_compiled_react-dom_068f94d._.js:2804
[     393ms] [TIMESTAMP] Mail @ http://localhost:3100/_next/static/chunks/01vs_next_dist_compiled_react-dom_068f94d._.js:2804
[     393ms] [TIMESTAMP] ForwardRef @ http://localhost:3100/_next/static/chunks/01vs_next_dist_compiled_react-dom_068f94d._.js:2804
[     393ms] [TIMESTAMP] Button @ http://localhost:3100/_next/static/chunks/01vs_next_dist_compiled_react-dom_068f94d._.js:2804
[     393ms] [TIMESTAMP] Button @ http://localhost:3100/_next/static/chunks/01vs_next_dist_compiled_react-dom_068f94d._.js:2804
[     393ms] [TIMESTAMP] SignaturePreview @ http://localhost:3100/_next/static/chunks/01vs_next_dist_compiled_react-dom_068f94d._.js:2804
[     393ms] [TIMESTAMP] TemplateSelector @ http://localhost:3100/_next/static/chunks/01vs_next_dist_compiled_react-dom_068f94d._.js:2804
[     393ms] [TIMESTAMP] SignatureForm @ http://localhost:3100/_next/static/chunks/01vs_next_dist_compiled_react-dom_068f94d._.js:2804
[     393ms] [TIMESTAMP] FormSection @ http://localhost:3100/_next/static/chunks/01vs_next_dist_compiled_react-dom_068f94d._.js:2804
[     393ms] [TIMESTAMP] Field @ http://localhost:3100/_next/static/chunks/01vs_next_dist_compiled_react-dom_068f94d._.js:2804
[     393ms] [TIMESTAMP] Label @ http://localhost:3100/_next/static/chunks/01vs_next_dist_compiled_react-dom_068f94d._.js:2804
[     393ms] [TIMESTAMP] Input @ http://localhost:3100/_next/static/chunks/01vs_next_dist_compiled_react-dom_068f94d._.js:2804
[     393ms] [TIMESTAMP] Input @ http://localhost:3100/_next/static/chunks/01vs_next_dist_compiled_react-dom_068f94d._.js:2804
[     393ms] [TIMESTAMP] FieldControl @ http://localhost:3100/_next/static/chunks/01vs_next_dist_compiled_react-dom_068f94d._.js:2804
[     393ms] [TIMESTAMP] Field @ http://localhost:3100/_next/static/chunks/01vs_next_dist_compiled_react-dom_068f94d._.js:2804
[     393ms] [TIMESTAMP] Label @ http://localhost:3100/_next/static/chunks/01vs_next_dist_compiled_react-dom_068f94d._.js:2804
[     393ms] [TIMESTAMP] Input @ http://localhost:3100/_next/static/chunks/01vs_next_dist_compiled_react-dom_068f94d._.js:2804
[     393ms] [TIMESTAMP] Input @ http://localhost:3100/_next/static/chunks/01vs_next_dist_compiled_react-dom_068f94d._.js:2804
[     393ms] [TIMESTAMP] FieldControl @ http://localhost:3100/_next/static/chunks/01vs_next_dist_compiled_react-dom_068f94d._.js:2804
[     394ms] [TIMESTAMP] Field @ http://localhost:3100/_next/static/chunks/01vs_next_dist_compiled_react-dom_068f94d._.js:2804
[     394ms] [TIMESTAMP] Label @ http://localhost:3100/_next/static/chunks/01vs_next_dist_compiled_react-dom_068f94d._.js:2804
[     394ms] [TIMESTAMP] Input @ http://localhost:3100/_next/static/chunks/01vs_next_dist_compiled_react-dom_068f94d._.js:2804
[     394ms] [TIMESTAMP] Input @ http://localhost:3100/_next/static/chunks/01vs_next_dist_compiled_react-dom_068f94d._.js:2804
[     394ms] [TIMESTAMP] FieldControl @ http://localhost:3100/_next/static/chunks/01vs_next_dist_compiled_react-dom_068f94d._.js:2804
[     394ms] [TIMESTAMP] FieldControl @ http://localhost:3100/_next/static/chunks/01vs_next_dist_compiled_react-dom_068f94d._.js:2874
[     394ms] [TIMESTAMP] Field @ http://localhost:3100/_next/static/chunks/01vs_next_dist_compiled_react-dom_068f94d._.js:2804
[     394ms] [TIMESTAMP] Label @ http://localhost:3100/_next/static/chunks/01vs_next_dist_compiled_react-dom_068f94d._.js:2804
[     394ms] [TIMESTAMP] Input @ http://localhost:3100/_next/static/chunks/01vs_next_dist_compiled_react-dom_068f94d._.js:2804
[     394ms] [TIMESTAMP] Input @ http://localhost:3100/_next/static/chunks/01vs_next_dist_compiled_react-dom_068f94d._.js:2804
[     394ms] [TIMESTAMP] FieldControl @ http://localhost:3100/_next/static/chunks/01vs_next_dist_compiled_react-dom_068f94d._.js:2804
[     394ms] [TIMESTAMP] FormSection @ http://localhost:3100/_next/static/chunks/01vs_next_dist_compiled_react-dom_068f94d._.js:2804
[     394ms] [TIMESTAMP] Field @ http://localhost:3100/_next/static/chunks/01vs_next_dist_compiled_react-dom_068f94d._.js:2804
[     394ms] [TIMESTAMP] Label @ http://localhost:3100/_next/static/chunks/01vs_next_dist_compiled_react-dom_068f94d._.js:2804
[     394ms] [TIMESTAMP] Input @ http://localhost:3100/_next/static/chunks/01vs_next_dist_compiled_react-dom_068f94d._.js:2804
[     394ms] [TIMESTAMP] Input @ http://localhost:3100/_next/static/chunks/01vs_next_dist_compiled_react-dom_068f94d._.js:2804
[     394ms] [TIMESTAMP] FieldControl @ http://localhost:3100/_next/static/chunks/01vs_next_dist_compiled_react-dom_068f94d._.js:2804
[     394ms] [TIMESTAMP] Field @ http://localhost:3100/_next/static/chunks/01vs_next_dist_compiled_react-dom_068f94d._.js:2804
[     394ms] [TIMESTAMP] Label @ http://localhost:3100/_next/static/chunks/01vs_next_dist_compiled_react-dom_068f94d._.js:2804
[     394ms] [TIMESTAMP] Input @ http://localhost:3100/_next/static/chunks/01vs_next_dist_compiled_react-dom_068f94d._.js:2804
[     394ms] [TIMESTAMP] Input @ http://localhost:3100/_next/static/chunks/01vs_next_dist_compiled_react-dom_068f94d._.js:2804
[     394ms] [TIMESTAMP] FieldControl @ http://localhost:3100/_next/static/chunks/01vs_next_dist_compiled_react-dom_068f94d._.js:2804
[     394ms] [TIMESTAMP] FormSection @ http://localhost:3100/_next/static/chunks/01vs_next_dist_compiled_react-dom_068f94d._.js:2804
[     394ms] [TIMESTAMP] Field @ http://localhost:3100/_next/static/chunks/01vs_next_dist_compiled_react-dom_068f94d._.js:2804
[     394ms] [TIMESTAMP] Label @ http://localhost:3100/_next/static/chunks/01vs_next_dist_compiled_react-dom_068f94d._.js:2804
[     394ms] [TIMESTAMP] Input @ http://localhost:3100/_next/static/chunks/01vs_next_dist_compiled_react-dom_068f94d._.js:2804
[     394ms] [TIMESTAMP] Input @ http://localhost:3100/_next/static/chunks/01vs_next_dist_compiled_react-dom_068f94d._.js:2804
[     394ms] [TIMESTAMP] FieldControl @ http://localhost:3100/_next/static/chunks/01vs_next_dist_compiled_react-dom_068f94d._.js:2804
[     394ms] [TIMESTAMP] Field @ http://localhost:3100/_next/static/chunks/01vs_next_dist_compiled_react-dom_068f94d._.js:2804
[     394ms] [TIMESTAMP] Label @ http://localhost:3100/_next/static/chunks/01vs_next_dist_compiled_react-dom_068f94d._.js:2804
[     394ms] [TIMESTAMP] Input @ http://localhost:3100/_next/static/chunks/01vs_next_dist_compiled_react-dom_068f94d._.js:2804
[     394ms] [TIMESTAMP] Input @ http://localhost:3100/_next/static/chunks/01vs_next_dist_compiled_react-dom_068f94d._.js:2804
[     395ms] [TIMESTAMP] FieldControl @ http://localhost:3100/_next/static/chunks/01vs_next_dist_compiled_react-dom_068f94d._.js:2804
[     395ms] [TIMESTAMP] Field @ http://localhost:3100/_next/static/chunks/01vs_next_dist_compiled_react-dom_068f94d._.js:2804
[     395ms] [TIMESTAMP] Label @ http://localhost:3100/_next/static/chunks/01vs_next_dist_compiled_react-dom_068f94d._.js:2804
[     395ms] [TIMESTAMP] Input @ http://localhost:3100/_next/static/chunks/01vs_next_dist_compiled_react-dom_068f94d._.js:2804
[     395ms] [TIMESTAMP] Input @ http://localhost:3100/_next/static/chunks/01vs_next_dist_compiled_react-dom_068f94d._.js:2804
[     395ms] [TIMESTAMP] FieldControl @ http://localhost:3100/_next/static/chunks/01vs_next_dist_compiled_react-dom_068f94d._.js:2804
[     395ms] [TIMESTAMP] Field @ http://localhost:3100/_next/static/chunks/01vs_next_dist_compiled_react-dom_068f94d._.js:2804
[     395ms] [TIMESTAMP] Label @ http://localhost:3100/_next/static/chunks/01vs_next_dist_compiled_react-dom_068f94d._.js:2804
[     395ms] [TIMESTAMP] Input @ http://localhost:3100/_next/static/chunks/01vs_next_dist_compiled_react-dom_068f94d._.js:2804
[     395ms] [TIMESTAMP] Input @ http://localhost:3100/_next/static/chunks/01vs_next_dist_compiled_react-dom_068f94d._.js:2804
[     395ms] [TIMESTAMP] FieldControl @ http://localhost:3100/_next/static/chunks/01vs_next_dist_compiled_react-dom_068f94d._.js:2804
[     395ms] [TIMESTAMP] FormSection @ http://localhost:3100/_next/static/chunks/01vs_next_dist_compiled_react-dom_068f94d._.js:2804
[     395ms] [TIMESTAMP] ColorField @ http://localhost:3100/_next/static/chunks/01vs_next_dist_compiled_react-dom_068f94d._.js:2804
[     395ms] [TIMESTAMP] Field @ http://localhost:3100/_next/static/chunks/01vs_next_dist_compiled_react-dom_068f94d._.js:2804
[     395ms] [TIMESTAMP] Label @ http://localhost:3100/_next/static/chunks/01vs_next_dist_compiled_react-dom_068f94d._.js:2804
[     395ms] [TIMESTAMP] Input @ http://localhost:3100/_next/static/chunks/01vs_next_dist_compiled_react-dom_068f94d._.js:2804
[     395ms] [TIMESTAMP] Input @ http://localhost:3100/_next/static/chunks/01vs_next_dist_compiled_react-dom_068f94d._.js:2804
[     395ms] [TIMESTAMP] FieldControl @ http://localhost:3100/_next/static/chunks/01vs_next_dist_compiled_react-dom_068f94d._.js:2804
[     395ms] [TIMESTAMP] Input @ http://localhost:3100/_next/static/chunks/01vs_next_dist_compiled_react-dom_068f94d._.js:2804
[     395ms] [TIMESTAMP] Input @ http://localhost:3100/_next/static/chunks/01vs_next_dist_compiled_react-dom_068f94d._.js:2804
[     395ms] [TIMESTAMP] FieldControl @ http://localhost:3100/_next/static/chunks/01vs_next_dist_compiled_react-dom_068f94d._.js:2804
[     395ms] [TIMESTAMP] ColorField @ http://localhost:3100/_next/static/chunks/01vs_next_dist_compiled_react-dom_068f94d._.js:2804
[     395ms] [TIMESTAMP] Field @ http://localhost:3100/_next/static/chunks/01vs_next_dist_compiled_react-dom_068f94d._.js:2804
[     395ms] [TIMESTAMP] Label @ http://localhost:3100/_next/static/chunks/01vs_next_dist_compiled_react-dom_068f94d._.js:2804
[     395ms] [TIMESTAMP] Input @ http://localhost:3100/_next/static/chunks/01vs_next_dist_compiled_react-dom_068f94d._.js:2804
[     395ms] [TIMESTAMP] Input @ http://localhost:3100/_next/static/chunks/01vs_next_dist_compiled_react-dom_068f94d._.js:2804
[     395ms] [TIMESTAMP] FieldControl @ http://localhost:3100/_next/static/chunks/01vs_next_dist_compiled_react-dom_068f94d._.js:2804
[     395ms] [TIMESTAMP] Input @ http://localhost:3100/_next/static/chunks/01vs_next_dist_compiled_react-dom_068f94d._.js:2804
[     395ms] [TIMESTAMP] Input @ http://localhost:3100/_next/static/chunks/01vs_next_dist_compiled_react-dom_068f94d._.js:2804
[     395ms] [TIMESTAMP] FieldControl @ http://localhost:3100/_next/static/chunks/01vs_next_dist_compiled_react-dom_068f94d._.js:2804
[     395ms] [TIMESTAMP] FormSection @ http://localhost:3100/_next/static/chunks/01vs_next_dist_compiled_react-dom_068f94d._.js:2804
[     395ms] [TIMESTAMP] Input @ http://localhost:3100/_next/static/chunks/01vs_next_dist_compiled_react-dom_068f94d._.js:2804
[     395ms] [TIMESTAMP] Input @ http://localhost:3100/_next/static/chunks/01vs_next_dist_compiled_react-dom_068f94d._.js:2804
[     395ms] [TIMESTAMP] FieldControl @ http://localhost:3100/_next/static/chunks/01vs_next_dist_compiled_react-dom_068f94d._.js:2804
[     395ms] [TIMESTAMP] Button @ http://localhost:3100/_next/static/chunks/01vs_next_dist_compiled_react-dom_068f94d._.js:2804
[     395ms] [TIMESTAMP] Button @ http://localhost:3100/_next/static/chunks/01vs_next_dist_compiled_react-dom_068f94d._.js:2804
[     395ms] [TIMESTAMP] Input @ http://localhost:3100/_next/static/chunks/01vs_next_dist_compiled_react-dom_068f94d._.js:2804
[     395ms] [TIMESTAMP] Input @ http://localhost:3100/_next/static/chunks/01vs_next_dist_compiled_react-dom_068f94d._.js:2804
[     395ms] [TIMESTAMP] FieldControl @ http://localhost:3100/_next/static/chunks/01vs_next_dist_compiled_react-dom_068f94d._.js:2804
[     396ms] [TIMESTAMP] Button @ http://localhost:3100/_next/static/chunks/01vs_next_dist_compiled_react-dom_068f94d._.js:2804
[     396ms] [TIMESTAMP] Button @ http://localhost:3100/_next/static/chunks/01vs_next_dist_compiled_react-dom_068f94d._.js:2804
[     396ms] [TIMESTAMP] Input @ http://localhost:3100/_next/static/chunks/01vs_next_dist_compiled_react-dom_068f94d._.js:2804
[     396ms] [TIMESTAMP] Input @ http://localhost:3100/_next/static/chunks/01vs_next_dist_compiled_react-dom_068f94d._.js:2804
[     396ms] [TIMESTAMP] FieldControl @ http://localhost:3100/_next/static/chunks/01vs_next_dist_compiled_react-dom_068f94d._.js:2804
[     396ms] [TIMESTAMP] Button @ http://localhost:3100/_next/static/chunks/01vs_next_dist_compiled_react-dom_068f94d._.js:2804
[     396ms] [TIMESTAMP] Button @ http://localhost:3100/_next/static/chunks/01vs_next_dist_compiled_react-dom_068f94d._.js:2804
[     396ms] [TIMESTAMP] Input @ http://localhost:3100/_next/static/chunks/01vs_next_dist_compiled_react-dom_068f94d._.js:2804
[     396ms] [TIMESTAMP] Input @ http://localhost:3100/_next/static/chunks/01vs_next_dist_compiled_react-dom_068f94d._.js:2804
[     396ms] [TIMESTAMP] FieldControl @ http://localhost:3100/_next/static/chunks/01vs_next_dist_compiled_react-dom_068f94d._.js:2804
[     396ms] [TIMESTAMP] Button @ http://localhost:3100/_next/static/chunks/01vs_next_dist_compiled_react-dom_068f94d._.js:2804
[     396ms] [TIMESTAMP] Button @ http://localhost:3100/_next/static/chunks/01vs_next_dist_compiled_react-dom_068f94d._.js:2804
[     396ms] [TIMESTAMP] Input @ http://localhost:3100/_next/static/chunks/01vs_next_dist_compiled_react-dom_068f94d._.js:2804
[     396ms] [TIMESTAMP] Input @ http://localhost:3100/_next/static/chunks/01vs_next_dist_compiled_react-dom_068f94d._.js:2804
[     396ms] [TIMESTAMP] FieldControl @ http://localhost:3100/_next/static/chunks/01vs_next_dist_compiled_react-dom_068f94d._.js:2804
[     396ms] [TIMESTAMP] Button @ http://localhost:3100/_next/static/chunks/01vs_next_dist_compiled_react-dom_068f94d._.js:2804
[     396ms] [TIMESTAMP] Button @ http://localhost:3100/_next/static/chunks/01vs_next_dist_compiled_react-dom_068f94d._.js:2804
[     396ms] [TIMESTAMP] Input @ http://localhost:3100/_next/static/chunks/01vs_next_dist_compiled_react-dom_068f94d._.js:2804
[     396ms] [TIMESTAMP] Input @ http://localhost:3100/_next/static/chunks/01vs_next_dist_compiled_react-dom_068f94d._.js:2804
[     396ms] [TIMESTAMP] FieldControl @ http://localhost:3100/_next/static/chunks/01vs_next_dist_compiled_react-dom_068f94d._.js:2804
[     396ms] [TIMESTAMP] Button @ http://localhost:3100/_next/static/chunks/01vs_next_dist_compiled_react-dom_068f94d._.js:2804
[     396ms] [TIMESTAMP] Button @ http://localhost:3100/_next/static/chunks/01vs_next_dist_compiled_react-dom_068f94d._.js:2804
[     396ms] [TIMESTAMP] __next_outlet_boundary__ @ http://localhost:3100/_next/static/chunks/01vs_next_dist_compiled_react-dom_068f94d._.js:2804
[     396ms] [TIMESTAMP] SegmentViewStateNode @ http://localhost:3100/_next/static/chunks/01vs_next_dist_compiled_react-dom_068f94d._.js:2804
[     396ms] [TIMESTAMP] AppRouterAnnouncer @ http://localhost:3100/_next/static/chunks/01vs_next_dist_compiled_react-dom_068f94d._.js:2804
[     396ms] [TIMESTAMP] AppRouterAnnouncer @ http://localhost:3100/_next/static/chunks/01vs_next_dist_compiled_react-dom_068f94d._.js:2874
[     396ms] [TIMESTAMP] Remaining Effects @ http://localhost:3100/_next/static/chunks/01vs_next_dist_compiled_react-dom_068f94d._.js:10005
[     399ms] [TIMESTAMP] Blocking Track @ http://localhost:3100/_next/static/chunks/01vs_next_dist_compiled_react-dom_068f94d._.js:9246
[     399ms] [TIMESTAMP] Transition Track @ http://localhost:3100/_next/static/chunks/01vs_next_dist_compiled_react-dom_068f94d._.js:9246
[     399ms] [TIMESTAMP] Suspense Track @ http://localhost:3100/_next/static/chunks/01vs_next_dist_compiled_react-dom_068f94d._.js:9246
[     399ms] [TIMESTAMP] Idle Track @ http://localhost:3100/_next/static/chunks/01vs_next_dist_compiled_react-dom_068f94d._.js:9246
[     399ms] [TIMESTAMP] Blocking Track @ http://localhost:3100/_next/static/chunks/01vs_next_dist_compiled_react-dom_068f94d._.js:9246
[     399ms] [TIMESTAMP] Transition Track @ http://localhost:3100/_next/static/chunks/01vs_next_dist_compiled_react-dom_068f94d._.js:9246
[     399ms] [TIMESTAMP] Suspense Track @ http://localhost:3100/_next/static/chunks/01vs_next_dist_compiled_react-dom_068f94d._.js:9246
[     399ms] [TIMESTAMP] Idle Track @ http://localhost:3100/_next/static/chunks/01vs_next_dist_compiled_react-dom_068f94d._.js:9246
[     399ms] [TIMESTAMP] Blocking Track @ http://localhost:3100/_next/static/chunks/01vs_next_dist_compiled_react-dom_068f94d._.js:9246
[     400ms] [TIMESTAMP] Transition Track @ http://localhost:3100/_next/static/chunks/01vs_next_dist_compiled_react-dom_068f94d._.js:9246
[     400ms] [TIMESTAMP] Suspense Track @ http://localhost:3100/_next/static/chunks/01vs_next_dist_compiled_react-dom_068f94d._.js:9246
[     400ms] [TIMESTAMP] Idle Track @ http://localhost:3100/_next/static/chunks/01vs_next_dist_compiled_react-dom_068f94d._.js:9246
[     400ms] [TIMESTAMP] Prepared @ http://localhost:3100/_next/static/chunks/01vs_next_dist_compiled_react-dom_068f94d._.js:9696
[     400ms] [TIMESTAMP] IconMark @ http://localhost:3100/_next/static/chunks/01vs_next_dist_compiled_react-dom_068f94d._.js:2804
[     415ms] [TIMESTAMP] Server Requests Track @ http://localhost:3100/_next/static/chunks/01vs_next_dist_compiled_react-server-dom-turbopack_0kj3bu0._.js:710
[     415ms] [TIMESTAMP] Server Components Track @ http://localhost:3100/_next/static/chunks/01vs_next_dist_compiled_react-server-dom-turbopack_0kj3bu0._.js:710
[     416ms] [TIMESTAMP] ​Preloads @ http://localhost:3100/_next/static/chunks/01vs_next_dist_compiled_react-server-dom-turbopack_0kj3bu0._.js:2219
[     416ms] [TIMESTAMP] ​HTTPAccessErrorFallback @ http://localhost:3100/_next/static/chunks/01vs_next_dist_compiled_react-server-dom-turbopack_0kj3bu0._.js:2219
[     416ms] [TIMESTAMP] ​NotFound @ http://localhost:3100/_next/static/chunks/01vs_next_dist_compiled_react-server-dom-turbopack_0kj3bu0._.js:2219
[     416ms] [TIMESTAMP] ​RootLayout @ http://localhost:3100/_next/static/chunks/01vs_next_dist_compiled_react-server-dom-turbopack_0kj3bu0._.js:2219
[     416ms] [TIMESTAMP] ​Next.MetadataOutlet @ http://localhost:3100/_next/static/chunks/01vs_next_dist_compiled_react-server-dom-turbopack_0kj3bu0._.js:2219
[     416ms] [TIMESTAMP] ​NonIndex @ http://localhost:3100/_next/static/chunks/01vs_next_dist_compiled_react-server-dom-turbopack_0kj3bu0._.js:2219
[     416ms] [TIMESTAMP] ​Next.Viewport @ http://localhost:3100/_next/static/chunks/01vs_next_dist_compiled_react-server-dom-turbopack_0kj3bu0._.js:2219
[     416ms] [TIMESTAMP] ​ViewportWrapper @ http://localhost:3100/_next/static/chunks/01vs_next_dist_compiled_react-server-dom-turbopack_0kj3bu0._.js:2219
[     416ms] [TIMESTAMP] ​Next.Metadata @ http://localhost:3100/_next/static/chunks/01vs_next_dist_compiled_react-server-dom-turbopack_0kj3bu0._.js:2219
[     416ms] [TIMESTAMP] ​MetadataWrapper @ http://localhost:3100/_next/static/chunks/01vs_next_dist_compiled_react-server-dom-turbopack_0kj3bu0._.js:2219
[   10321ms] [WARNING] [JavaScript Warning: "The resource at “http://localhost:3100/_next/static/media/797e433ab948586e-s.p.09zddjkbdep5a.woff2” preloaded with link preload was not used within a few seconds. Make sure all attributes of the preload tag are set correctly." {file: "http://localhost:3100/" line: 0}] @ http://localhost:3100/:0
[   10322ms] [WARNING] [JavaScript Warning: "The resource at “http://localhost:3100/_next/static/media/caa3a2e1cccd8315-s.p.09~u27dqhyhd6.woff2” preloaded with link preload was not used within a few seconds. Make sure all attributes of the preload tag are set correctly." {file: "http://localhost:3100/" line: 0}] @ http://localhost:3100/:0
[   88273ms] [TIMESTAMP] Blocking Track @ http://localhost:3100/_next/static/chunks/01vs_next_dist_compiled_react-dom_068f94d._.js:9246
[   88273ms] [TIMESTAMP] Transition Track @ http://localhost:3100/_next/static/chunks/01vs_next_dist_compiled_react-dom_068f94d._.js:9246
[   88273ms] [TIMESTAMP] Suspense Track @ http://localhost:3100/_next/static/chunks/01vs_next_dist_compiled_react-dom_068f94d._.js:9246
[   88274ms] [TIMESTAMP] Idle Track @ http://localhost:3100/_next/static/chunks/01vs_next_dist_compiled_react-dom_068f94d._.js:9246
[   88274ms] [TIMESTAMP] Event: click @ http://localhost:3100/_next/static/chunks/01vs_next_dist_compiled_react-dom_068f94d._.js:9281
[   88286ms] [TIMESTAMP] Render @ http://localhost:3100/_next/static/chunks/01vs_next_dist_compiled_react-dom_068f94d._.js:9696
[   88290ms] [TIMESTAMP] Commit @ http://localhost:3100/_next/static/chunks/01vs_next_dist_compiled_react-dom_068f94d._.js:2915
[   88291ms] [TIMESTAMP] Page @ http://localhost:3100/_next/static/chunks/01vs_next_dist_compiled_react-dom_068f94d._.js:2804
[   88291ms] [TIMESTAMP] Mail @ http://localhost:3100/_next/static/chunks/01vs_next_dist_compiled_react-dom_068f94d._.js:2804
[   88292ms] [TIMESTAMP] ForwardRef @ http://localhost:3100/_next/static/chunks/01vs_next_dist_compiled_react-dom_068f94d._.js:2804
[   88292ms] [TIMESTAMP] SignatureForm @ http://localhost:3100/_next/static/chunks/01vs_next_dist_compiled_react-dom_068f94d._.js:2804
[   88292ms] [TIMESTAMP] Label @ http://localhost:3100/_next/static/chunks/01vs_next_dist_compiled_react-dom_068f94d._.js:2804
[   88292ms] [TIMESTAMP] Label @ http://localhost:3100/_next/static/chunks/01vs_next_dist_compiled_react-dom_068f94d._.js:2804
[   88292ms] [TIMESTAMP] X @ http://localhost:3100/_next/static/chunks/01vs_next_dist_compiled_react-dom_068f94d._.js:2804
[   88292ms] [TIMESTAMP] ForwardRef @ http://localhost:3100/_next/static/chunks/01vs_next_dist_compiled_react-dom_068f94d._.js:2804
[   88292ms] [TIMESTAMP] Remaining Effects @ http://localhost:3100/_next/static/chunks/01vs_next_dist_compiled_react-dom_068f94d._.js:10005
[   88323ms] [WARNING] [JavaScript Warning: "A resource is blocked by OpaqueResponseBlocking, please check browser console for details." {file: "https://cdn.ing/assets/i/r/310037/s24yovwiz6h0ycyllztb7nvwlsv3/thumb.jpg" line: 0}] @ https://cdn.ing/assets/i/r/310037/s24yovwiz6h0ycyllztb7nvwlsv3/thumb.jpg:0
[   88323ms] [WARNING] [JavaScript Warning: "A resource is blocked by OpaqueResponseBlocking, please check browser console for details." {file: "https://cdn.ing/assets/i/r/310039/yrgur9wrjxnxi94v6vugw9jdm9o8/logo-primary.png" line: 0}] @ https://cdn.ing/assets/i/r/310039/yrgur9wrjxnxi94v6vugw9jdm9o8/logo-primary.png:0
[  128764ms] [TIMESTAMP] Blocking Track @ http://localhost:3100/_next/static/chunks/01vs_next_dist_compiled_react-dom_068f94d._.js:9246
[  128764ms] [TIMESTAMP] Transition Track @ http://localhost:3100/_next/static/chunks/01vs_next_dist_compiled_react-dom_068f94d._.js:9246
[  128764ms] [TIMESTAMP] Suspense Track @ http://localhost:3100/_next/static/chunks/01vs_next_dist_compiled_react-dom_068f94d._.js:9246
[  128765ms] [TIMESTAMP] Idle Track @ http://localhost:3100/_next/static/chunks/01vs_next_dist_compiled_react-dom_068f94d._.js:9246
[  128776ms] [TIMESTAMP] Render @ http://localhost:3100/_next/static/chunks/01vs_next_dist_compiled_react-dom_068f94d._.js:9696
[  128777ms] [TIMESTAMP] Commit @ http://localhost:3100/_next/static/chunks/01vs_next_dist_compiled_react-dom_068f94d._.js:2915
[  128777ms] [TIMESTAMP] Page @ http://localhost:3100/_next/static/chunks/01vs_next_dist_compiled_react-dom_068f94d._.js:2804
[  128777ms] [TIMESTAMP] CircleCheck @ http://localhost:3100/_next/static/chunks/01vs_next_dist_compiled_react-dom_068f94d._.js:2804
[  128777ms] [TIMESTAMP] ForwardRef @ http://localhost:3100/_next/static/chunks/01vs_next_dist_compiled_react-dom_068f94d._.js:2804
[  128777ms] [TIMESTAMP] TemplateSelector @ http://localhost:3100/_next/static/chunks/01vs_next_dist_compiled_react-dom_068f94d._.js:2804
[  128778ms] [TIMESTAMP] Label @ http://localhost:3100/_next/static/chunks/01vs_next_dist_compiled_react-dom_068f94d._.js:2804
[  128778ms] [TIMESTAMP] Label @ http://localhost:3100/_next/static/chunks/01vs_next_dist_compiled_react-dom_068f94d._.js:2804
[  128778ms] [TIMESTAMP] Remaining Effects @ http://localhost:3100/_next/static/chunks/01vs_next_dist_compiled_react-dom_068f94d._.js:10005
[  128796ms] [WARNING] [JavaScript Warning: "A resource is blocked by OpaqueResponseBlocking, please check browser console for details." {file: "https://cdn.ing/assets/i/r/310039/yrgur9wrjxnxi94v6vugw9jdm9o8/logo-primary.png" line: 0}] @ https://cdn.ing/assets/i/r/310039/yrgur9wrjxnxi94v6vugw9jdm9o8/logo-primary.png:0
[  240487ms] [TIMESTAMP] Blocking Track @ http://localhost:3100/_next/static/chunks/01vs_next_dist_compiled_react-dom_068f94d._.js:9246
[  240487ms] [TIMESTAMP] Transition Track @ http://localhost:3100/_next/static/chunks/01vs_next_dist_compiled_react-dom_068f94d._.js:9246
[  240487ms] [TIMESTAMP] Suspense Track @ http://localhost:3100/_next/static/chunks/01vs_next_dist_compiled_react-dom_068f94d._.js:9246
[  240487ms] [TIMESTAMP] Idle Track @ http://localhost:3100/_next/static/chunks/01vs_next_dist_compiled_react-dom_068f94d._.js:9246
[  240487ms] [TIMESTAMP] Event: input @ http://localhost:3100/_next/static/chunks/01vs_next_dist_compiled_react-dom_068f94d._.js:9281
[  240500ms] [TIMESTAMP] Render @ http://localhost:3100/_next/static/chunks/01vs_next_dist_compiled_react-dom_068f94d._.js:9696
[  240503ms] [TIMESTAMP] Commit @ http://localhost:3100/_next/static/chunks/01vs_next_dist_compiled_react-dom_068f94d._.js:2915
[  240504ms] [TIMESTAMP] Page @ http://localhost:3100/_next/static/chunks/01vs_next_dist_compiled_react-dom_068f94d._.js:2804
[  240504ms] [TIMESTAMP] Mail @ http://localhost:3100/_next/static/chunks/01vs_next_dist_compiled_react-dom_068f94d._.js:2804
[  240504ms] [TIMESTAMP] ForwardRef @ http://localhost:3100/_next/static/chunks/01vs_next_dist_compiled_react-dom_068f94d._.js:2804
[  240504ms] [TIMESTAMP] Label @ http://localhost:3100/_next/static/chunks/01vs_next_dist_compiled_react-dom_068f94d._.js:2804
[  240504ms] [TIMESTAMP] Label @ http://localhost:3100/_next/static/chunks/01vs_next_dist_compiled_react-dom_068f94d._.js:2804
[  240505ms] [TIMESTAMP] Label @ http://localhost:3100/_next/static/chunks/01vs_next_dist_compiled_react-dom_068f94d._.js:2804
[  240505ms] [TIMESTAMP] Label @ http://localhost:3100/_next/static/chunks/01vs_next_dist_compiled_react-dom_068f94d._.js:2804
[  240505ms] [TIMESTAMP] X @ http://localhost:3100/_next/static/chunks/01vs_next_dist_compiled_react-dom_068f94d._.js:2804
[  240505ms] [TIMESTAMP] ForwardRef @ http://localhost:3100/_next/static/chunks/01vs_next_dist_compiled_react-dom_068f94d._.js:2804
[  240505ms] [TIMESTAMP] Remaining Effects @ http://localhost:3100/_next/static/chunks/01vs_next_dist_compiled_react-dom_068f94d._.js:10005
[  240527ms] [WARNING] [JavaScript Warning: "A resource is blocked by OpaqueResponseBlocking, please check browser console for details." {file: "https://cdn.ing/assets/i/r/310039/yrgur9wrjxnxi94v6vugw9jdm9o8/logo-primary.png" line: 0}] @ https://cdn.ing/assets/i/r/310039/yrgur9wrjxnxi94v6vugw9jdm9o8/logo-primary.png:0
[ 1199838ms] [LOG] [Fast Refresh] rebuilding @ http://localhost:3100/_next/static/chunks/01vs_next_dist_0z7rf41._.js:2477
[ 1199840ms] [TIMESTAMP] Blocking Track @ http://localhost:3100/_next/static/chunks/01vs_next_dist_compiled_react-dom_068f94d._.js:9246
[ 1199840ms] [TIMESTAMP] Transition Track @ http://localhost:3100/_next/static/chunks/01vs_next_dist_compiled_react-dom_068f94d._.js:9246
[ 1199840ms] [TIMESTAMP] Suspense Track @ http://localhost:3100/_next/static/chunks/01vs_next_dist_compiled_react-dom_068f94d._.js:9246
[ 1199840ms] [TIMESTAMP] Idle Track @ http://localhost:3100/_next/static/chunks/01vs_next_dist_compiled_react-dom_068f94d._.js:9246
[ 1199851ms] [TIMESTAMP] Render @ http://localhost:3100/_next/static/chunks/01vs_next_dist_compiled_react-dom_068f94d._.js:9696
[ 1199854ms] [TIMESTAMP] Commit @ http://localhost:3100/_next/static/chunks/01vs_next_dist_compiled_react-dom_068f94d._.js:2915
[ 1199854ms] [TIMESTAMP] Page @ http://localhost:3100/_next/static/chunks/01vs_next_dist_compiled_react-dom_068f94d._.js:2804
[ 1199854ms] [TIMESTAMP] Mail @ http://localhost:3100/_next/static/chunks/01vs_next_dist_compiled_react-dom_068f94d._.js:2804
[ 1199854ms] [TIMESTAMP] ForwardRef @ http://localhost:3100/_next/static/chunks/01vs_next_dist_compiled_react-dom_068f94d._.js:2804
[ 1199855ms] [TIMESTAMP] SignatureForm @ http://localhost:3100/_next/static/chunks/01vs_next_dist_compiled_react-dom_068f94d._.js:2804
[ 1199855ms] [TIMESTAMP] Label @ http://localhost:3100/_next/static/chunks/01vs_next_dist_compiled_react-dom_068f94d._.js:2804
[ 1199855ms] [TIMESTAMP] Label @ http://localhost:3100/_next/static/chunks/01vs_next_dist_compiled_react-dom_068f94d._.js:2804
[ 1199855ms] [TIMESTAMP] Remaining Effects @ http://localhost:3100/_next/static/chunks/01vs_next_dist_compiled_react-dom_068f94d._.js:10005
[ 1199864ms] [LOG] [Fast Refresh] done in 69ms @ http://localhost:3100/_next/static/chunks/01vs_next_dist_0z7rf41._.js:2477
[ 1199903ms] [WARNING] [JavaScript Warning: "A resource is blocked by OpaqueResponseBlocking, please check browser console for details." {file: "https://cdn.ing/assets/i/r/310039/yrgur9wrjxnxi94v6vugw9jdm9o8/logo-primary.png" line: 0}] @ https://cdn.ing/assets/i/r/310039/yrgur9wrjxnxi94v6vugw9jdm9o8/logo-primary.png:0
[ 1201548ms] [LOG] [Fast Refresh] rebuilding @ http://localhost:3100/_next/static/chunks/01vs_next_dist_0z7rf41._.js:2477
[ 1201550ms] [TIMESTAMP] Blocking Track @ http://localhost:3100/_next/static/chunks/01vs_next_dist_compiled_react-dom_068f94d._.js:9246
[ 1201550ms] [TIMESTAMP] Transition Track @ http://localhost:3100/_next/static/chunks/01vs_next_dist_compiled_react-dom_068f94d._.js:9246
[ 1201550ms] [TIMESTAMP] Suspense Track @ http://localhost:3100/_next/static/chunks/01vs_next_dist_compiled_react-dom_068f94d._.js:9246
[ 1201550ms] [TIMESTAMP] Idle Track @ http://localhost:3100/_next/static/chunks/01vs_next_dist_compiled_react-dom_068f94d._.js:9246
[ 1201556ms] [TIMESTAMP] Render @ http://localhost:3100/_next/static/chunks/01vs_next_dist_compiled_react-dom_068f94d._.js:9696
[ 1201557ms] [TIMESTAMP] Commit @ http://localhost:3100/_next/static/chunks/01vs_next_dist_compiled_react-dom_068f94d._.js:2915
[ 1201557ms] [TIMESTAMP] Page @ http://localhost:3100/_next/static/chunks/01vs_next_dist_compiled_react-dom_068f94d._.js:2804
[ 1201558ms] [TIMESTAMP] SignatureForm @ http://localhost:3100/_next/static/chunks/01vs_next_dist_compiled_react-dom_068f94d._.js:2804
[ 1201558ms] [TIMESTAMP] Label @ http://localhost:3100/_next/static/chunks/01vs_next_dist_compiled_react-dom_068f94d._.js:2804
[ 1201558ms] [TIMESTAMP] Label @ http://localhost:3100/_next/static/chunks/01vs_next_dist_compiled_react-dom_068f94d._.js:2804
[ 1201558ms] [TIMESTAMP] X @ http://localhost:3100/_next/static/chunks/01vs_next_dist_compiled_react-dom_068f94d._.js:2804
[ 1201558ms] [TIMESTAMP] ForwardRef @ http://localhost:3100/_next/static/chunks/01vs_next_dist_compiled_react-dom_068f94d._.js:2804
[ 1201558ms] [TIMESTAMP] Remaining Effects @ http://localhost:3100/_next/static/chunks/01vs_next_dist_compiled_react-dom_068f94d._.js:10005
[ 1201569ms] [WARNING] [JavaScript Warning: "A resource is blocked by OpaqueResponseBlocking, please check browser console for details." {file: "https://cdn.ing/assets/i/r/310039/yrgur9wrjxnxi94v6vugw9jdm9o8/logo-primary.png" line: 0}] @ https://cdn.ing/assets/i/r/310039/yrgur9wrjxnxi94v6vugw9jdm9o8/logo-primary.png:0
[ 1201576ms] [LOG] [Fast Refresh] done in 16ms @ http://localhost:3100/_next/static/chunks/01vs_next_dist_0z7rf41._.js:2477
