[      93ms] [WARNING] [JavaScript Warning: "A resource is blocked by OpaqueResponseBlocking, please check browser console for details." {file: "https://cdn.ing/assets/i/r/310039/yrgur9wrjxnxi94v6vugw9jdm9o8/logo-primary.png" line: 0}] @ https://cdn.ing/assets/i/r/310039/yrgur9wrjxnxi94v6vugw9jdm9o8/logo-primary.png:0
[      94ms] [WARNING] [JavaScript Warning: "A resource is blocked by OpaqueResponseBlocking, please check browser console for details." {file: "https://cdn.ing/assets/i/r/310037/s24yovwiz6h0ycyllztb7nvwlsv3/thumb.jpg" line: 0}] @ https://cdn.ing/assets/i/r/310037/s24yovwiz6h0ycyllztb7nvwlsv3/thumb.jpg:0
[     125ms] [INFO] Download the React DevTools for a better development experience: https://react.dev/link/react-devtools @ http://localhost:3100/_next/static/chunks/01vs_next_dist_0z7rf41._.js:2477
[     126ms] [TIMESTAMP] Server Requests Track @ http://localhost:3100/_next/static/chunks/01vs_next_dist_compiled_react-server-dom-turbopack_0kj3bu0._.js:710
[     126ms] [TIMESTAMP] Server Components Track @ http://localhost:3100/_next/static/chunks/01vs_next_dist_compiled_react-server-dom-turbopack_0kj3bu0._.js:710
[     137ms] [LOG] [HMR] connected @ http://localhost:3100/_next/static/chunks/01vs_next_dist_0z7rf41._.js:2477
[     140ms] [TIMESTAMP] Blocking Track @ http://localhost:3100/_next/static/chunks/01vs_next_dist_compiled_react-dom_068f94d._.js:9246
[     140ms] [TIMESTAMP] Transition Track @ http://localhost:3100/_next/static/chunks/01vs_next_dist_compiled_react-dom_068f94d._.js:9246
[     140ms] [TIMESTAMP] Suspense Track @ http://localhost:3100/_next/static/chunks/01vs_next_dist_compiled_react-dom_068f94d._.js:9246
[     141ms] [TIMESTAMP] Idle Track @ http://localhost:3100/_next/static/chunks/01vs_next_dist_compiled_react-dom_068f94d._.js:9246
[     150ms] [TIMESTAMP] Blocked @ http://localhost:3100/_next/static/chunks/01vs_next_dist_compiled_react-dom_068f94d._.js:9057
[     162ms] [TIMESTAMP] Blocked @ http://localhost:3100/_next/static/chunks/01vs_next_dist_compiled_react-dom_068f94d._.js:9057
[     166ms] [TIMESTAMP] Hydrated @ http://localhost:3100/_next/static/chunks/01vs_next_dist_compiled_react-dom_068f94d._.js:9696
[     169ms] [TIMESTAMP] Waiting for Paint @ http://localhost:3100/_next/static/chunks/01vs_next_dist_compiled_react-dom_068f94d._.js:9989
[     169ms] [TIMESTAMP] Root @ http://localhost:3100/_next/static/chunks/01vs_next_dist_compiled_react-dom_068f94d._.js:2804
[     169ms] [TIMESTAMP] ServerRoot @ http://localhost:3100/_next/static/chunks/01vs_next_dist_compiled_react-dom_068f94d._.js:2804
[     169ms] [TIMESTAMP] AppRouter @ http://localhost:3100/_next/static/chunks/01vs_next_dist_compiled_react-dom_068f94d._.js:2804
[     169ms] [TIMESTAMP] RootErrorBoundary @ http://localhost:3100/_next/static/chunks/01vs_next_dist_compiled_react-dom_068f94d._.js:2804
[     169ms] [TIMESTAMP] ErrorBoundary @ http://localhost:3100/_next/static/chunks/01vs_next_dist_compiled_react-dom_068f94d._.js:2804
[     169ms] [TIMESTAMP] ErrorBoundaryHandler @ http://localhost:3100/_next/static/chunks/01vs_next_dist_compiled_react-dom_068f94d._.js:2804
[     169ms] [TIMESTAMP] Router @ http://localhost:3100/_next/static/chunks/01vs_next_dist_compiled_react-dom_068f94d._.js:2804
[     169ms] [TIMESTAMP] HistoryUpdater @ http://localhost:3100/_next/static/chunks/01vs_next_dist_compiled_react-dom_068f94d._.js:2804
[     169ms] [TIMESTAMP] HotReload @ http://localhost:3100/_next/static/chunks/01vs_next_dist_compiled_react-dom_068f94d._.js:2804
[     169ms] [TIMESTAMP] AppDevOverlayErrorBoundary @ http://localhost:3100/_next/static/chunks/01vs_next_dist_compiled_react-dom_068f94d._.js:2804
[     169ms] [TIMESTAMP] ReplaySsrOnlyErrors @ http://localhost:3100/_next/static/chunks/01vs_next_dist_compiled_react-dom_068f94d._.js:2804
[     170ms] [TIMESTAMP] DevRootHTTPAccessFallbackBoundary @ http://localhost:3100/_next/static/chunks/01vs_next_dist_compiled_react-dom_068f94d._.js:2804
[     170ms] [TIMESTAMP] HTTPAccessFallbackBoundary @ http://localhost:3100/_next/static/chunks/01vs_next_dist_compiled_react-dom_068f94d._.js:2804
[     170ms] [TIMESTAMP] HTTPAccessFallbackErrorBoundary @ http://localhost:3100/_next/static/chunks/01vs_next_dist_compiled_react-dom_068f94d._.js:2804
[     170ms] [TIMESTAMP] RedirectBoundary @ http://localhost:3100/_next/static/chunks/01vs_next_dist_compiled_react-dom_068f94d._.js:2804
[     170ms] [TIMESTAMP] RedirectErrorBoundary @ http://localhost:3100/_next/static/chunks/01vs_next_dist_compiled_react-dom_068f94d._.js:2804
[     170ms] [TIMESTAMP] Head @ http://localhost:3100/_next/static/chunks/01vs_next_dist_compiled_react-dom_068f94d._.js:2804
[     170ms] [TIMESTAMP] __next_root_layout_boundary__ @ http://localhost:3100/_next/static/chunks/01vs_next_dist_compiled_react-dom_068f94d._.js:2804
[     170ms] [TIMESTAMP] SegmentViewNode @ http://localhost:3100/_next/static/chunks/01vs_next_dist_compiled_react-dom_068f94d._.js:2804
[     170ms] [TIMESTAMP] SegmentTrieNode @ http://localhost:3100/_next/static/chunks/01vs_next_dist_compiled_react-dom_068f94d._.js:2804
[     170ms] [TIMESTAMP] OuterLayoutRouter @ http://localhost:3100/_next/static/chunks/01vs_next_dist_compiled_react-dom_068f94d._.js:2804
[     170ms] [TIMESTAMP] SegmentStateProvider @ http://localhost:3100/_next/static/chunks/01vs_next_dist_compiled_react-dom_068f94d._.js:2804
[     170ms] [TIMESTAMP] RenderFromTemplateContext @ http://localhost:3100/_next/static/chunks/01vs_next_dist_compiled_react-dom_068f94d._.js:2804
[     170ms] [TIMESTAMP] ScrollAndMaybeFocusHandler @ http://localhost:3100/_next/static/chunks/01vs_next_dist_compiled_react-dom_068f94d._.js:2804
[     170ms] [TIMESTAMP] InnerScrollAndFocusHandlerOld @ http://localhost:3100/_next/static/chunks/01vs_next_dist_compiled_react-dom_068f94d._.js:2804
[     170ms] [TIMESTAMP] ErrorBoundary @ http://localhost:3100/_next/static/chunks/01vs_next_dist_compiled_react-dom_068f94d._.js:2804
[     170ms] [TIMESTAMP] LoadingBoundary @ http://localhost:3100/_next/static/chunks/01vs_next_dist_compiled_react-dom_068f94d._.js:2804
[     170ms] [TIMESTAMP] HTTPAccessFallbackBoundary @ http://localhost:3100/_next/static/chunks/01vs_next_dist_compiled_react-dom_068f94d._.js:2804
[     170ms] [TIMESTAMP] HTTPAccessFallbackErrorBoundary @ http://localhost:3100/_next/static/chunks/01vs_next_dist_compiled_react-dom_068f94d._.js:2804
[     170ms] [TIMESTAMP] RedirectBoundary @ http://localhost:3100/_next/static/chunks/01vs_next_dist_compiled_react-dom_068f94d._.js:2804
[     170ms] [TIMESTAMP] RedirectErrorBoundary @ http://localhost:3100/_next/static/chunks/01vs_next_dist_compiled_react-dom_068f94d._.js:2804
[     170ms] [TIMESTAMP] InnerLayoutRouter @ http://localhost:3100/_next/static/chunks/01vs_next_dist_compiled_react-dom_068f94d._.js:2804
[     170ms] [TIMESTAMP] SegmentViewNode @ http://localhost:3100/_next/static/chunks/01vs_next_dist_compiled_react-dom_068f94d._.js:2804
[     170ms] [TIMESTAMP] SegmentTrieNode @ http://localhost:3100/_next/static/chunks/01vs_next_dist_compiled_react-dom_068f94d._.js:2804
[     170ms] [TIMESTAMP] ClientPageRoot @ http://localhost:3100/_next/static/chunks/01vs_next_dist_compiled_react-dom_068f94d._.js:2804
[     170ms] [TIMESTAMP] Page @ http://localhost:3100/_next/static/chunks/01vs_next_dist_compiled_react-dom_068f94d._.js:2804
[     170ms] [TIMESTAMP] Button @ http://localhost:3100/_next/static/chunks/01vs_next_dist_compiled_react-dom_068f94d._.js:2804
[     170ms] [TIMESTAMP] Button @ http://localhost:3100/_next/static/chunks/01vs_next_dist_compiled_react-dom_068f94d._.js:2804
[     170ms] [TIMESTAMP] SignaturePreview @ http://localhost:3100/_next/static/chunks/01vs_next_dist_compiled_react-dom_068f94d._.js:2804
[     170ms] [TIMESTAMP] SignatureForm @ http://localhost:3100/_next/static/chunks/01vs_next_dist_compiled_react-dom_068f94d._.js:2804
[     170ms] [TIMESTAMP] FormSection @ http://localhost:3100/_next/static/chunks/01vs_next_dist_compiled_react-dom_068f94d._.js:2804
[     170ms] [TIMESTAMP] Field @ http://localhost:3100/_next/static/chunks/01vs_next_dist_compiled_react-dom_068f94d._.js:2804
[     170ms] [TIMESTAMP] Label @ http://localhost:3100/_next/static/chunks/01vs_next_dist_compiled_react-dom_068f94d._.js:2804
[     170ms] [TIMESTAMP] Input @ http://localhost:3100/_next/static/chunks/01vs_next_dist_compiled_react-dom_068f94d._.js:2804
[     170ms] [TIMESTAMP] Input @ http://localhost:3100/_next/static/chunks/01vs_next_dist_compiled_react-dom_068f94d._.js:2804
[     170ms] [TIMESTAMP] FieldControl @ http://localhost:3100/_next/static/chunks/01vs_next_dist_compiled_react-dom_068f94d._.js:2804
[     170ms] [TIMESTAMP] Field @ http://localhost:3100/_next/static/chunks/01vs_next_dist_compiled_react-dom_068f94d._.js:2804
[     170ms] [TIMESTAMP] Label @ http://localhost:3100/_next/static/chunks/01vs_next_dist_compiled_react-dom_068f94d._.js:2804
[     170ms] [TIMESTAMP] Input @ http://localhost:3100/_next/static/chunks/01vs_next_dist_compiled_react-dom_068f94d._.js:2804
[     171ms] [TIMESTAMP] Input @ http://localhost:3100/_next/static/chunks/01vs_next_dist_compiled_react-dom_068f94d._.js:2804
[     171ms] [TIMESTAMP] FieldControl @ http://localhost:3100/_next/static/chunks/01vs_next_dist_compiled_react-dom_068f94d._.js:2804
[     171ms] [TIMESTAMP] Field @ http://localhost:3100/_next/static/chunks/01vs_next_dist_compiled_react-dom_068f94d._.js:2804
[     171ms] [TIMESTAMP] Label @ http://localhost:3100/_next/static/chunks/01vs_next_dist_compiled_react-dom_068f94d._.js:2804
[     171ms] [TIMESTAMP] Input @ http://localhost:3100/_next/static/chunks/01vs_next_dist_compiled_react-dom_068f94d._.js:2804
[     171ms] [TIMESTAMP] Input @ http://localhost:3100/_next/static/chunks/01vs_next_dist_compiled_react-dom_068f94d._.js:2804
[     171ms] [TIMESTAMP] FieldControl @ http://localhost:3100/_next/static/chunks/01vs_next_dist_compiled_react-dom_068f94d._.js:2804
[     171ms] [TIMESTAMP] Field @ http://localhost:3100/_next/static/chunks/01vs_next_dist_compiled_react-dom_068f94d._.js:2804
[     171ms] [TIMESTAMP] Label @ http://localhost:3100/_next/static/chunks/01vs_next_dist_compiled_react-dom_068f94d._.js:2804
[     171ms] [TIMESTAMP] Input @ http://localhost:3100/_next/static/chunks/01vs_next_dist_compiled_react-dom_068f94d._.js:2804
[     171ms] [TIMESTAMP] Input @ http://localhost:3100/_next/static/chunks/01vs_next_dist_compiled_react-dom_068f94d._.js:2804
[     171ms] [TIMESTAMP] FieldControl @ http://localhost:3100/_next/static/chunks/01vs_next_dist_compiled_react-dom_068f94d._.js:2804
[     171ms] [TIMESTAMP] FormSection @ http://localhost:3100/_next/static/chunks/01vs_next_dist_compiled_react-dom_068f94d._.js:2804
[     171ms] [TIMESTAMP] Field @ http://localhost:3100/_next/static/chunks/01vs_next_dist_compiled_react-dom_068f94d._.js:2804
[     171ms] [TIMESTAMP] Label @ http://localhost:3100/_next/static/chunks/01vs_next_dist_compiled_react-dom_068f94d._.js:2804
[     171ms] [TIMESTAMP] Input @ http://localhost:3100/_next/static/chunks/01vs_next_dist_compiled_react-dom_068f94d._.js:2804
[     171ms] [TIMESTAMP] Input @ http://localhost:3100/_next/static/chunks/01vs_next_dist_compiled_react-dom_068f94d._.js:2804
[     171ms] [TIMESTAMP] FieldControl @ http://localhost:3100/_next/static/chunks/01vs_next_dist_compiled_react-dom_068f94d._.js:2804
[     171ms] [TIMESTAMP] Field @ http://localhost:3100/_next/static/chunks/01vs_next_dist_compiled_react-dom_068f94d._.js:2804
[     171ms] [TIMESTAMP] Label @ http://localhost:3100/_next/static/chunks/01vs_next_dist_compiled_react-dom_068f94d._.js:2804
[     171ms] [TIMESTAMP] Input @ http://localhost:3100/_next/static/chunks/01vs_next_dist_compiled_react-dom_068f94d._.js:2804
[     171ms] [TIMESTAMP] Input @ http://localhost:3100/_next/static/chunks/01vs_next_dist_compiled_react-dom_068f94d._.js:2804
[     171ms] [TIMESTAMP] FieldControl @ http://localhost:3100/_next/static/chunks/01vs_next_dist_compiled_react-dom_068f94d._.js:2804
[     171ms] [TIMESTAMP] FormSection @ http://localhost:3100/_next/static/chunks/01vs_next_dist_compiled_react-dom_068f94d._.js:2804
[     171ms] [TIMESTAMP] Field @ http://localhost:3100/_next/static/chunks/01vs_next_dist_compiled_react-dom_068f94d._.js:2804
[     171ms] [TIMESTAMP] Label @ http://localhost:3100/_next/static/chunks/01vs_next_dist_compiled_react-dom_068f94d._.js:2804
[     171ms] [TIMESTAMP] Input @ http://localhost:3100/_next/static/chunks/01vs_next_dist_compiled_react-dom_068f94d._.js:2804
[     171ms] [TIMESTAMP] Input @ http://localhost:3100/_next/static/chunks/01vs_next_dist_compiled_react-dom_068f94d._.js:2804
[     171ms] [TIMESTAMP] FieldControl @ http://localhost:3100/_next/static/chunks/01vs_next_dist_compiled_react-dom_068f94d._.js:2804
[     171ms] [TIMESTAMP] Field @ http://localhost:3100/_next/static/chunks/01vs_next_dist_compiled_react-dom_068f94d._.js:2804
[     171ms] [TIMESTAMP] Label @ http://localhost:3100/_next/static/chunks/01vs_next_dist_compiled_react-dom_068f94d._.js:2804
[     171ms] [TIMESTAMP] Input @ http://localhost:3100/_next/static/chunks/01vs_next_dist_compiled_react-dom_068f94d._.js:2804
[     171ms] [TIMESTAMP] Input @ http://localhost:3100/_next/static/chunks/01vs_next_dist_compiled_react-dom_068f94d._.js:2804
[     171ms] [TIMESTAMP] FieldControl @ http://localhost:3100/_next/static/chunks/01vs_next_dist_compiled_react-dom_068f94d._.js:2804
[     171ms] [TIMESTAMP] Field @ http://localhost:3100/_next/static/chunks/01vs_next_dist_compiled_react-dom_068f94d._.js:2804
[     171ms] [TIMESTAMP] Label @ http://localhost:3100/_next/static/chunks/01vs_next_dist_compiled_react-dom_068f94d._.js:2804
[     171ms] [TIMESTAMP] Input @ http://localhost:3100/_next/static/chunks/01vs_next_dist_compiled_react-dom_068f94d._.js:2804
[     171ms] [TIMESTAMP] Input @ http://localhost:3100/_next/static/chunks/01vs_next_dist_compiled_react-dom_068f94d._.js:2804
[     172ms] [TIMESTAMP] FieldControl @ http://localhost:3100/_next/static/chunks/01vs_next_dist_compiled_react-dom_068f94d._.js:2804
[     172ms] [TIMESTAMP] Field @ http://localhost:3100/_next/static/chunks/01vs_next_dist_compiled_react-dom_068f94d._.js:2804
[     172ms] [TIMESTAMP] Label @ http://localhost:3100/_next/static/chunks/01vs_next_dist_compiled_react-dom_068f94d._.js:2804
[     172ms] [TIMESTAMP] Input @ http://localhost:3100/_next/static/chunks/01vs_next_dist_compiled_react-dom_068f94d._.js:2804
[     172ms] [TIMESTAMP] Input @ http://localhost:3100/_next/static/chunks/01vs_next_dist_compiled_react-dom_068f94d._.js:2804
[     172ms] [TIMESTAMP] FieldControl @ http://localhost:3100/_next/static/chunks/01vs_next_dist_compiled_react-dom_068f94d._.js:2804
[     172ms] [TIMESTAMP] FormSection @ http://localhost:3100/_next/static/chunks/01vs_next_dist_compiled_react-dom_068f94d._.js:2804
[     172ms] [TIMESTAMP] ColorField @ http://localhost:3100/_next/static/chunks/01vs_next_dist_compiled_react-dom_068f94d._.js:2804
[     172ms] [TIMESTAMP] Field @ http://localhost:3100/_next/static/chunks/01vs_next_dist_compiled_react-dom_068f94d._.js:2804
[     172ms] [TIMESTAMP] Label @ http://localhost:3100/_next/static/chunks/01vs_next_dist_compiled_react-dom_068f94d._.js:2804
[     172ms] [TIMESTAMP] Input @ http://localhost:3100/_next/static/chunks/01vs_next_dist_compiled_react-dom_068f94d._.js:2804
[     172ms] [TIMESTAMP] Input @ http://localhost:3100/_next/static/chunks/01vs_next_dist_compiled_react-dom_068f94d._.js:2804
[     172ms] [TIMESTAMP] FieldControl @ http://localhost:3100/_next/static/chunks/01vs_next_dist_compiled_react-dom_068f94d._.js:2804
[     172ms] [TIMESTAMP] Input @ http://localhost:3100/_next/static/chunks/01vs_next_dist_compiled_react-dom_068f94d._.js:2804
[     172ms] [TIMESTAMP] Input @ http://localhost:3100/_next/static/chunks/01vs_next_dist_compiled_react-dom_068f94d._.js:2804
[     172ms] [TIMESTAMP] FieldControl @ http://localhost:3100/_next/static/chunks/01vs_next_dist_compiled_react-dom_068f94d._.js:2804
[     172ms] [TIMESTAMP] ColorField @ http://localhost:3100/_next/static/chunks/01vs_next_dist_compiled_react-dom_068f94d._.js:2804
[     172ms] [TIMESTAMP] Field @ http://localhost:3100/_next/static/chunks/01vs_next_dist_compiled_react-dom_068f94d._.js:2804
[     172ms] [TIMESTAMP] Label @ http://localhost:3100/_next/static/chunks/01vs_next_dist_compiled_react-dom_068f94d._.js:2804
[     172ms] [TIMESTAMP] Input @ http://localhost:3100/_next/static/chunks/01vs_next_dist_compiled_react-dom_068f94d._.js:2804
[     172ms] [TIMESTAMP] Input @ http://localhost:3100/_next/static/chunks/01vs_next_dist_compiled_react-dom_068f94d._.js:2804
[     172ms] [TIMESTAMP] FieldControl @ http://localhost:3100/_next/static/chunks/01vs_next_dist_compiled_react-dom_068f94d._.js:2804
[     172ms] [TIMESTAMP] Input @ http://localhost:3100/_next/static/chunks/01vs_next_dist_compiled_react-dom_068f94d._.js:2804
[     172ms] [TIMESTAMP] Input @ http://localhost:3100/_next/static/chunks/01vs_next_dist_compiled_react-dom_068f94d._.js:2804
[     172ms] [TIMESTAMP] FieldControl @ http://localhost:3100/_next/static/chunks/01vs_next_dist_compiled_react-dom_068f94d._.js:2804
[     172ms] [TIMESTAMP] FormSection @ http://localhost:3100/_next/static/chunks/01vs_next_dist_compiled_react-dom_068f94d._.js:2804
[     172ms] [TIMESTAMP] Input @ http://localhost:3100/_next/static/chunks/01vs_next_dist_compiled_react-dom_068f94d._.js:2804
[     172ms] [TIMESTAMP] Input @ http://localhost:3100/_next/static/chunks/01vs_next_dist_compiled_react-dom_068f94d._.js:2804
[     172ms] [TIMESTAMP] FieldControl @ http://localhost:3100/_next/static/chunks/01vs_next_dist_compiled_react-dom_068f94d._.js:2804
[     172ms] [TIMESTAMP] Button @ http://localhost:3100/_next/static/chunks/01vs_next_dist_compiled_react-dom_068f94d._.js:2804
[     172ms] [TIMESTAMP] Button @ http://localhost:3100/_next/static/chunks/01vs_next_dist_compiled_react-dom_068f94d._.js:2804
[     172ms] [TIMESTAMP] X @ http://localhost:3100/_next/static/chunks/01vs_next_dist_compiled_react-dom_068f94d._.js:2804
[     172ms] [TIMESTAMP] ForwardRef @ http://localhost:3100/_next/static/chunks/01vs_next_dist_compiled_react-dom_068f94d._.js:2804
[     172ms] [TIMESTAMP] Input @ http://localhost:3100/_next/static/chunks/01vs_next_dist_compiled_react-dom_068f94d._.js:2804
[     172ms] [TIMESTAMP] Input @ http://localhost:3100/_next/static/chunks/01vs_next_dist_compiled_react-dom_068f94d._.js:2804
[     172ms] [TIMESTAMP] FieldControl @ http://localhost:3100/_next/static/chunks/01vs_next_dist_compiled_react-dom_068f94d._.js:2804
[     172ms] [TIMESTAMP] Button @ http://localhost:3100/_next/static/chunks/01vs_next_dist_compiled_react-dom_068f94d._.js:2804
[     172ms] [TIMESTAMP] Button @ http://localhost:3100/_next/static/chunks/01vs_next_dist_compiled_react-dom_068f94d._.js:2804
[     172ms] [TIMESTAMP] Input @ http://localhost:3100/_next/static/chunks/01vs_next_dist_compiled_react-dom_068f94d._.js:2804
[     172ms] [TIMESTAMP] Input @ http://localhost:3100/_next/static/chunks/01vs_next_dist_compiled_react-dom_068f94d._.js:2804
[     173ms] [TIMESTAMP] FieldControl @ http://localhost:3100/_next/static/chunks/01vs_next_dist_compiled_react-dom_068f94d._.js:2804
[     173ms] [TIMESTAMP] Button @ http://localhost:3100/_next/static/chunks/01vs_next_dist_compiled_react-dom_068f94d._.js:2804
[     173ms] [TIMESTAMP] Button @ http://localhost:3100/_next/static/chunks/01vs_next_dist_compiled_react-dom_068f94d._.js:2804
[     173ms] [TIMESTAMP] Input @ http://localhost:3100/_next/static/chunks/01vs_next_dist_compiled_react-dom_068f94d._.js:2804
[     173ms] [TIMESTAMP] Input @ http://localhost:3100/_next/static/chunks/01vs_next_dist_compiled_react-dom_068f94d._.js:2804
[     173ms] [TIMESTAMP] FieldControl @ http://localhost:3100/_next/static/chunks/01vs_next_dist_compiled_react-dom_068f94d._.js:2804
[     173ms] [TIMESTAMP] Button @ http://localhost:3100/_next/static/chunks/01vs_next_dist_compiled_react-dom_068f94d._.js:2804
[     173ms] [TIMESTAMP] Button @ http://localhost:3100/_next/static/chunks/01vs_next_dist_compiled_react-dom_068f94d._.js:2804
[     173ms] [TIMESTAMP] Input @ http://localhost:3100/_next/static/chunks/01vs_next_dist_compiled_react-dom_068f94d._.js:2804
[     173ms] [TIMESTAMP] Input @ http://localhost:3100/_next/static/chunks/01vs_next_dist_compiled_react-dom_068f94d._.js:2804
[     173ms] [TIMESTAMP] FieldControl @ http://localhost:3100/_next/static/chunks/01vs_next_dist_compiled_react-dom_068f94d._.js:2804
[     173ms] [TIMESTAMP] Button @ http://localhost:3100/_next/static/chunks/01vs_next_dist_compiled_react-dom_068f94d._.js:2804
[     173ms] [TIMESTAMP] Button @ http://localhost:3100/_next/static/chunks/01vs_next_dist_compiled_react-dom_068f94d._.js:2804
[     173ms] [TIMESTAMP] Input @ http://localhost:3100/_next/static/chunks/01vs_next_dist_compiled_react-dom_068f94d._.js:2804
[     173ms] [TIMESTAMP] Input @ http://localhost:3100/_next/static/chunks/01vs_next_dist_compiled_react-dom_068f94d._.js:2804
[     173ms] [TIMESTAMP] FieldControl @ http://localhost:3100/_next/static/chunks/01vs_next_dist_compiled_react-dom_068f94d._.js:2804
[     173ms] [TIMESTAMP] Button @ http://localhost:3100/_next/static/chunks/01vs_next_dist_compiled_react-dom_068f94d._.js:2804
[     173ms] [TIMESTAMP] Button @ http://localhost:3100/_next/static/chunks/01vs_next_dist_compiled_react-dom_068f94d._.js:2804
[     173ms] [TIMESTAMP] __next_outlet_boundary__ @ http://localhost:3100/_next/static/chunks/01vs_next_dist_compiled_react-dom_068f94d._.js:2804
[     173ms] [TIMESTAMP] SegmentViewStateNode @ http://localhost:3100/_next/static/chunks/01vs_next_dist_compiled_react-dom_068f94d._.js:2804
[     173ms] [TIMESTAMP] AppRouterAnnouncer @ http://localhost:3100/_next/static/chunks/01vs_next_dist_compiled_react-dom_068f94d._.js:2804
[     173ms] [TIMESTAMP] AppRouterAnnouncer @ http://localhost:3100/_next/static/chunks/01vs_next_dist_compiled_react-dom_068f94d._.js:2874
[     173ms] [TIMESTAMP] Remaining Effects @ http://localhost:3100/_next/static/chunks/01vs_next_dist_compiled_react-dom_068f94d._.js:10005
[     173ms] [TIMESTAMP] Blocking Track @ http://localhost:3100/_next/static/chunks/01vs_next_dist_compiled_react-dom_068f94d._.js:9246
[     173ms] [TIMESTAMP] Transition Track @ http://localhost:3100/_next/static/chunks/01vs_next_dist_compiled_react-dom_068f94d._.js:9246
[     174ms] [TIMESTAMP] Suspense Track @ http://localhost:3100/_next/static/chunks/01vs_next_dist_compiled_react-dom_068f94d._.js:9246
[     174ms] [TIMESTAMP] Idle Track @ http://localhost:3100/_next/static/chunks/01vs_next_dist_compiled_react-dom_068f94d._.js:9246
[     174ms] [WARNING] [JavaScript Warning: "A resource is blocked by OpaqueResponseBlocking, please check browser console for details." {file: "https://cdn.ing/assets/i/r/310039/yrgur9wrjxnxi94v6vugw9jdm9o8/logo-primary.png" line: 0}] @ https://cdn.ing/assets/i/r/310039/yrgur9wrjxnxi94v6vugw9jdm9o8/logo-primary.png:0
[     174ms] [WARNING] [JavaScript Warning: "A resource is blocked by OpaqueResponseBlocking, please check browser console for details." {file: "https://cdn.ing/assets/i/r/310037/s24yovwiz6h0ycyllztb7nvwlsv3/thumb.jpg" line: 0}] @ https://cdn.ing/assets/i/r/310037/s24yovwiz6h0ycyllztb7nvwlsv3/thumb.jpg:0
[     216ms] [TIMESTAMP] Blocking Track @ http://localhost:3100/_next/static/chunks/01vs_next_dist_compiled_react-dom_068f94d._.js:9246
[     216ms] [TIMESTAMP] Transition Track @ http://localhost:3100/_next/static/chunks/01vs_next_dist_compiled_react-dom_068f94d._.js:9246
[     216ms] [TIMESTAMP] Suspense Track @ http://localhost:3100/_next/static/chunks/01vs_next_dist_compiled_react-dom_068f94d._.js:9246
[     216ms] [TIMESTAMP] Idle Track @ http://localhost:3100/_next/static/chunks/01vs_next_dist_compiled_react-dom_068f94d._.js:9246
[     217ms] [TIMESTAMP] Render @ http://localhost:3100/_next/static/chunks/01vs_next_dist_compiled_react-dom_068f94d._.js:9696
[     217ms] [TIMESTAMP] Blocking Track @ http://localhost:3100/_next/static/chunks/01vs_next_dist_compiled_react-dom_068f94d._.js:9246
[     218ms] [TIMESTAMP] Transition Track @ http://localhost:3100/_next/static/chunks/01vs_next_dist_compiled_react-dom_068f94d._.js:9246
[     218ms] [TIMESTAMP] Suspense Track @ http://localhost:3100/_next/static/chunks/01vs_next_dist_compiled_react-dom_068f94d._.js:9246
[     218ms] [TIMESTAMP] Idle Track @ http://localhost:3100/_next/static/chunks/01vs_next_dist_compiled_react-dom_068f94d._.js:9246
[     218ms] [TIMESTAMP] Prepared @ http://localhost:3100/_next/static/chunks/01vs_next_dist_compiled_react-dom_068f94d._.js:9696
[     218ms] [TIMESTAMP] IconMark @ http://localhost:3100/_next/static/chunks/01vs_next_dist_compiled_react-dom_068f94d._.js:2804
[     241ms] [TIMESTAMP] Server Requests Track @ http://localhost:3100/_next/static/chunks/01vs_next_dist_compiled_react-server-dom-turbopack_0kj3bu0._.js:710
[     241ms] [TIMESTAMP] Server Components Track @ http://localhost:3100/_next/static/chunks/01vs_next_dist_compiled_react-server-dom-turbopack_0kj3bu0._.js:710
[     241ms] [TIMESTAMP] ​Preloads @ http://localhost:3100/_next/static/chunks/01vs_next_dist_compiled_react-server-dom-turbopack_0kj3bu0._.js:2219
[     241ms] [TIMESTAMP] ​HTTPAccessErrorFallback @ http://localhost:3100/_next/static/chunks/01vs_next_dist_compiled_react-server-dom-turbopack_0kj3bu0._.js:2219
[     241ms] [TIMESTAMP] ​NotFound @ http://localhost:3100/_next/static/chunks/01vs_next_dist_compiled_react-server-dom-turbopack_0kj3bu0._.js:2219
[     241ms] [TIMESTAMP] ​RootLayout @ http://localhost:3100/_next/static/chunks/01vs_next_dist_compiled_react-server-dom-turbopack_0kj3bu0._.js:2219
[     241ms] [TIMESTAMP] ​Next.MetadataOutlet @ http://localhost:3100/_next/static/chunks/01vs_next_dist_compiled_react-server-dom-turbopack_0kj3bu0._.js:2219
[     241ms] [TIMESTAMP] ​NonIndex @ http://localhost:3100/_next/static/chunks/01vs_next_dist_compiled_react-server-dom-turbopack_0kj3bu0._.js:2219
[     241ms] [TIMESTAMP] ​Next.Viewport @ http://localhost:3100/_next/static/chunks/01vs_next_dist_compiled_react-server-dom-turbopack_0kj3bu0._.js:2219
[     241ms] [TIMESTAMP] ​ViewportWrapper @ http://localhost:3100/_next/static/chunks/01vs_next_dist_compiled_react-server-dom-turbopack_0kj3bu0._.js:2219
[     241ms] [TIMESTAMP] ​Next.Metadata @ http://localhost:3100/_next/static/chunks/01vs_next_dist_compiled_react-server-dom-turbopack_0kj3bu0._.js:2219
[     241ms] [TIMESTAMP] ​MetadataWrapper @ http://localhost:3100/_next/static/chunks/01vs_next_dist_compiled_react-server-dom-turbopack_0kj3bu0._.js:2219
[    6026ms] [TIMESTAMP] Blocking Track @ http://localhost:3100/_next/static/chunks/01vs_next_dist_compiled_react-dom_068f94d._.js:9246
[    6026ms] [TIMESTAMP] Transition Track @ http://localhost:3100/_next/static/chunks/01vs_next_dist_compiled_react-dom_068f94d._.js:9246
[    6026ms] [TIMESTAMP] Suspense Track @ http://localhost:3100/_next/static/chunks/01vs_next_dist_compiled_react-dom_068f94d._.js:9246
[    6026ms] [TIMESTAMP] Idle Track @ http://localhost:3100/_next/static/chunks/01vs_next_dist_compiled_react-dom_068f94d._.js:9246
[    6036ms] [TIMESTAMP] Render @ http://localhost:3100/_next/static/chunks/01vs_next_dist_compiled_react-dom_068f94d._.js:9696
[    6039ms] [TIMESTAMP] Commit @ http://localhost:3100/_next/static/chunks/01vs_next_dist_compiled_react-dom_068f94d._.js:2915
[    6039ms] [TIMESTAMP] Page @ http://localhost:3100/_next/static/chunks/01vs_next_dist_compiled_react-dom_068f94d._.js:2804
[    6039ms] [TIMESTAMP] Mail @ http://localhost:3100/_next/static/chunks/01vs_next_dist_compiled_react-dom_068f94d._.js:2804
[    6039ms] [TIMESTAMP] ForwardRef @ http://localhost:3100/_next/static/chunks/01vs_next_dist_compiled_react-dom_068f94d._.js:2804
[    6039ms] [TIMESTAMP] TemplateSelector @ http://localhost:3100/_next/static/chunks/01vs_next_dist_compiled_react-dom_068f94d._.js:2804
[    6039ms] [TIMESTAMP] Label @ http://localhost:3100/_next/static/chunks/01vs_next_dist_compiled_react-dom_068f94d._.js:2804
[    6039ms] [TIMESTAMP] Label @ http://localhost:3100/_next/static/chunks/01vs_next_dist_compiled_react-dom_068f94d._.js:2804
[    6039ms] [TIMESTAMP] Label @ http://localhost:3100/_next/static/chunks/01vs_next_dist_compiled_react-dom_068f94d._.js:2804
[    6039ms] [TIMESTAMP] Label @ http://localhost:3100/_next/static/chunks/01vs_next_dist_compiled_react-dom_068f94d._.js:2804
[    6039ms] [TIMESTAMP] X @ http://localhost:3100/_next/static/chunks/01vs_next_dist_compiled_react-dom_068f94d._.js:2804
[    6040ms] [TIMESTAMP] ForwardRef @ http://localhost:3100/_next/static/chunks/01vs_next_dist_compiled_react-dom_068f94d._.js:2804
[    6040ms] [TIMESTAMP] Remaining Effects @ http://localhost:3100/_next/static/chunks/01vs_next_dist_compiled_react-dom_068f94d._.js:10005
[    6040ms] [TIMESTAMP] Blocking Track @ http://localhost:3100/_next/static/chunks/01vs_next_dist_compiled_react-dom_068f94d._.js:9246
[    6040ms] [TIMESTAMP] Transition Track @ http://localhost:3100/_next/static/chunks/01vs_next_dist_compiled_react-dom_068f94d._.js:9246
[    6040ms] [TIMESTAMP] Suspense Track @ http://localhost:3100/_next/static/chunks/01vs_next_dist_compiled_react-dom_068f94d._.js:9246
[    6040ms] [TIMESTAMP] Idle Track @ http://localhost:3100/_next/static/chunks/01vs_next_dist_compiled_react-dom_068f94d._.js:9246
[    6049ms] [TIMESTAMP] Render @ http://localhost:3100/_next/static/chunks/01vs_next_dist_compiled_react-dom_068f94d._.js:9696
[    6050ms] [TIMESTAMP] Commit @ http://localhost:3100/_next/static/chunks/01vs_next_dist_compiled_react-dom_068f94d._.js:2915
[    6050ms] [TIMESTAMP] Page @ http://localhost:3100/_next/static/chunks/01vs_next_dist_compiled_react-dom_068f94d._.js:2804
[    6050ms] [TIMESTAMP] Mail @ http://localhost:3100/_next/static/chunks/01vs_next_dist_compiled_react-dom_068f94d._.js:2804
[    6050ms] [TIMESTAMP] ForwardRef @ http://localhost:3100/_next/static/chunks/01vs_next_dist_compiled_react-dom_068f94d._.js:2804
[    6050ms] [TIMESTAMP] SignatureForm @ http://localhost:3100/_next/static/chunks/01vs_next_dist_compiled_react-dom_068f94d._.js:2804
[    6050ms] [TIMESTAMP] Label @ http://localhost:3100/_next/static/chunks/01vs_next_dist_compiled_react-dom_068f94d._.js:2804
[    6051ms] [TIMESTAMP] Label @ http://localhost:3100/_next/static/chunks/01vs_next_dist_compiled_react-dom_068f94d._.js:2804
[    6051ms] [TIMESTAMP] Label @ http://localhost:3100/_next/static/chunks/01vs_next_dist_compiled_react-dom_068f94d._.js:2804
[    6061ms] [WARNING] [JavaScript Warning: "A resource is blocked by OpaqueResponseBlocking, please check browser console for details." {file: "https://cdn.ing/assets/i/r/310039/yrgur9wrjxnxi94v6vugw9jdm9o8/logo-primary.png" line: 0}] @ https://cdn.ing/assets/i/r/310039/yrgur9wrjxnxi94v6vugw9jdm9o8/logo-primary.png:0
[   10151ms] [WARNING] [JavaScript Warning: "The resource at “http://localhost:3100/_next/static/media/797e433ab948586e-s.p.09zddjkbdep5a.woff2” preloaded with link preload was not used within a few seconds. Make sure all attributes of the preload tag are set correctly." {file: "http://localhost:3100/" line: 0}] @ http://localhost:3100/:0
[   10151ms] [WARNING] [JavaScript Warning: "The resource at “http://localhost:3100/_next/static/media/caa3a2e1cccd8315-s.p.09~u27dqhyhd6.woff2” preloaded with link preload was not used within a few seconds. Make sure all attributes of the preload tag are set correctly." {file: "http://localhost:3100/" line: 0}] @ http://localhost:3100/:0
[   16444ms] [TIMESTAMP] Blocking Track @ http://localhost:3100/_next/static/chunks/01vs_next_dist_compiled_react-dom_068f94d._.js:9246
[   16444ms] [TIMESTAMP] Transition Track @ http://localhost:3100/_next/static/chunks/01vs_next_dist_compiled_react-dom_068f94d._.js:9246
[   16446ms] [TIMESTAMP] Suspense Track @ http://localhost:3100/_next/static/chunks/01vs_next_dist_compiled_react-dom_068f94d._.js:9246
[   16446ms] [TIMESTAMP] Idle Track @ http://localhost:3100/_next/static/chunks/01vs_next_dist_compiled_react-dom_068f94d._.js:9246
[   16446ms] [TIMESTAMP] Event: click @ http://localhost:3100/_next/static/chunks/01vs_next_dist_compiled_react-dom_068f94d._.js:9281
[   16465ms] [TIMESTAMP] Render @ http://localhost:3100/_next/static/chunks/01vs_next_dist_compiled_react-dom_068f94d._.js:9696
[   16471ms] [TIMESTAMP] Commit @ http://localhost:3100/_next/static/chunks/01vs_next_dist_compiled_react-dom_068f94d._.js:2915
[   16471ms] [TIMESTAMP] Waiting @ http://localhost:3100/_next/static/chunks/01vs_next_dist_compiled_react-dom_068f94d._.js:9989
[   16471ms] [TIMESTAMP] Page @ http://localhost:3100/_next/static/chunks/01vs_next_dist_compiled_react-dom_068f94d._.js:2804
[   16471ms] [TIMESTAMP] Mail @ http://localhost:3100/_next/static/chunks/01vs_next_dist_compiled_react-dom_068f94d._.js:2804
[   16471ms] [TIMESTAMP] ForwardRef @ http://localhost:3100/_next/static/chunks/01vs_next_dist_compiled_react-dom_068f94d._.js:2804
[   16471ms] [TIMESTAMP] SignatureForm @ http://localhost:3100/_next/static/chunks/01vs_next_dist_compiled_react-dom_068f94d._.js:2804
[   16471ms] [TIMESTAMP] Label @ http://localhost:3100/_next/static/chunks/01vs_next_dist_compiled_react-dom_068f94d._.js:2804
[   16472ms] [TIMESTAMP] Label @ http://localhost:3100/_next/static/chunks/01vs_next_dist_compiled_react-dom_068f94d._.js:2804
[   16472ms] [TIMESTAMP] Label @ http://localhost:3100/_next/static/chunks/01vs_next_dist_compiled_react-dom_068f94d._.js:2804
[   16472ms] [TIMESTAMP] X @ http://localhost:3100/_next/static/chunks/01vs_next_dist_compiled_react-dom_068f94d._.js:2804
[   16472ms] [TIMESTAMP] ForwardRef @ http://localhost:3100/_next/static/chunks/01vs_next_dist_compiled_react-dom_068f94d._.js:2804
[   16484ms] [WARNING] [JavaScript Warning: "A resource is blocked by OpaqueResponseBlocking, please check browser console for details." {file: "https://cdn.ing/assets/i/r/310039/yrgur9wrjxnxi94v6vugw9jdm9o8/logo-primary.png" line: 0}] @ https://cdn.ing/assets/i/r/310039/yrgur9wrjxnxi94v6vugw9jdm9o8/logo-primary.png:0
[   32025ms] [TIMESTAMP] Blocking Track @ http://localhost:3100/_next/static/chunks/01vs_next_dist_compiled_react-dom_068f94d._.js:9246
[   32025ms] [TIMESTAMP] Transition Track @ http://localhost:3100/_next/static/chunks/01vs_next_dist_compiled_react-dom_068f94d._.js:9246
[   32025ms] [TIMESTAMP] Suspense Track @ http://localhost:3100/_next/static/chunks/01vs_next_dist_compiled_react-dom_068f94d._.js:9246
[   32025ms] [TIMESTAMP] Idle Track @ http://localhost:3100/_next/static/chunks/01vs_next_dist_compiled_react-dom_068f94d._.js:9246
[   32034ms] [TIMESTAMP] Render @ http://localhost:3100/_next/static/chunks/01vs_next_dist_compiled_react-dom_068f94d._.js:9696
[   32036ms] [TIMESTAMP] Commit @ http://localhost:3100/_next/static/chunks/01vs_next_dist_compiled_react-dom_068f94d._.js:2915
[   32036ms] [TIMESTAMP] Page @ http://localhost:3100/_next/static/chunks/01vs_next_dist_compiled_react-dom_068f94d._.js:2804
[   32036ms] [TIMESTAMP] Mail @ http://localhost:3100/_next/static/chunks/01vs_next_dist_compiled_react-dom_068f94d._.js:2804
[   32037ms] [TIMESTAMP] ForwardRef @ http://localhost:3100/_next/static/chunks/01vs_next_dist_compiled_react-dom_068f94d._.js:2804
[   32037ms] [TIMESTAMP] SignatureForm @ http://localhost:3100/_next/static/chunks/01vs_next_dist_compiled_react-dom_068f94d._.js:2804
[   32037ms] [TIMESTAMP] Label @ http://localhost:3100/_next/static/chunks/01vs_next_dist_compiled_react-dom_068f94d._.js:2804
[   32037ms] [TIMESTAMP] Label @ http://localhost:3100/_next/static/chunks/01vs_next_dist_compiled_react-dom_068f94d._.js:2804
[   32037ms] [TIMESTAMP] Label @ http://localhost:3100/_next/static/chunks/01vs_next_dist_compiled_react-dom_068f94d._.js:2804
[   32037ms] [TIMESTAMP] X @ http://localhost:3100/_next/static/chunks/01vs_next_dist_compiled_react-dom_068f94d._.js:2804
[   32037ms] [TIMESTAMP] ForwardRef @ http://localhost:3100/_next/static/chunks/01vs_next_dist_compiled_react-dom_068f94d._.js:2804
[   32037ms] [TIMESTAMP] Remaining Effects @ http://localhost:3100/_next/static/chunks/01vs_next_dist_compiled_react-dom_068f94d._.js:10005
[   32048ms] [WARNING] [JavaScript Warning: "A resource is blocked by OpaqueResponseBlocking, please check browser console for details." {file: "https://cdn.ing/assets/i/r/310039/yrgur9wrjxnxi94v6vugw9jdm9o8/logo-primary.png" line: 0}] @ https://cdn.ing/assets/i/r/310039/yrgur9wrjxnxi94v6vugw9jdm9o8/logo-primary.png:0
[   60899ms] [ERROR] [JavaScript Error: "Firefox can’t establish a connection to the server at ws://localhost:3100/_next/webpack-hmr?id=stdoVj8p9bphlxXY_F2ci." {file: "http://localhost:3100/_next/static/chunks/01vs_next_dist_client_10-2.sc._.js" line: 13323}] @ http://localhost:3100/_next/static/chunks/01vs_next_dist_client_10-2.sc._.js:13323
[   61922ms] [ERROR] [JavaScript Error: "Firefox can’t establish a connection to the server at ws://localhost:3100/_next/webpack-hmr?id=stdoVj8p9bphlxXY_F2ci." {file: "http://localhost:3100/_next/static/chunks/01vs_next_dist_client_10-2.sc._.js" line: 13323}] @ http://localhost:3100/_next/static/chunks/01vs_next_dist_client_10-2.sc._.js:13323
[   62967ms] [ERROR] [JavaScript Error: "Firefox can’t establish a connection to the server at ws://localhost:3100/_next/webpack-hmr?id=stdoVj8p9bphlxXY_F2ci." {file: "http://localhost:3100/_next/static/chunks/01vs_next_dist_client_10-2.sc._.js" line: 13323}] @ http://localhost:3100/_next/static/chunks/01vs_next_dist_client_10-2.sc._.js:13323
[   64168ms] [ERROR] [JavaScript Error: "Firefox can’t establish a connection to the server at ws://localhost:3100/_next/webpack-hmr?id=stdoVj8p9bphlxXY_F2ci." {file: "http://localhost:3100/_next/static/chunks/01vs_next_dist_client_10-2.sc._.js" line: 13323}] @ http://localhost:3100/_next/static/chunks/01vs_next_dist_client_10-2.sc._.js:13323
[   65961ms] [ERROR] [JavaScript Error: "Firefox can’t establish a connection to the server at ws://localhost:3100/_next/webpack-hmr?id=stdoVj8p9bphlxXY_F2ci." {file: "http://localhost:3100/_next/static/chunks/01vs_next_dist_client_10-2.sc._.js" line: 13323}] @ http://localhost:3100/_next/static/chunks/01vs_next_dist_client_10-2.sc._.js:13323
[   70968ms] [ERROR] [JavaScript Error: "Firefox can’t establish a connection to the server at ws://localhost:3100/_next/webpack-hmr?id=stdoVj8p9bphlxXY_F2ci." {file: "http://localhost:3100/_next/static/chunks/01vs_next_dist_client_10-2.sc._.js" line: 13323}] @ http://localhost:3100/_next/static/chunks/01vs_next_dist_client_10-2.sc._.js:13323
[   76371ms] [ERROR] [JavaScript Error: "Firefox can’t establish a connection to the server at ws://localhost:3100/_next/webpack-hmr?id=stdoVj8p9bphlxXY_F2ci." {file: "http://localhost:3100/_next/static/chunks/01vs_next_dist_client_10-2.sc._.js" line: 13323}] @ http://localhost:3100/_next/static/chunks/01vs_next_dist_client_10-2.sc._.js:13323
[   82418ms] [ERROR] [JavaScript Error: "Firefox can’t establish a connection to the server at ws://localhost:3100/_next/webpack-hmr?id=stdoVj8p9bphlxXY_F2ci." {file: "http://localhost:3100/_next/static/chunks/01vs_next_dist_client_10-2.sc._.js" line: 13323}] @ http://localhost:3100/_next/static/chunks/01vs_next_dist_client_10-2.sc._.js:13323
[   91498ms] [ERROR] [JavaScript Error: "Firefox can’t establish a connection to the server at ws://localhost:3100/_next/webpack-hmr?id=stdoVj8p9bphlxXY_F2ci." {file: "http://localhost:3100/_next/static/chunks/01vs_next_dist_client_10-2.sc._.js" line: 13323}] @ http://localhost:3100/_next/static/chunks/01vs_next_dist_client_10-2.sc._.js:13323
[  105587ms] [ERROR] [JavaScript Error: "Firefox can’t establish a connection to the server at ws://localhost:3100/_next/webpack-hmr?id=stdoVj8p9bphlxXY_F2ci." {file: "http://localhost:3100/_next/static/chunks/01vs_next_dist_client_10-2.sc._.js" line: 13323}] @ http://localhost:3100/_next/static/chunks/01vs_next_dist_client_10-2.sc._.js:13323
[  125991ms] [ERROR] [JavaScript Error: "Firefox can’t establish a connection to the server at ws://localhost:3100/_next/webpack-hmr?id=stdoVj8p9bphlxXY_F2ci." {file: "http://localhost:3100/_next/static/chunks/01vs_next_dist_client_10-2.sc._.js" line: 13323}] @ http://localhost:3100/_next/static/chunks/01vs_next_dist_client_10-2.sc._.js:13323
[  157041ms] [ERROR] [JavaScript Error: "Firefox can’t establish a connection to the server at ws://localhost:3100/_next/webpack-hmr?id=stdoVj8p9bphlxXY_F2ci." {file: "http://localhost:3100/_next/static/chunks/01vs_next_dist_client_10-2.sc._.js" line: 13323}] @ http://localhost:3100/_next/static/chunks/01vs_next_dist_client_10-2.sc._.js:13323
