[     453ms] [INFO] Download the React DevTools for a better development experience: https://react.dev/link/react-devtools @ http://localhost:3100/_next/static/chunks/01vs_next_dist_0z7rf41._.js:2477
[     455ms] [TIMESTAMP] Server Requests Track @ http://localhost:3100/_next/static/chunks/01vs_next_dist_compiled_react-server-dom-turbopack_0kj3bu0._.js:710
[     455ms] [TIMESTAMP] Server Components Track @ http://localhost:3100/_next/static/chunks/01vs_next_dist_compiled_react-server-dom-turbopack_0kj3bu0._.js:710
[     468ms] [LOG] [HMR] connected @ http://localhost:3100/_next/static/chunks/01vs_next_dist_0z7rf41._.js:2477
[     472ms] [TIMESTAMP] Blocking Track @ http://localhost:3100/_next/static/chunks/01vs_next_dist_compiled_react-dom_068f94d._.js:9246
[     472ms] [TIMESTAMP] Transition Track @ http://localhost:3100/_next/static/chunks/01vs_next_dist_compiled_react-dom_068f94d._.js:9246
[     472ms] [TIMESTAMP] Suspense Track @ http://localhost:3100/_next/static/chunks/01vs_next_dist_compiled_react-dom_068f94d._.js:9246
[     472ms] [TIMESTAMP] Idle Track @ http://localhost:3100/_next/static/chunks/01vs_next_dist_compiled_react-dom_068f94d._.js:9246
[     483ms] [WARNING] [JavaScript Warning: "A resource is blocked by OpaqueResponseBlocking, please check browser console for details." {file: "https://cdn.ing/assets/i/r/310039/yrgur9wrjxnxi94v6vugw9jdm9o8/logo-primary.png" line: 0}] @ https://cdn.ing/assets/i/r/310039/yrgur9wrjxnxi94v6vugw9jdm9o8/logo-primary.png:0
[     483ms] [WARNING] [JavaScript Warning: "A resource is blocked by OpaqueResponseBlocking, please check browser console for details." {file: "https://cdn.ing/assets/i/r/310037/s24yovwiz6h0ycyllztb7nvwlsv3/thumb.jpg" line: 0}] @ https://cdn.ing/assets/i/r/310037/s24yovwiz6h0ycyllztb7nvwlsv3/thumb.jpg:0
[     493ms] [TIMESTAMP] Blocked @ http://localhost:3100/_next/static/chunks/01vs_next_dist_compiled_react-dom_068f94d._.js:9057
[     508ms] [TIMESTAMP] Blocked @ http://localhost:3100/_next/static/chunks/01vs_next_dist_compiled_react-dom_068f94d._.js:9057
[     516ms] [WARNING] [JavaScript Warning: "A resource is blocked by OpaqueResponseBlocking, please check browser console for details." {file: "https://cdn.ing/assets/i/r/310039/yrgur9wrjxnxi94v6vugw9jdm9o8/logo-primary.png" line: 0}] @ https://cdn.ing/assets/i/r/310039/yrgur9wrjxnxi94v6vugw9jdm9o8/logo-primary.png:0
[     516ms] [WARNING] [JavaScript Warning: "A resource is blocked by OpaqueResponseBlocking, please check browser console for details." {file: "https://cdn.ing/assets/i/r/310037/s24yovwiz6h0ycyllztb7nvwlsv3/thumb.jpg" line: 0}] @ https://cdn.ing/assets/i/r/310037/s24yovwiz6h0ycyllztb7nvwlsv3/thumb.jpg:0
[     560ms] [TIMESTAMP] Blocked @ http://localhost:3100/_next/static/chunks/01vs_next_dist_compiled_react-dom_068f94d._.js:9057
[     562ms] [TIMESTAMP] Hydrated @ http://localhost:3100/_next/static/chunks/01vs_next_dist_compiled_react-dom_068f94d._.js:9696
[     564ms] [TIMESTAMP] Commit @ http://localhost:3100/_next/static/chunks/01vs_next_dist_compiled_react-dom_068f94d._.js:2915
[     566ms] [TIMESTAMP] Waiting for Paint @ http://localhost:3100/_next/static/chunks/01vs_next_dist_compiled_react-dom_068f94d._.js:9989
[     566ms] [TIMESTAMP] Root @ http://localhost:3100/_next/static/chunks/01vs_next_dist_compiled_react-dom_068f94d._.js:2804
[     566ms] [TIMESTAMP] ServerRoot @ http://localhost:3100/_next/static/chunks/01vs_next_dist_compiled_react-dom_068f94d._.js:2804
[     566ms] [TIMESTAMP] AppRouter @ http://localhost:3100/_next/static/chunks/01vs_next_dist_compiled_react-dom_068f94d._.js:2804
[     566ms] [TIMESTAMP] RootErrorBoundary @ http://localhost:3100/_next/static/chunks/01vs_next_dist_compiled_react-dom_068f94d._.js:2804
[     566ms] [TIMESTAMP] ErrorBoundary @ http://localhost:3100/_next/static/chunks/01vs_next_dist_compiled_react-dom_068f94d._.js:2804
[     566ms] [TIMESTAMP] ErrorBoundaryHandler @ http://localhost:3100/_next/static/chunks/01vs_next_dist_compiled_react-dom_068f94d._.js:2804
[     566ms] [TIMESTAMP] Router @ http://localhost:3100/_next/static/chunks/01vs_next_dist_compiled_react-dom_068f94d._.js:2804
[     567ms] [TIMESTAMP] HistoryUpdater @ http://localhost:3100/_next/static/chunks/01vs_next_dist_compiled_react-dom_068f94d._.js:2804
[     567ms] [TIMESTAMP] HotReload @ http://localhost:3100/_next/static/chunks/01vs_next_dist_compiled_react-dom_068f94d._.js:2804
[     567ms] [TIMESTAMP] AppDevOverlayErrorBoundary @ http://localhost:3100/_next/static/chunks/01vs_next_dist_compiled_react-dom_068f94d._.js:2804
[     567ms] [TIMESTAMP] ReplaySsrOnlyErrors @ http://localhost:3100/_next/static/chunks/01vs_next_dist_compiled_react-dom_068f94d._.js:2804
[     567ms] [TIMESTAMP] DevRootHTTPAccessFallbackBoundary @ http://localhost:3100/_next/static/chunks/01vs_next_dist_compiled_react-dom_068f94d._.js:2804
[     567ms] [TIMESTAMP] HTTPAccessFallbackBoundary @ http://localhost:3100/_next/static/chunks/01vs_next_dist_compiled_react-dom_068f94d._.js:2804
[     567ms] [TIMESTAMP] HTTPAccessFallbackErrorBoundary @ http://localhost:3100/_next/static/chunks/01vs_next_dist_compiled_react-dom_068f94d._.js:2804
[     567ms] [TIMESTAMP] RedirectBoundary @ http://localhost:3100/_next/static/chunks/01vs_next_dist_compiled_react-dom_068f94d._.js:2804
[     567ms] [TIMESTAMP] RedirectErrorBoundary @ http://localhost:3100/_next/static/chunks/01vs_next_dist_compiled_react-dom_068f94d._.js:2804
[     567ms] [TIMESTAMP] Head @ http://localhost:3100/_next/static/chunks/01vs_next_dist_compiled_react-dom_068f94d._.js:2804
[     567ms] [TIMESTAMP] __next_viewport_boundary__ @ http://localhost:3100/_next/static/chunks/01vs_next_dist_compiled_react-dom_068f94d._.js:2804
[     567ms] [TIMESTAMP] __next_metadata_boundary__ @ http://localhost:3100/_next/static/chunks/01vs_next_dist_compiled_react-dom_068f94d._.js:2804
[     567ms] [TIMESTAMP] __next_root_layout_boundary__ @ http://localhost:3100/_next/static/chunks/01vs_next_dist_compiled_react-dom_068f94d._.js:2804
[     567ms] [TIMESTAMP] SegmentViewNode @ http://localhost:3100/_next/static/chunks/01vs_next_dist_compiled_react-dom_068f94d._.js:2804
[     567ms] [TIMESTAMP] SegmentTrieNode @ http://localhost:3100/_next/static/chunks/01vs_next_dist_compiled_react-dom_068f94d._.js:2804
[     567ms] [TIMESTAMP] OuterLayoutRouter @ http://localhost:3100/_next/static/chunks/01vs_next_dist_compiled_react-dom_068f94d._.js:2804
[     567ms] [TIMESTAMP] SegmentStateProvider @ http://localhost:3100/_next/static/chunks/01vs_next_dist_compiled_react-dom_068f94d._.js:2804
[     567ms] [TIMESTAMP] RenderFromTemplateContext @ http://localhost:3100/_next/static/chunks/01vs_next_dist_compiled_react-dom_068f94d._.js:2804
[     567ms] [TIMESTAMP] ScrollAndMaybeFocusHandler @ http://localhost:3100/_next/static/chunks/01vs_next_dist_compiled_react-dom_068f94d._.js:2804
[     567ms] [TIMESTAMP] InnerScrollAndFocusHandlerOld @ http://localhost:3100/_next/static/chunks/01vs_next_dist_compiled_react-dom_068f94d._.js:2804
[     567ms] [TIMESTAMP] ErrorBoundary @ http://localhost:3100/_next/static/chunks/01vs_next_dist_compiled_react-dom_068f94d._.js:2804
[     567ms] [TIMESTAMP] LoadingBoundary @ http://localhost:3100/_next/static/chunks/01vs_next_dist_compiled_react-dom_068f94d._.js:2804
[     567ms] [TIMESTAMP] HTTPAccessFallbackBoundary @ http://localhost:3100/_next/static/chunks/01vs_next_dist_compiled_react-dom_068f94d._.js:2804
[     567ms] [TIMESTAMP] HTTPAccessFallbackErrorBoundary @ http://localhost:3100/_next/static/chunks/01vs_next_dist_compiled_react-dom_068f94d._.js:2804
[     567ms] [TIMESTAMP] RedirectBoundary @ http://localhost:3100/_next/static/chunks/01vs_next_dist_compiled_react-dom_068f94d._.js:2804
[     567ms] [TIMESTAMP] RedirectErrorBoundary @ http://localhost:3100/_next/static/chunks/01vs_next_dist_compiled_react-dom_068f94d._.js:2804
[     567ms] [TIMESTAMP] InnerLayoutRouter @ http://localhost:3100/_next/static/chunks/01vs_next_dist_compiled_react-dom_068f94d._.js:2804
[     567ms] [TIMESTAMP] SegmentViewNode @ http://localhost:3100/_next/static/chunks/01vs_next_dist_compiled_react-dom_068f94d._.js:2804
[     567ms] [TIMESTAMP] SegmentTrieNode @ http://localhost:3100/_next/static/chunks/01vs_next_dist_compiled_react-dom_068f94d._.js:2804
[     567ms] [TIMESTAMP] ClientPageRoot @ http://localhost:3100/_next/static/chunks/01vs_next_dist_compiled_react-dom_068f94d._.js:2804
[     567ms] [TIMESTAMP] Page @ http://localhost:3100/_next/static/chunks/01vs_next_dist_compiled_react-dom_068f94d._.js:2804
[     567ms] [TIMESTAMP] Mail @ http://localhost:3100/_next/static/chunks/01vs_next_dist_compiled_react-dom_068f94d._.js:2804
[     568ms] [TIMESTAMP] ForwardRef @ http://localhost:3100/_next/static/chunks/01vs_next_dist_compiled_react-dom_068f94d._.js:2804
[     568ms] [TIMESTAMP] CircleCheck @ http://localhost:3100/_next/static/chunks/01vs_next_dist_compiled_react-dom_068f94d._.js:2804
[     568ms] [TIMESTAMP] ForwardRef @ http://localhost:3100/_next/static/chunks/01vs_next_dist_compiled_react-dom_068f94d._.js:2804
[     568ms] [TIMESTAMP] Button @ http://localhost:3100/_next/static/chunks/01vs_next_dist_compiled_react-dom_068f94d._.js:2804
[     568ms] [TIMESTAMP] Button @ http://localhost:3100/_next/static/chunks/01vs_next_dist_compiled_react-dom_068f94d._.js:2804
[     568ms] [TIMESTAMP] SignaturePreview @ http://localhost:3100/_next/static/chunks/01vs_next_dist_compiled_react-dom_068f94d._.js:2804
[     568ms] [TIMESTAMP] TemplateSelector @ http://localhost:3100/_next/static/chunks/01vs_next_dist_compiled_react-dom_068f94d._.js:2804
[     569ms] [TIMESTAMP] SignatureForm @ http://localhost:3100/_next/static/chunks/01vs_next_dist_compiled_react-dom_068f94d._.js:2804
[     569ms] [TIMESTAMP] FormSection @ http://localhost:3100/_next/static/chunks/01vs_next_dist_compiled_react-dom_068f94d._.js:2804
[     569ms] [TIMESTAMP] Field @ http://localhost:3100/_next/static/chunks/01vs_next_dist_compiled_react-dom_068f94d._.js:2804
[     569ms] [TIMESTAMP] Label @ http://localhost:3100/_next/static/chunks/01vs_next_dist_compiled_react-dom_068f94d._.js:2804
[     569ms] [TIMESTAMP] Input @ http://localhost:3100/_next/static/chunks/01vs_next_dist_compiled_react-dom_068f94d._.js:2804
[     569ms] [TIMESTAMP] Input @ http://localhost:3100/_next/static/chunks/01vs_next_dist_compiled_react-dom_068f94d._.js:2804
[     569ms] [TIMESTAMP] FieldControl @ http://localhost:3100/_next/static/chunks/01vs_next_dist_compiled_react-dom_068f94d._.js:2804
[     569ms] [TIMESTAMP] Field @ http://localhost:3100/_next/static/chunks/01vs_next_dist_compiled_react-dom_068f94d._.js:2804
[     569ms] [TIMESTAMP] Label @ http://localhost:3100/_next/static/chunks/01vs_next_dist_compiled_react-dom_068f94d._.js:2804
[     569ms] [TIMESTAMP] Input @ http://localhost:3100/_next/static/chunks/01vs_next_dist_compiled_react-dom_068f94d._.js:2804
[     569ms] [TIMESTAMP] Input @ http://localhost:3100/_next/static/chunks/01vs_next_dist_compiled_react-dom_068f94d._.js:2804
[     569ms] [TIMESTAMP] FieldControl @ http://localhost:3100/_next/static/chunks/01vs_next_dist_compiled_react-dom_068f94d._.js:2804
[     569ms] [TIMESTAMP] Field @ http://localhost:3100/_next/static/chunks/01vs_next_dist_compiled_react-dom_068f94d._.js:2804
[     569ms] [TIMESTAMP] Label @ http://localhost:3100/_next/static/chunks/01vs_next_dist_compiled_react-dom_068f94d._.js:2804
[     569ms] [TIMESTAMP] Input @ http://localhost:3100/_next/static/chunks/01vs_next_dist_compiled_react-dom_068f94d._.js:2804
[     569ms] [TIMESTAMP] Input @ http://localhost:3100/_next/static/chunks/01vs_next_dist_compiled_react-dom_068f94d._.js:2804
[     569ms] [TIMESTAMP] FieldControl @ http://localhost:3100/_next/static/chunks/01vs_next_dist_compiled_react-dom_068f94d._.js:2804
[     569ms] [TIMESTAMP] Field @ http://localhost:3100/_next/static/chunks/01vs_next_dist_compiled_react-dom_068f94d._.js:2804
[     569ms] [TIMESTAMP] Label @ http://localhost:3100/_next/static/chunks/01vs_next_dist_compiled_react-dom_068f94d._.js:2804
[     569ms] [TIMESTAMP] Input @ http://localhost:3100/_next/static/chunks/01vs_next_dist_compiled_react-dom_068f94d._.js:2804
[     569ms] [TIMESTAMP] Input @ http://localhost:3100/_next/static/chunks/01vs_next_dist_compiled_react-dom_068f94d._.js:2804
[     569ms] [TIMESTAMP] FieldControl @ http://localhost:3100/_next/static/chunks/01vs_next_dist_compiled_react-dom_068f94d._.js:2804
[     569ms] [TIMESTAMP] FormSection @ http://localhost:3100/_next/static/chunks/01vs_next_dist_compiled_react-dom_068f94d._.js:2804
[     569ms] [TIMESTAMP] Field @ http://localhost:3100/_next/static/chunks/01vs_next_dist_compiled_react-dom_068f94d._.js:2804
[     569ms] [TIMESTAMP] Label @ http://localhost:3100/_next/static/chunks/01vs_next_dist_compiled_react-dom_068f94d._.js:2804
[     569ms] [TIMESTAMP] Input @ http://localhost:3100/_next/static/chunks/01vs_next_dist_compiled_react-dom_068f94d._.js:2804
[     569ms] [TIMESTAMP] Input @ http://localhost:3100/_next/static/chunks/01vs_next_dist_compiled_react-dom_068f94d._.js:2804
[     569ms] [TIMESTAMP] FieldControl @ http://localhost:3100/_next/static/chunks/01vs_next_dist_compiled_react-dom_068f94d._.js:2804
[     569ms] [TIMESTAMP] Field @ http://localhost:3100/_next/static/chunks/01vs_next_dist_compiled_react-dom_068f94d._.js:2804
[     569ms] [TIMESTAMP] Label @ http://localhost:3100/_next/static/chunks/01vs_next_dist_compiled_react-dom_068f94d._.js:2804
[     569ms] [TIMESTAMP] Input @ http://localhost:3100/_next/static/chunks/01vs_next_dist_compiled_react-dom_068f94d._.js:2804
[     569ms] [TIMESTAMP] Input @ http://localhost:3100/_next/static/chunks/01vs_next_dist_compiled_react-dom_068f94d._.js:2804
[     569ms] [TIMESTAMP] FieldControl @ http://localhost:3100/_next/static/chunks/01vs_next_dist_compiled_react-dom_068f94d._.js:2804
[     569ms] [TIMESTAMP] FormSection @ http://localhost:3100/_next/static/chunks/01vs_next_dist_compiled_react-dom_068f94d._.js:2804
[     569ms] [TIMESTAMP] Field @ http://localhost:3100/_next/static/chunks/01vs_next_dist_compiled_react-dom_068f94d._.js:2804
[     570ms] [TIMESTAMP] Label @ http://localhost:3100/_next/static/chunks/01vs_next_dist_compiled_react-dom_068f94d._.js:2804
[     570ms] [TIMESTAMP] Input @ http://localhost:3100/_next/static/chunks/01vs_next_dist_compiled_react-dom_068f94d._.js:2804
[     570ms] [TIMESTAMP] Input @ http://localhost:3100/_next/static/chunks/01vs_next_dist_compiled_react-dom_068f94d._.js:2804
[     570ms] [TIMESTAMP] FieldControl @ http://localhost:3100/_next/static/chunks/01vs_next_dist_compiled_react-dom_068f94d._.js:2804
[     570ms] [TIMESTAMP] Field @ http://localhost:3100/_next/static/chunks/01vs_next_dist_compiled_react-dom_068f94d._.js:2804
[     570ms] [TIMESTAMP] Label @ http://localhost:3100/_next/static/chunks/01vs_next_dist_compiled_react-dom_068f94d._.js:2804
[     570ms] [TIMESTAMP] Input @ http://localhost:3100/_next/static/chunks/01vs_next_dist_compiled_react-dom_068f94d._.js:2804
[     570ms] [TIMESTAMP] Input @ http://localhost:3100/_next/static/chunks/01vs_next_dist_compiled_react-dom_068f94d._.js:2804
[     570ms] [TIMESTAMP] FieldControl @ http://localhost:3100/_next/static/chunks/01vs_next_dist_compiled_react-dom_068f94d._.js:2804
[     570ms] [TIMESTAMP] Field @ http://localhost:3100/_next/static/chunks/01vs_next_dist_compiled_react-dom_068f94d._.js:2804
[     570ms] [TIMESTAMP] Label @ http://localhost:3100/_next/static/chunks/01vs_next_dist_compiled_react-dom_068f94d._.js:2804
[     570ms] [TIMESTAMP] Input @ http://localhost:3100/_next/static/chunks/01vs_next_dist_compiled_react-dom_068f94d._.js:2804
[     570ms] [TIMESTAMP] Input @ http://localhost:3100/_next/static/chunks/01vs_next_dist_compiled_react-dom_068f94d._.js:2804
[     570ms] [TIMESTAMP] FieldControl @ http://localhost:3100/_next/static/chunks/01vs_next_dist_compiled_react-dom_068f94d._.js:2804
[     570ms] [TIMESTAMP] Field @ http://localhost:3100/_next/static/chunks/01vs_next_dist_compiled_react-dom_068f94d._.js:2804
[     570ms] [TIMESTAMP] Label @ http://localhost:3100/_next/static/chunks/01vs_next_dist_compiled_react-dom_068f94d._.js:2804
[     570ms] [TIMESTAMP] Input @ http://localhost:3100/_next/static/chunks/01vs_next_dist_compiled_react-dom_068f94d._.js:2804
[     570ms] [TIMESTAMP] Input @ http://localhost:3100/_next/static/chunks/01vs_next_dist_compiled_react-dom_068f94d._.js:2804
[     570ms] [TIMESTAMP] FieldControl @ http://localhost:3100/_next/static/chunks/01vs_next_dist_compiled_react-dom_068f94d._.js:2804
[     570ms] [TIMESTAMP] FormSection @ http://localhost:3100/_next/static/chunks/01vs_next_dist_compiled_react-dom_068f94d._.js:2804
[     570ms] [TIMESTAMP] ColorField @ http://localhost:3100/_next/static/chunks/01vs_next_dist_compiled_react-dom_068f94d._.js:2804
[     570ms] [TIMESTAMP] Field @ http://localhost:3100/_next/static/chunks/01vs_next_dist_compiled_react-dom_068f94d._.js:2804
[     570ms] [TIMESTAMP] Label @ http://localhost:3100/_next/static/chunks/01vs_next_dist_compiled_react-dom_068f94d._.js:2804
[     570ms] [TIMESTAMP] Input @ http://localhost:3100/_next/static/chunks/01vs_next_dist_compiled_react-dom_068f94d._.js:2804
[     570ms] [TIMESTAMP] Input @ http://localhost:3100/_next/static/chunks/01vs_next_dist_compiled_react-dom_068f94d._.js:2804
[     570ms] [TIMESTAMP] FieldControl @ http://localhost:3100/_next/static/chunks/01vs_next_dist_compiled_react-dom_068f94d._.js:2804
[     570ms] [TIMESTAMP] Input @ http://localhost:3100/_next/static/chunks/01vs_next_dist_compiled_react-dom_068f94d._.js:2804
[     570ms] [TIMESTAMP] Input @ http://localhost:3100/_next/static/chunks/01vs_next_dist_compiled_react-dom_068f94d._.js:2804
[     570ms] [TIMESTAMP] FieldControl @ http://localhost:3100/_next/static/chunks/01vs_next_dist_compiled_react-dom_068f94d._.js:2804
[     570ms] [TIMESTAMP] ColorField @ http://localhost:3100/_next/static/chunks/01vs_next_dist_compiled_react-dom_068f94d._.js:2804
[     570ms] [TIMESTAMP] Field @ http://localhost:3100/_next/static/chunks/01vs_next_dist_compiled_react-dom_068f94d._.js:2804
[     570ms] [TIMESTAMP] Label @ http://localhost:3100/_next/static/chunks/01vs_next_dist_compiled_react-dom_068f94d._.js:2804
[     570ms] [TIMESTAMP] Input @ http://localhost:3100/_next/static/chunks/01vs_next_dist_compiled_react-dom_068f94d._.js:2804
[     570ms] [TIMESTAMP] Input @ http://localhost:3100/_next/static/chunks/01vs_next_dist_compiled_react-dom_068f94d._.js:2804
[     570ms] [TIMESTAMP] FieldControl @ http://localhost:3100/_next/static/chunks/01vs_next_dist_compiled_react-dom_068f94d._.js:2804
[     570ms] [TIMESTAMP] Input @ http://localhost:3100/_next/static/chunks/01vs_next_dist_compiled_react-dom_068f94d._.js:2804
[     570ms] [TIMESTAMP] Input @ http://localhost:3100/_next/static/chunks/01vs_next_dist_compiled_react-dom_068f94d._.js:2804
[     570ms] [TIMESTAMP] FieldControl @ http://localhost:3100/_next/static/chunks/01vs_next_dist_compiled_react-dom_068f94d._.js:2804
[     570ms] [TIMESTAMP] FormSection @ http://localhost:3100/_next/static/chunks/01vs_next_dist_compiled_react-dom_068f94d._.js:2804
[     570ms] [TIMESTAMP] Input @ http://localhost:3100/_next/static/chunks/01vs_next_dist_compiled_react-dom_068f94d._.js:2804
[     570ms] [TIMESTAMP] Input @ http://localhost:3100/_next/static/chunks/01vs_next_dist_compiled_react-dom_068f94d._.js:2804
[     570ms] [TIMESTAMP] FieldControl @ http://localhost:3100/_next/static/chunks/01vs_next_dist_compiled_react-dom_068f94d._.js:2804
[     570ms] [TIMESTAMP] Button @ http://localhost:3100/_next/static/chunks/01vs_next_dist_compiled_react-dom_068f94d._.js:2804
[     570ms] [TIMESTAMP] Button @ http://localhost:3100/_next/static/chunks/01vs_next_dist_compiled_react-dom_068f94d._.js:2804
[     570ms] [TIMESTAMP] Input @ http://localhost:3100/_next/static/chunks/01vs_next_dist_compiled_react-dom_068f94d._.js:2804
[     570ms] [TIMESTAMP] Input @ http://localhost:3100/_next/static/chunks/01vs_next_dist_compiled_react-dom_068f94d._.js:2804
[     570ms] [TIMESTAMP] FieldControl @ http://localhost:3100/_next/static/chunks/01vs_next_dist_compiled_react-dom_068f94d._.js:2804
[     570ms] [TIMESTAMP] Button @ http://localhost:3100/_next/static/chunks/01vs_next_dist_compiled_react-dom_068f94d._.js:2804
[     571ms] [TIMESTAMP] Button @ http://localhost:3100/_next/static/chunks/01vs_next_dist_compiled_react-dom_068f94d._.js:2804
[     571ms] [TIMESTAMP] X @ http://localhost:3100/_next/static/chunks/01vs_next_dist_compiled_react-dom_068f94d._.js:2804
[     571ms] [TIMESTAMP] ForwardRef @ http://localhost:3100/_next/static/chunks/01vs_next_dist_compiled_react-dom_068f94d._.js:2804
[     571ms] [TIMESTAMP] Input @ http://localhost:3100/_next/static/chunks/01vs_next_dist_compiled_react-dom_068f94d._.js:2804
[     571ms] [TIMESTAMP] Input @ http://localhost:3100/_next/static/chunks/01vs_next_dist_compiled_react-dom_068f94d._.js:2804
[     571ms] [TIMESTAMP] FieldControl @ http://localhost:3100/_next/static/chunks/01vs_next_dist_compiled_react-dom_068f94d._.js:2804
[     571ms] [TIMESTAMP] Button @ http://localhost:3100/_next/static/chunks/01vs_next_dist_compiled_react-dom_068f94d._.js:2804
[     571ms] [TIMESTAMP] Button @ http://localhost:3100/_next/static/chunks/01vs_next_dist_compiled_react-dom_068f94d._.js:2804
[     571ms] [TIMESTAMP] Input @ http://localhost:3100/_next/static/chunks/01vs_next_dist_compiled_react-dom_068f94d._.js:2804
[     571ms] [TIMESTAMP] Input @ http://localhost:3100/_next/static/chunks/01vs_next_dist_compiled_react-dom_068f94d._.js:2804
[     571ms] [TIMESTAMP] FieldControl @ http://localhost:3100/_next/static/chunks/01vs_next_dist_compiled_react-dom_068f94d._.js:2804
[     571ms] [TIMESTAMP] Button @ http://localhost:3100/_next/static/chunks/01vs_next_dist_compiled_react-dom_068f94d._.js:2804
[     571ms] [TIMESTAMP] Button @ http://localhost:3100/_next/static/chunks/01vs_next_dist_compiled_react-dom_068f94d._.js:2804
[     571ms] [TIMESTAMP] Input @ http://localhost:3100/_next/static/chunks/01vs_next_dist_compiled_react-dom_068f94d._.js:2804
[     571ms] [TIMESTAMP] Input @ http://localhost:3100/_next/static/chunks/01vs_next_dist_compiled_react-dom_068f94d._.js:2804
[     571ms] [TIMESTAMP] FieldControl @ http://localhost:3100/_next/static/chunks/01vs_next_dist_compiled_react-dom_068f94d._.js:2804
[     571ms] [TIMESTAMP] Button @ http://localhost:3100/_next/static/chunks/01vs_next_dist_compiled_react-dom_068f94d._.js:2804
[     571ms] [TIMESTAMP] Button @ http://localhost:3100/_next/static/chunks/01vs_next_dist_compiled_react-dom_068f94d._.js:2804
[     571ms] [TIMESTAMP] Input @ http://localhost:3100/_next/static/chunks/01vs_next_dist_compiled_react-dom_068f94d._.js:2804
[     571ms] [TIMESTAMP] Input @ http://localhost:3100/_next/static/chunks/01vs_next_dist_compiled_react-dom_068f94d._.js:2804
[     571ms] [TIMESTAMP] FieldControl @ http://localhost:3100/_next/static/chunks/01vs_next_dist_compiled_react-dom_068f94d._.js:2804
[     571ms] [TIMESTAMP] Button @ http://localhost:3100/_next/static/chunks/01vs_next_dist_compiled_react-dom_068f94d._.js:2804
[     571ms] [TIMESTAMP] Button @ http://localhost:3100/_next/static/chunks/01vs_next_dist_compiled_react-dom_068f94d._.js:2804
[     571ms] [TIMESTAMP] __next_outlet_boundary__ @ http://localhost:3100/_next/static/chunks/01vs_next_dist_compiled_react-dom_068f94d._.js:2804
[     571ms] [TIMESTAMP] SegmentViewStateNode @ http://localhost:3100/_next/static/chunks/01vs_next_dist_compiled_react-dom_068f94d._.js:2804
[     572ms] [TIMESTAMP] AppRouterAnnouncer @ http://localhost:3100/_next/static/chunks/01vs_next_dist_compiled_react-dom_068f94d._.js:2804
[     572ms] [TIMESTAMP] AppRouterAnnouncer @ http://localhost:3100/_next/static/chunks/01vs_next_dist_compiled_react-dom_068f94d._.js:2874
[     572ms] [TIMESTAMP] Remaining Effects @ http://localhost:3100/_next/static/chunks/01vs_next_dist_compiled_react-dom_068f94d._.js:10005
[     573ms] [TIMESTAMP] Server Requests Track @ http://localhost:3100/_next/static/chunks/01vs_next_dist_compiled_react-server-dom-turbopack_0kj3bu0._.js:710
[     573ms] [TIMESTAMP] Server Components Track @ http://localhost:3100/_next/static/chunks/01vs_next_dist_compiled_react-server-dom-turbopack_0kj3bu0._.js:710
[     573ms] [TIMESTAMP] ​Preloads @ http://localhost:3100/_next/static/chunks/01vs_next_dist_compiled_react-server-dom-turbopack_0kj3bu0._.js:2219
[     573ms] [TIMESTAMP] ​HTTPAccessErrorFallback @ http://localhost:3100/_next/static/chunks/01vs_next_dist_compiled_react-server-dom-turbopack_0kj3bu0._.js:2219
[     573ms] [TIMESTAMP] ​NotFound @ http://localhost:3100/_next/static/chunks/01vs_next_dist_compiled_react-server-dom-turbopack_0kj3bu0._.js:2219
[     573ms] [TIMESTAMP] ​RootLayout @ http://localhost:3100/_next/static/chunks/01vs_next_dist_compiled_react-server-dom-turbopack_0kj3bu0._.js:2219
[     573ms] [TIMESTAMP] ​Next.MetadataOutlet @ http://localhost:3100/_next/static/chunks/01vs_next_dist_compiled_react-server-dom-turbopack_0kj3bu0._.js:2219
[     573ms] [TIMESTAMP] ​NonIndex @ http://localhost:3100/_next/static/chunks/01vs_next_dist_compiled_react-server-dom-turbopack_0kj3bu0._.js:2219
[     573ms] [TIMESTAMP] ​Next.Viewport @ http://localhost:3100/_next/static/chunks/01vs_next_dist_compiled_react-server-dom-turbopack_0kj3bu0._.js:2219
[     573ms] [TIMESTAMP] ​ViewportWrapper @ http://localhost:3100/_next/static/chunks/01vs_next_dist_compiled_react-server-dom-turbopack_0kj3bu0._.js:2219
[     573ms] [TIMESTAMP] ​Next.Metadata @ http://localhost:3100/_next/static/chunks/01vs_next_dist_compiled_react-server-dom-turbopack_0kj3bu0._.js:2219
[     573ms] [TIMESTAMP] ​MetadataWrapper @ http://localhost:3100/_next/static/chunks/01vs_next_dist_compiled_react-server-dom-turbopack_0kj3bu0._.js:2219
[     573ms] [TIMESTAMP] Blocking Track @ http://localhost:3100/_next/static/chunks/01vs_next_dist_compiled_react-dom_068f94d._.js:9246
[     573ms] [TIMESTAMP] Transition Track @ http://localhost:3100/_next/static/chunks/01vs_next_dist_compiled_react-dom_068f94d._.js:9246
[     574ms] [TIMESTAMP] Suspense Track @ http://localhost:3100/_next/static/chunks/01vs_next_dist_compiled_react-dom_068f94d._.js:9246
[     574ms] [TIMESTAMP] Idle Track @ http://localhost:3100/_next/static/chunks/01vs_next_dist_compiled_react-dom_068f94d._.js:9246
[     574ms] [TIMESTAMP] Render @ http://localhost:3100/_next/static/chunks/01vs_next_dist_compiled_react-dom_068f94d._.js:9696
[     574ms] [TIMESTAMP] AppRouterAnnouncer @ http://localhost:3100/_next/static/chunks/01vs_next_dist_compiled_react-dom_068f94d._.js:2804
[     574ms] [TIMESTAMP] Blocking Track @ http://localhost:3100/_next/static/chunks/01vs_next_dist_compiled_react-dom_068f94d._.js:9246
[     574ms] [TIMESTAMP] Transition Track @ http://localhost:3100/_next/static/chunks/01vs_next_dist_compiled_react-dom_068f94d._.js:9246
[     574ms] [TIMESTAMP] Suspense Track @ http://localhost:3100/_next/static/chunks/01vs_next_dist_compiled_react-dom_068f94d._.js:9246
[     575ms] [TIMESTAMP] Idle Track @ http://localhost:3100/_next/static/chunks/01vs_next_dist_compiled_react-dom_068f94d._.js:9246
[     575ms] [TIMESTAMP] Render @ http://localhost:3100/_next/static/chunks/01vs_next_dist_compiled_react-dom_068f94d._.js:9696
[     575ms] [TIMESTAMP] Blocking Track @ http://localhost:3100/_next/static/chunks/01vs_next_dist_compiled_react-dom_068f94d._.js:9246
[     576ms] [TIMESTAMP] Transition Track @ http://localhost:3100/_next/static/chunks/01vs_next_dist_compiled_react-dom_068f94d._.js:9246
[     576ms] [TIMESTAMP] Suspense Track @ http://localhost:3100/_next/static/chunks/01vs_next_dist_compiled_react-dom_068f94d._.js:9246
[     576ms] [TIMESTAMP] Idle Track @ http://localhost:3100/_next/static/chunks/01vs_next_dist_compiled_react-dom_068f94d._.js:9246
[     576ms] [TIMESTAMP] Prepared @ http://localhost:3100/_next/static/chunks/01vs_next_dist_compiled_react-dom_068f94d._.js:9696
[     576ms] [TIMESTAMP] IconMark @ http://localhost:3100/_next/static/chunks/01vs_next_dist_compiled_react-dom_068f94d._.js:2804
[   10790ms] [WARNING] [JavaScript Warning: "The resource at “http://localhost:3100/_next/static/media/797e433ab948586e-s.p.09zddjkbdep5a.woff2” preloaded with link preload was not used within a few seconds. Make sure all attributes of the preload tag are set correctly." {file: "http://localhost:3100/" line: 0}] @ http://localhost:3100/:0
[   10791ms] [WARNING] [JavaScript Warning: "The resource at “http://localhost:3100/_next/static/media/caa3a2e1cccd8315-s.p.09~u27dqhyhd6.woff2” preloaded with link preload was not used within a few seconds. Make sure all attributes of the preload tag are set correctly." {file: "http://localhost:3100/" line: 0}] @ http://localhost:3100/:0
[   64129ms] [TIMESTAMP] Blocking Track @ http://localhost:3100/_next/static/chunks/01vs_next_dist_compiled_react-dom_068f94d._.js:9246
[   64129ms] [TIMESTAMP] Transition Track @ http://localhost:3100/_next/static/chunks/01vs_next_dist_compiled_react-dom_068f94d._.js:9246
[   64129ms] [TIMESTAMP] Suspense Track @ http://localhost:3100/_next/static/chunks/01vs_next_dist_compiled_react-dom_068f94d._.js:9246
[   64129ms] [TIMESTAMP] Idle Track @ http://localhost:3100/_next/static/chunks/01vs_next_dist_compiled_react-dom_068f94d._.js:9246
[   64129ms] [TIMESTAMP] Event: click @ http://localhost:3100/_next/static/chunks/01vs_next_dist_compiled_react-dom_068f94d._.js:9281
[   64141ms] [TIMESTAMP] Render @ http://localhost:3100/_next/static/chunks/01vs_next_dist_compiled_react-dom_068f94d._.js:9696
[   64145ms] [TIMESTAMP] Commit @ http://localhost:3100/_next/static/chunks/01vs_next_dist_compiled_react-dom_068f94d._.js:2915
[   64145ms] [TIMESTAMP] Page @ http://localhost:3100/_next/static/chunks/01vs_next_dist_compiled_react-dom_068f94d._.js:2804
[   64145ms] [TIMESTAMP] Mail @ http://localhost:3100/_next/static/chunks/01vs_next_dist_compiled_react-dom_068f94d._.js:2804
[   64145ms] [TIMESTAMP] ForwardRef @ http://localhost:3100/_next/static/chunks/01vs_next_dist_compiled_react-dom_068f94d._.js:2804
[   64145ms] [TIMESTAMP] Code @ http://localhost:3100/_next/static/chunks/01vs_next_dist_compiled_react-dom_068f94d._.js:2804
[   64145ms] [TIMESTAMP] ForwardRef @ http://localhost:3100/_next/static/chunks/01vs_next_dist_compiled_react-dom_068f94d._.js:2804
[   64146ms] [TIMESTAMP] SignatureForm @ http://localhost:3100/_next/static/chunks/01vs_next_dist_compiled_react-dom_068f94d._.js:2804
[   64146ms] [TIMESTAMP] Label @ http://localhost:3100/_next/static/chunks/01vs_next_dist_compiled_react-dom_068f94d._.js:2804
[   64146ms] [TIMESTAMP] Label @ http://localhost:3100/_next/static/chunks/01vs_next_dist_compiled_react-dom_068f94d._.js:2804
[   64146ms] [TIMESTAMP] Label @ http://localhost:3100/_next/static/chunks/01vs_next_dist_compiled_react-dom_068f94d._.js:2804
[   64146ms] [TIMESTAMP] X @ http://localhost:3100/_next/static/chunks/01vs_next_dist_compiled_react-dom_068f94d._.js:2804
[   64146ms] [TIMESTAMP] ForwardRef @ http://localhost:3100/_next/static/chunks/01vs_next_dist_compiled_react-dom_068f94d._.js:2804
[   64146ms] [TIMESTAMP] Remaining Effects @ http://localhost:3100/_next/static/chunks/01vs_next_dist_compiled_react-dom_068f94d._.js:10005
[   64182ms] [WARNING] [JavaScript Warning: "A resource is blocked by OpaqueResponseBlocking, please check browser console for details." {file: "https://cdn.ing/assets/i/r/310037/s24yovwiz6h0ycyllztb7nvwlsv3/thumb.jpg" line: 0}] @ https://cdn.ing/assets/i/r/310037/s24yovwiz6h0ycyllztb7nvwlsv3/thumb.jpg:0
[   64182ms] [WARNING] [JavaScript Warning: "A resource is blocked by OpaqueResponseBlocking, please check browser console for details." {file: "https://cdn.ing/assets/i/r/310039/yrgur9wrjxnxi94v6vugw9jdm9o8/logo-primary.png" line: 0}] @ https://cdn.ing/assets/i/r/310039/yrgur9wrjxnxi94v6vugw9jdm9o8/logo-primary.png:0
[   81350ms] [TIMESTAMP] Blocking Track @ http://localhost:3100/_next/static/chunks/01vs_next_dist_compiled_react-dom_068f94d._.js:9246
[   81350ms] [TIMESTAMP] Transition Track @ http://localhost:3100/_next/static/chunks/01vs_next_dist_compiled_react-dom_068f94d._.js:9246
[   81350ms] [TIMESTAMP] Suspense Track @ http://localhost:3100/_next/static/chunks/01vs_next_dist_compiled_react-dom_068f94d._.js:9246
[   81350ms] [TIMESTAMP] Idle Track @ http://localhost:3100/_next/static/chunks/01vs_next_dist_compiled_react-dom_068f94d._.js:9246
[   81350ms] [TIMESTAMP] Event: click @ http://localhost:3100/_next/static/chunks/01vs_next_dist_compiled_react-dom_068f94d._.js:9281
[   81360ms] [TIMESTAMP] Render @ http://localhost:3100/_next/static/chunks/01vs_next_dist_compiled_react-dom_068f94d._.js:9696
[   81364ms] [TIMESTAMP] Commit @ http://localhost:3100/_next/static/chunks/01vs_next_dist_compiled_react-dom_068f94d._.js:2915
[   81364ms] [TIMESTAMP] Page @ http://localhost:3100/_next/static/chunks/01vs_next_dist_compiled_react-dom_068f94d._.js:2804
[   81364ms] [TIMESTAMP] Mail @ http://localhost:3100/_next/static/chunks/01vs_next_dist_compiled_react-dom_068f94d._.js:2804
[   81364ms] [TIMESTAMP] ForwardRef @ http://localhost:3100/_next/static/chunks/01vs_next_dist_compiled_react-dom_068f94d._.js:2804
[   81365ms] [TIMESTAMP] SignatureForm @ http://localhost:3100/_next/static/chunks/01vs_next_dist_compiled_react-dom_068f94d._.js:2804
[   81365ms] [TIMESTAMP] Label @ http://localhost:3100/_next/static/chunks/01vs_next_dist_compiled_react-dom_068f94d._.js:2804
[   81365ms] [TIMESTAMP] Label @ http://localhost:3100/_next/static/chunks/01vs_next_dist_compiled_react-dom_068f94d._.js:2804
[   81365ms] [TIMESTAMP] Label @ http://localhost:3100/_next/static/chunks/01vs_next_dist_compiled_react-dom_068f94d._.js:2804
[   81365ms] [TIMESTAMP] Remaining Effects @ http://localhost:3100/_next/static/chunks/01vs_next_dist_compiled_react-dom_068f94d._.js:10005
[   81379ms] [WARNING] [JavaScript Warning: "A resource is blocked by OpaqueResponseBlocking, please check browser console for details." {file: "https://cdn.ing/assets/i/r/310039/yrgur9wrjxnxi94v6vugw9jdm9o8/logo-primary.png" line: 0}] @ https://cdn.ing/assets/i/r/310039/yrgur9wrjxnxi94v6vugw9jdm9o8/logo-primary.png:0
[   81381ms] [WARNING] [JavaScript Warning: "A resource is blocked by OpaqueResponseBlocking, please check browser console for details." {file: "https://cdn.ing/assets/i/r/310037/s24yovwiz6h0ycyllztb7nvwlsv3/thumb.jpg" line: 0}] @ https://cdn.ing/assets/i/r/310037/s24yovwiz6h0ycyllztb7nvwlsv3/thumb.jpg:0
[   94214ms] [TIMESTAMP] Blocking Track @ http://localhost:3100/_next/static/chunks/01vs_next_dist_compiled_react-dom_068f94d._.js:9246
[   94214ms] [TIMESTAMP] Transition Track @ http://localhost:3100/_next/static/chunks/01vs_next_dist_compiled_react-dom_068f94d._.js:9246
[   94214ms] [TIMESTAMP] Suspense Track @ http://localhost:3100/_next/static/chunks/01vs_next_dist_compiled_react-dom_068f94d._.js:9246
[   94214ms] [TIMESTAMP] Idle Track @ http://localhost:3100/_next/static/chunks/01vs_next_dist_compiled_react-dom_068f94d._.js:9246
[   94215ms] [TIMESTAMP] Event: click @ http://localhost:3100/_next/static/chunks/01vs_next_dist_compiled_react-dom_068f94d._.js:9281
[   94224ms] [TIMESTAMP] Render @ http://localhost:3100/_next/static/chunks/01vs_next_dist_compiled_react-dom_068f94d._.js:9696
[   94226ms] [TIMESTAMP] Commit @ http://localhost:3100/_next/static/chunks/01vs_next_dist_compiled_react-dom_068f94d._.js:2915
[   94226ms] [TIMESTAMP] Page @ http://localhost:3100/_next/static/chunks/01vs_next_dist_compiled_react-dom_068f94d._.js:2804
[   94226ms] [TIMESTAMP] SignatureForm @ http://localhost:3100/_next/static/chunks/01vs_next_dist_compiled_react-dom_068f94d._.js:2804
[   94226ms] [TIMESTAMP] Label @ http://localhost:3100/_next/static/chunks/01vs_next_dist_compiled_react-dom_068f94d._.js:2804
[   94226ms] [TIMESTAMP] Label @ http://localhost:3100/_next/static/chunks/01vs_next_dist_compiled_react-dom_068f94d._.js:2804
[   94226ms] [TIMESTAMP] Label @ http://localhost:3100/_next/static/chunks/01vs_next_dist_compiled_react-dom_068f94d._.js:2804
[   94227ms] [TIMESTAMP] X @ http://localhost:3100/_next/static/chunks/01vs_next_dist_compiled_react-dom_068f94d._.js:2804
[   94227ms] [TIMESTAMP] ForwardRef @ http://localhost:3100/_next/static/chunks/01vs_next_dist_compiled_react-dom_068f94d._.js:2804
[   94239ms] [WARNING] [JavaScript Warning: "A resource is blocked by OpaqueResponseBlocking, please check browser console for details." {file: "https://cdn.ing/assets/i/r/310037/s24yovwiz6h0ycyllztb7nvwlsv3/thumb.jpg" line: 0}] @ https://cdn.ing/assets/i/r/310037/s24yovwiz6h0ycyllztb7nvwlsv3/thumb.jpg:0
[   94239ms] [WARNING] [JavaScript Warning: "A resource is blocked by OpaqueResponseBlocking, please check browser console for details." {file: "https://cdn.ing/assets/i/r/310039/yrgur9wrjxnxi94v6vugw9jdm9o8/logo-primary.png" line: 0}] @ https://cdn.ing/assets/i/r/310039/yrgur9wrjxnxi94v6vugw9jdm9o8/logo-primary.png:0
[  110135ms] [TIMESTAMP] Blocking Track @ http://localhost:3100/_next/static/chunks/01vs_next_dist_compiled_react-dom_068f94d._.js:9246
[  110136ms] [TIMESTAMP] Transition Track @ http://localhost:3100/_next/static/chunks/01vs_next_dist_compiled_react-dom_068f94d._.js:9246
[  110136ms] [TIMESTAMP] Suspense Track @ http://localhost:3100/_next/static/chunks/01vs_next_dist_compiled_react-dom_068f94d._.js:9246
[  110136ms] [TIMESTAMP] Idle Track @ http://localhost:3100/_next/static/chunks/01vs_next_dist_compiled_react-dom_068f94d._.js:9246
[  110141ms] [TIMESTAMP] Render @ http://localhost:3100/_next/static/chunks/01vs_next_dist_compiled_react-dom_068f94d._.js:9696
[  110142ms] [TIMESTAMP] Commit @ http://localhost:3100/_next/static/chunks/01vs_next_dist_compiled_react-dom_068f94d._.js:2915
[  110143ms] [TIMESTAMP] Page @ http://localhost:3100/_next/static/chunks/01vs_next_dist_compiled_react-dom_068f94d._.js:2804
[  110143ms] [TIMESTAMP] CircleCheck @ http://localhost:3100/_next/static/chunks/01vs_next_dist_compiled_react-dom_068f94d._.js:2804
[  110143ms] [TIMESTAMP] ForwardRef @ http://localhost:3100/_next/static/chunks/01vs_next_dist_compiled_react-dom_068f94d._.js:2804
[  110143ms] [TIMESTAMP] SignatureForm @ http://localhost:3100/_next/static/chunks/01vs_next_dist_compiled_react-dom_068f94d._.js:2804
[  110143ms] [TIMESTAMP] Label @ http://localhost:3100/_next/static/chunks/01vs_next_dist_compiled_react-dom_068f94d._.js:2804
[  110143ms] [TIMESTAMP] Label @ http://localhost:3100/_next/static/chunks/01vs_next_dist_compiled_react-dom_068f94d._.js:2804
[  110143ms] [TIMESTAMP] X @ http://localhost:3100/_next/static/chunks/01vs_next_dist_compiled_react-dom_068f94d._.js:2804
[  110143ms] [TIMESTAMP] ForwardRef @ http://localhost:3100/_next/static/chunks/01vs_next_dist_compiled_react-dom_068f94d._.js:2804
[  110157ms] [WARNING] [JavaScript Warning: "A resource is blocked by OpaqueResponseBlocking, please check browser console for details." {file: "https://cdn.ing/assets/i/r/310037/s24yovwiz6h0ycyllztb7nvwlsv3/thumb.jpg" line: 0}] @ https://cdn.ing/assets/i/r/310037/s24yovwiz6h0ycyllztb7nvwlsv3/thumb.jpg:0
[  118039ms] [TIMESTAMP] Blocking Track @ http://localhost:3100/_next/static/chunks/01vs_next_dist_compiled_react-dom_068f94d._.js:9246
[  118039ms] [TIMESTAMP] Transition Track @ http://localhost:3100/_next/static/chunks/01vs_next_dist_compiled_react-dom_068f94d._.js:9246
[  118039ms] [TIMESTAMP] Suspense Track @ http://localhost:3100/_next/static/chunks/01vs_next_dist_compiled_react-dom_068f94d._.js:9246
[  118039ms] [TIMESTAMP] Idle Track @ http://localhost:3100/_next/static/chunks/01vs_next_dist_compiled_react-dom_068f94d._.js:9246
[  118044ms] [TIMESTAMP] Render @ http://localhost:3100/_next/static/chunks/01vs_next_dist_compiled_react-dom_068f94d._.js:9696
[  118045ms] [TIMESTAMP] Commit @ http://localhost:3100/_next/static/chunks/01vs_next_dist_compiled_react-dom_068f94d._.js:2915
[  118046ms] [TIMESTAMP] Page @ http://localhost:3100/_next/static/chunks/01vs_next_dist_compiled_react-dom_068f94d._.js:2804
[  118046ms] [TIMESTAMP] SignatureForm @ http://localhost:3100/_next/static/chunks/01vs_next_dist_compiled_react-dom_068f94d._.js:2804
[  118046ms] [TIMESTAMP] Label @ http://localhost:3100/_next/static/chunks/01vs_next_dist_compiled_react-dom_068f94d._.js:2804
[  118060ms] [WARNING] [JavaScript Warning: "A resource is blocked by OpaqueResponseBlocking, please check browser console for details." {file: "https://cdn.ing/assets/i/r/310039/yrgur9wrjxnxi94v6vugw9jdm9o8/logo-primary.png" line: 0}] @ https://cdn.ing/assets/i/r/310039/yrgur9wrjxnxi94v6vugw9jdm9o8/logo-primary.png:0
[  118060ms] [WARNING] [JavaScript Warning: "A resource is blocked by OpaqueResponseBlocking, please check browser console for details." {file: "https://cdn.ing/assets/i/r/310037/s24yovwiz6h0ycyllztb7nvwlsv3/thumb.jpg" line: 0}] @ https://cdn.ing/assets/i/r/310037/s24yovwiz6h0ycyllztb7nvwlsv3/thumb.jpg:0
[  144018ms] [ERROR] [JavaScript Error: "Firefox can’t establish a connection to the server at ws://localhost:3100/_next/webpack-hmr?id=wVGtI3mE6ZBN_oDyUYGCZ." {file: "http://localhost:3100/_next/static/chunks/01vs_next_dist_client_10-2.sc._.js" line: 13323}] @ http://localhost:3100/_next/static/chunks/01vs_next_dist_client_10-2.sc._.js:13323
[  145025ms] [ERROR] [JavaScript Error: "Firefox can’t establish a connection to the server at ws://localhost:3100/_next/webpack-hmr?id=wVGtI3mE6ZBN_oDyUYGCZ." {file: "http://localhost:3100/_next/static/chunks/01vs_next_dist_client_10-2.sc._.js" line: 13323}] @ http://localhost:3100/_next/static/chunks/01vs_next_dist_client_10-2.sc._.js:13323
[  146032ms] [ERROR] [JavaScript Error: "Firefox can’t establish a connection to the server at ws://localhost:3100/_next/webpack-hmr?id=wVGtI3mE6ZBN_oDyUYGCZ." {file: "http://localhost:3100/_next/static/chunks/01vs_next_dist_client_10-2.sc._.js" line: 13323}] @ http://localhost:3100/_next/static/chunks/01vs_next_dist_client_10-2.sc._.js:13323
[  147038ms] [ERROR] [JavaScript Error: "Firefox can’t establish a connection to the server at ws://localhost:3100/_next/webpack-hmr?id=wVGtI3mE6ZBN_oDyUYGCZ." {file: "http://localhost:3100/_next/static/chunks/01vs_next_dist_client_10-2.sc._.js" line: 13323}] @ http://localhost:3100/_next/static/chunks/01vs_next_dist_client_10-2.sc._.js:13323
[  148388ms] [ERROR] [JavaScript Error: "Firefox can’t establish a connection to the server at ws://localhost:3100/_next/webpack-hmr?id=wVGtI3mE6ZBN_oDyUYGCZ." {file: "http://localhost:3100/_next/static/chunks/01vs_next_dist_client_10-2.sc._.js" line: 13323}] @ http://localhost:3100/_next/static/chunks/01vs_next_dist_client_10-2.sc._.js:13323
[  153395ms] [ERROR] [JavaScript Error: "Firefox can’t establish a connection to the server at ws://localhost:3100/_next/webpack-hmr?id=wVGtI3mE6ZBN_oDyUYGCZ." {file: "http://localhost:3100/_next/static/chunks/01vs_next_dist_client_10-2.sc._.js" line: 13323}] @ http://localhost:3100/_next/static/chunks/01vs_next_dist_client_10-2.sc._.js:13323
[  158403ms] [ERROR] [JavaScript Error: "Firefox can’t establish a connection to the server at ws://localhost:3100/_next/webpack-hmr?id=wVGtI3mE6ZBN_oDyUYGCZ." {file: "http://localhost:3100/_next/static/chunks/01vs_next_dist_client_10-2.sc._.js" line: 13323}] @ http://localhost:3100/_next/static/chunks/01vs_next_dist_client_10-2.sc._.js:13323
[  163410ms] [ERROR] [JavaScript Error: "Firefox can’t establish a connection to the server at ws://localhost:3100/_next/webpack-hmr?id=wVGtI3mE6ZBN_oDyUYGCZ." {file: "http://localhost:3100/_next/static/chunks/01vs_next_dist_client_10-2.sc._.js" line: 13323}] @ http://localhost:3100/_next/static/chunks/01vs_next_dist_client_10-2.sc._.js:13323
[  170233ms] [ERROR] [JavaScript Error: "Firefox can’t establish a connection to the server at ws://localhost:3100/_next/webpack-hmr?id=wVGtI3mE6ZBN_oDyUYGCZ." {file: "http://localhost:3100/_next/static/chunks/01vs_next_dist_client_10-2.sc._.js" line: 13323}] @ http://localhost:3100/_next/static/chunks/01vs_next_dist_client_10-2.sc._.js:13323
[  180447ms] [ERROR] [JavaScript Error: "Firefox can’t establish a connection to the server at ws://localhost:3100/_next/webpack-hmr?id=wVGtI3mE6ZBN_oDyUYGCZ." {file: "http://localhost:3100/_next/static/chunks/01vs_next_dist_client_10-2.sc._.js" line: 13323}] @ http://localhost:3100/_next/static/chunks/01vs_next_dist_client_10-2.sc._.js:13323
[  196429ms] [ERROR] [JavaScript Error: "Firefox can’t establish a connection to the server at ws://localhost:3100/_next/webpack-hmr?id=wVGtI3mE6ZBN_oDyUYGCZ." {file: "http://localhost:3100/_next/static/chunks/01vs_next_dist_client_10-2.sc._.js" line: 13323}] @ http://localhost:3100/_next/static/chunks/01vs_next_dist_client_10-2.sc._.js:13323
[  219401ms] [ERROR] [JavaScript Error: "Firefox can’t establish a connection to the server at ws://localhost:3100/_next/webpack-hmr?id=wVGtI3mE6ZBN_oDyUYGCZ." {file: "http://localhost:3100/_next/static/chunks/01vs_next_dist_client_10-2.sc._.js" line: 13323}] @ http://localhost:3100/_next/static/chunks/01vs_next_dist_client_10-2.sc._.js:13323
