[      90ms] [WARNING] [JavaScript Warning: "A resource is blocked by OpaqueResponseBlocking, please check browser console for details." {file: "https://cdn.ing/assets/i/r/310039/yrgur9wrjxnxi94v6vugw9jdm9o8/logo-primary.png" line: 0}] @ https://cdn.ing/assets/i/r/310039/yrgur9wrjxnxi94v6vugw9jdm9o8/logo-primary.png:0
[      97ms] [WARNING] [JavaScript Warning: "A resource is blocked by OpaqueResponseBlocking, please check browser console for details." {file: "https://cdn.ing/assets/i/r/310037/s24yovwiz6h0ycyllztb7nvwlsv3/thumb.jpg" line: 0}] @ https://cdn.ing/assets/i/r/310037/s24yovwiz6h0ycyllztb7nvwlsv3/thumb.jpg:0
[     121ms] [INFO] Download the React DevTools for a better development experience: https://react.dev/link/react-devtools @ http://localhost:3100/_next/static/chunks/01vs_next_dist_0z7rf41._.js:2477
[     122ms] [TIMESTAMP] Server Requests Track @ http://localhost:3100/_next/static/chunks/01vs_next_dist_compiled_react-server-dom-turbopack_0kj3bu0._.js:710
[     122ms] [TIMESTAMP] Server Components Track @ http://localhost:3100/_next/static/chunks/01vs_next_dist_compiled_react-server-dom-turbopack_0kj3bu0._.js:710
[     132ms] [LOG] [HMR] connected @ http://localhost:3100/_next/static/chunks/01vs_next_dist_0z7rf41._.js:2477
[     136ms] [TIMESTAMP] Blocking Track @ http://localhost:3100/_next/static/chunks/01vs_next_dist_compiled_react-dom_068f94d._.js:9246
[     136ms] [TIMESTAMP] Transition Track @ http://localhost:3100/_next/static/chunks/01vs_next_dist_compiled_react-dom_068f94d._.js:9246
[     136ms] [TIMESTAMP] Suspense Track @ http://localhost:3100/_next/static/chunks/01vs_next_dist_compiled_react-dom_068f94d._.js:9246
[     136ms] [TIMESTAMP] Idle Track @ http://localhost:3100/_next/static/chunks/01vs_next_dist_compiled_react-dom_068f94d._.js:9246
[     145ms] [TIMESTAMP] Blocked @ http://localhost:3100/_next/static/chunks/01vs_next_dist_compiled_react-dom_068f94d._.js:9057
[     158ms] [TIMESTAMP] Blocked @ http://localhost:3100/_next/static/chunks/01vs_next_dist_compiled_react-dom_068f94d._.js:9057
[     166ms] [TIMESTAMP] Hydrated @ http://localhost:3100/_next/static/chunks/01vs_next_dist_compiled_react-dom_068f94d._.js:9696
[     167ms] [TIMESTAMP] Commit @ http://localhost:3100/_next/static/chunks/01vs_next_dist_compiled_react-dom_068f94d._.js:2915
[     168ms] [WARNING] [JavaScript Warning: "A resource is blocked by OpaqueResponseBlocking, please check browser console for details." {file: "https://cdn.ing/assets/i/r/310039/yrgur9wrjxnxi94v6vugw9jdm9o8/logo-primary.png" line: 0}] @ https://cdn.ing/assets/i/r/310039/yrgur9wrjxnxi94v6vugw9jdm9o8/logo-primary.png:0
[     209ms] [TIMESTAMP] Waiting for Paint @ http://localhost:3100/_next/static/chunks/01vs_next_dist_compiled_react-dom_068f94d._.js:9989
[     209ms] [TIMESTAMP] Root @ http://localhost:3100/_next/static/chunks/01vs_next_dist_compiled_react-dom_068f94d._.js:2804
[     209ms] [TIMESTAMP] ServerRoot @ http://localhost:3100/_next/static/chunks/01vs_next_dist_compiled_react-dom_068f94d._.js:2804
[     209ms] [TIMESTAMP] AppRouter @ http://localhost:3100/_next/static/chunks/01vs_next_dist_compiled_react-dom_068f94d._.js:2804
[     209ms] [TIMESTAMP] RootErrorBoundary @ http://localhost:3100/_next/static/chunks/01vs_next_dist_compiled_react-dom_068f94d._.js:2804
[     209ms] [TIMESTAMP] ErrorBoundary @ http://localhost:3100/_next/static/chunks/01vs_next_dist_compiled_react-dom_068f94d._.js:2804
[     209ms] [TIMESTAMP] ErrorBoundaryHandler @ http://localhost:3100/_next/static/chunks/01vs_next_dist_compiled_react-dom_068f94d._.js:2804
[     209ms] [TIMESTAMP] Router @ http://localhost:3100/_next/static/chunks/01vs_next_dist_compiled_react-dom_068f94d._.js:2804
[     209ms] [TIMESTAMP] HistoryUpdater @ http://localhost:3100/_next/static/chunks/01vs_next_dist_compiled_react-dom_068f94d._.js:2804
[     209ms] [TIMESTAMP] HotReload @ http://localhost:3100/_next/static/chunks/01vs_next_dist_compiled_react-dom_068f94d._.js:2804
[     209ms] [TIMESTAMP] AppDevOverlayErrorBoundary @ http://localhost:3100/_next/static/chunks/01vs_next_dist_compiled_react-dom_068f94d._.js:2804
[     210ms] [TIMESTAMP] ReplaySsrOnlyErrors @ http://localhost:3100/_next/static/chunks/01vs_next_dist_compiled_react-dom_068f94d._.js:2804
[     210ms] [TIMESTAMP] DevRootHTTPAccessFallbackBoundary @ http://localhost:3100/_next/static/chunks/01vs_next_dist_compiled_react-dom_068f94d._.js:2804
[     210ms] [TIMESTAMP] HTTPAccessFallbackBoundary @ http://localhost:3100/_next/static/chunks/01vs_next_dist_compiled_react-dom_068f94d._.js:2804
[     210ms] [TIMESTAMP] HTTPAccessFallbackErrorBoundary @ http://localhost:3100/_next/static/chunks/01vs_next_dist_compiled_react-dom_068f94d._.js:2804
[     210ms] [TIMESTAMP] RedirectBoundary @ http://localhost:3100/_next/static/chunks/01vs_next_dist_compiled_react-dom_068f94d._.js:2804
[     210ms] [TIMESTAMP] RedirectErrorBoundary @ http://localhost:3100/_next/static/chunks/01vs_next_dist_compiled_react-dom_068f94d._.js:2804
[     210ms] [TIMESTAMP] Head @ http://localhost:3100/_next/static/chunks/01vs_next_dist_compiled_react-dom_068f94d._.js:2804
[     210ms] [TIMESTAMP] __next_root_layout_boundary__ @ http://localhost:3100/_next/static/chunks/01vs_next_dist_compiled_react-dom_068f94d._.js:2804
[     210ms] [TIMESTAMP] SegmentViewNode @ http://localhost:3100/_next/static/chunks/01vs_next_dist_compiled_react-dom_068f94d._.js:2804
[     210ms] [TIMESTAMP] SegmentTrieNode @ http://localhost:3100/_next/static/chunks/01vs_next_dist_compiled_react-dom_068f94d._.js:2804
[     210ms] [TIMESTAMP] OuterLayoutRouter @ http://localhost:3100/_next/static/chunks/01vs_next_dist_compiled_react-dom_068f94d._.js:2804
[     210ms] [TIMESTAMP] SegmentStateProvider @ http://localhost:3100/_next/static/chunks/01vs_next_dist_compiled_react-dom_068f94d._.js:2804
[     210ms] [TIMESTAMP] RenderFromTemplateContext @ http://localhost:3100/_next/static/chunks/01vs_next_dist_compiled_react-dom_068f94d._.js:2804
[     210ms] [TIMESTAMP] ScrollAndMaybeFocusHandler @ http://localhost:3100/_next/static/chunks/01vs_next_dist_compiled_react-dom_068f94d._.js:2804
[     210ms] [TIMESTAMP] InnerScrollAndFocusHandlerOld @ http://localhost:3100/_next/static/chunks/01vs_next_dist_compiled_react-dom_068f94d._.js:2804
[     210ms] [TIMESTAMP] ErrorBoundary @ http://localhost:3100/_next/static/chunks/01vs_next_dist_compiled_react-dom_068f94d._.js:2804
[     210ms] [TIMESTAMP] LoadingBoundary @ http://localhost:3100/_next/static/chunks/01vs_next_dist_compiled_react-dom_068f94d._.js:2804
[     210ms] [TIMESTAMP] HTTPAccessFallbackBoundary @ http://localhost:3100/_next/static/chunks/01vs_next_dist_compiled_react-dom_068f94d._.js:2804
[     210ms] [TIMESTAMP] HTTPAccessFallbackErrorBoundary @ http://localhost:3100/_next/static/chunks/01vs_next_dist_compiled_react-dom_068f94d._.js:2804
[     210ms] [TIMESTAMP] RedirectBoundary @ http://localhost:3100/_next/static/chunks/01vs_next_dist_compiled_react-dom_068f94d._.js:2804
[     210ms] [TIMESTAMP] RedirectErrorBoundary @ http://localhost:3100/_next/static/chunks/01vs_next_dist_compiled_react-dom_068f94d._.js:2804
[     210ms] [TIMESTAMP] InnerLayoutRouter @ http://localhost:3100/_next/static/chunks/01vs_next_dist_compiled_react-dom_068f94d._.js:2804
[     210ms] [TIMESTAMP] SegmentViewNode @ http://localhost:3100/_next/static/chunks/01vs_next_dist_compiled_react-dom_068f94d._.js:2804
[     210ms] [TIMESTAMP] SegmentTrieNode @ http://localhost:3100/_next/static/chunks/01vs_next_dist_compiled_react-dom_068f94d._.js:2804
[     210ms] [TIMESTAMP] ClientPageRoot @ http://localhost:3100/_next/static/chunks/01vs_next_dist_compiled_react-dom_068f94d._.js:2804
[     210ms] [TIMESTAMP] Page @ http://localhost:3100/_next/static/chunks/01vs_next_dist_compiled_react-dom_068f94d._.js:2804
[     210ms] [TIMESTAMP] CircleCheck @ http://localhost:3100/_next/static/chunks/01vs_next_dist_compiled_react-dom_068f94d._.js:2804
[     210ms] [TIMESTAMP] ForwardRef @ http://localhost:3100/_next/static/chunks/01vs_next_dist_compiled_react-dom_068f94d._.js:2804
[     210ms] [TIMESTAMP] Button @ http://localhost:3100/_next/static/chunks/01vs_next_dist_compiled_react-dom_068f94d._.js:2804
[     210ms] [TIMESTAMP] Button @ http://localhost:3100/_next/static/chunks/01vs_next_dist_compiled_react-dom_068f94d._.js:2804
[     210ms] [TIMESTAMP] SignatureForm @ http://localhost:3100/_next/static/chunks/01vs_next_dist_compiled_react-dom_068f94d._.js:2804
[     211ms] [TIMESTAMP] FormSection @ http://localhost:3100/_next/static/chunks/01vs_next_dist_compiled_react-dom_068f94d._.js:2804
[     211ms] [TIMESTAMP] Field @ http://localhost:3100/_next/static/chunks/01vs_next_dist_compiled_react-dom_068f94d._.js:2804
[     211ms] [TIMESTAMP] Label @ http://localhost:3100/_next/static/chunks/01vs_next_dist_compiled_react-dom_068f94d._.js:2804
[     211ms] [TIMESTAMP] Input @ http://localhost:3100/_next/static/chunks/01vs_next_dist_compiled_react-dom_068f94d._.js:2804
[     211ms] [TIMESTAMP] Input @ http://localhost:3100/_next/static/chunks/01vs_next_dist_compiled_react-dom_068f94d._.js:2804
[     211ms] [TIMESTAMP] FieldControl @ http://localhost:3100/_next/static/chunks/01vs_next_dist_compiled_react-dom_068f94d._.js:2804
[     211ms] [TIMESTAMP] Field @ http://localhost:3100/_next/static/chunks/01vs_next_dist_compiled_react-dom_068f94d._.js:2804
[     211ms] [TIMESTAMP] Label @ http://localhost:3100/_next/static/chunks/01vs_next_dist_compiled_react-dom_068f94d._.js:2804
[     211ms] [TIMESTAMP] Input @ http://localhost:3100/_next/static/chunks/01vs_next_dist_compiled_react-dom_068f94d._.js:2804
[     211ms] [TIMESTAMP] Input @ http://localhost:3100/_next/static/chunks/01vs_next_dist_compiled_react-dom_068f94d._.js:2804
[     211ms] [TIMESTAMP] FieldControl @ http://localhost:3100/_next/static/chunks/01vs_next_dist_compiled_react-dom_068f94d._.js:2804
[     211ms] [TIMESTAMP] Field @ http://localhost:3100/_next/static/chunks/01vs_next_dist_compiled_react-dom_068f94d._.js:2804
[     211ms] [TIMESTAMP] Label @ http://localhost:3100/_next/static/chunks/01vs_next_dist_compiled_react-dom_068f94d._.js:2804
[     211ms] [TIMESTAMP] Input @ http://localhost:3100/_next/static/chunks/01vs_next_dist_compiled_react-dom_068f94d._.js:2804
[     211ms] [TIMESTAMP] Input @ http://localhost:3100/_next/static/chunks/01vs_next_dist_compiled_react-dom_068f94d._.js:2804
[     211ms] [TIMESTAMP] FieldControl @ http://localhost:3100/_next/static/chunks/01vs_next_dist_compiled_react-dom_068f94d._.js:2804
[     211ms] [TIMESTAMP] Field @ http://localhost:3100/_next/static/chunks/01vs_next_dist_compiled_react-dom_068f94d._.js:2804
[     211ms] [TIMESTAMP] Label @ http://localhost:3100/_next/static/chunks/01vs_next_dist_compiled_react-dom_068f94d._.js:2804
[     211ms] [TIMESTAMP] Input @ http://localhost:3100/_next/static/chunks/01vs_next_dist_compiled_react-dom_068f94d._.js:2804
[     211ms] [TIMESTAMP] Input @ http://localhost:3100/_next/static/chunks/01vs_next_dist_compiled_react-dom_068f94d._.js:2804
[     211ms] [TIMESTAMP] FieldControl @ http://localhost:3100/_next/static/chunks/01vs_next_dist_compiled_react-dom_068f94d._.js:2804
[     211ms] [TIMESTAMP] FormSection @ http://localhost:3100/_next/static/chunks/01vs_next_dist_compiled_react-dom_068f94d._.js:2804
[     211ms] [TIMESTAMP] Field @ http://localhost:3100/_next/static/chunks/01vs_next_dist_compiled_react-dom_068f94d._.js:2804
[     211ms] [TIMESTAMP] Label @ http://localhost:3100/_next/static/chunks/01vs_next_dist_compiled_react-dom_068f94d._.js:2804
[     211ms] [TIMESTAMP] Input @ http://localhost:3100/_next/static/chunks/01vs_next_dist_compiled_react-dom_068f94d._.js:2804
[     211ms] [TIMESTAMP] Input @ http://localhost:3100/_next/static/chunks/01vs_next_dist_compiled_react-dom_068f94d._.js:2804
[     211ms] [TIMESTAMP] FieldControl @ http://localhost:3100/_next/static/chunks/01vs_next_dist_compiled_react-dom_068f94d._.js:2804
[     211ms] [TIMESTAMP] Field @ http://localhost:3100/_next/static/chunks/01vs_next_dist_compiled_react-dom_068f94d._.js:2804
[     211ms] [TIMESTAMP] Label @ http://localhost:3100/_next/static/chunks/01vs_next_dist_compiled_react-dom_068f94d._.js:2804
[     211ms] [TIMESTAMP] Input @ http://localhost:3100/_next/static/chunks/01vs_next_dist_compiled_react-dom_068f94d._.js:2804
[     211ms] [TIMESTAMP] Input @ http://localhost:3100/_next/static/chunks/01vs_next_dist_compiled_react-dom_068f94d._.js:2804
[     211ms] [TIMESTAMP] FieldControl @ http://localhost:3100/_next/static/chunks/01vs_next_dist_compiled_react-dom_068f94d._.js:2804
[     211ms] [TIMESTAMP] FormSection @ http://localhost:3100/_next/static/chunks/01vs_next_dist_compiled_react-dom_068f94d._.js:2804
[     212ms] [TIMESTAMP] Field @ http://localhost:3100/_next/static/chunks/01vs_next_dist_compiled_react-dom_068f94d._.js:2804
[     212ms] [TIMESTAMP] Label @ http://localhost:3100/_next/static/chunks/01vs_next_dist_compiled_react-dom_068f94d._.js:2804
[     212ms] [TIMESTAMP] Input @ http://localhost:3100/_next/static/chunks/01vs_next_dist_compiled_react-dom_068f94d._.js:2804
[     212ms] [TIMESTAMP] Input @ http://localhost:3100/_next/static/chunks/01vs_next_dist_compiled_react-dom_068f94d._.js:2804
[     212ms] [TIMESTAMP] FieldControl @ http://localhost:3100/_next/static/chunks/01vs_next_dist_compiled_react-dom_068f94d._.js:2804
[     212ms] [TIMESTAMP] Field @ http://localhost:3100/_next/static/chunks/01vs_next_dist_compiled_react-dom_068f94d._.js:2804
[     212ms] [TIMESTAMP] Label @ http://localhost:3100/_next/static/chunks/01vs_next_dist_compiled_react-dom_068f94d._.js:2804
[     212ms] [TIMESTAMP] Input @ http://localhost:3100/_next/static/chunks/01vs_next_dist_compiled_react-dom_068f94d._.js:2804
[     212ms] [TIMESTAMP] Input @ http://localhost:3100/_next/static/chunks/01vs_next_dist_compiled_react-dom_068f94d._.js:2804
[     212ms] [TIMESTAMP] FieldControl @ http://localhost:3100/_next/static/chunks/01vs_next_dist_compiled_react-dom_068f94d._.js:2804
[     212ms] [TIMESTAMP] Field @ http://localhost:3100/_next/static/chunks/01vs_next_dist_compiled_react-dom_068f94d._.js:2804
[     212ms] [TIMESTAMP] Label @ http://localhost:3100/_next/static/chunks/01vs_next_dist_compiled_react-dom_068f94d._.js:2804
[     212ms] [TIMESTAMP] Input @ http://localhost:3100/_next/static/chunks/01vs_next_dist_compiled_react-dom_068f94d._.js:2804
[     212ms] [TIMESTAMP] Input @ http://localhost:3100/_next/static/chunks/01vs_next_dist_compiled_react-dom_068f94d._.js:2804
[     212ms] [TIMESTAMP] FieldControl @ http://localhost:3100/_next/static/chunks/01vs_next_dist_compiled_react-dom_068f94d._.js:2804
[     212ms] [TIMESTAMP] Field @ http://localhost:3100/_next/static/chunks/01vs_next_dist_compiled_react-dom_068f94d._.js:2804
[     212ms] [TIMESTAMP] Label @ http://localhost:3100/_next/static/chunks/01vs_next_dist_compiled_react-dom_068f94d._.js:2804
[     212ms] [TIMESTAMP] Input @ http://localhost:3100/_next/static/chunks/01vs_next_dist_compiled_react-dom_068f94d._.js:2804
[     212ms] [TIMESTAMP] Input @ http://localhost:3100/_next/static/chunks/01vs_next_dist_compiled_react-dom_068f94d._.js:2804
[     212ms] [TIMESTAMP] FieldControl @ http://localhost:3100/_next/static/chunks/01vs_next_dist_compiled_react-dom_068f94d._.js:2804
[     212ms] [TIMESTAMP] FormSection @ http://localhost:3100/_next/static/chunks/01vs_next_dist_compiled_react-dom_068f94d._.js:2804
[     212ms] [TIMESTAMP] ColorField @ http://localhost:3100/_next/static/chunks/01vs_next_dist_compiled_react-dom_068f94d._.js:2804
[     212ms] [TIMESTAMP] Field @ http://localhost:3100/_next/static/chunks/01vs_next_dist_compiled_react-dom_068f94d._.js:2804
[     212ms] [TIMESTAMP] Label @ http://localhost:3100/_next/static/chunks/01vs_next_dist_compiled_react-dom_068f94d._.js:2804
[     212ms] [TIMESTAMP] Input @ http://localhost:3100/_next/static/chunks/01vs_next_dist_compiled_react-dom_068f94d._.js:2804
[     212ms] [TIMESTAMP] Input @ http://localhost:3100/_next/static/chunks/01vs_next_dist_compiled_react-dom_068f94d._.js:2804
[     212ms] [TIMESTAMP] FieldControl @ http://localhost:3100/_next/static/chunks/01vs_next_dist_compiled_react-dom_068f94d._.js:2804
[     212ms] [TIMESTAMP] Input @ http://localhost:3100/_next/static/chunks/01vs_next_dist_compiled_react-dom_068f94d._.js:2804
[     212ms] [TIMESTAMP] Input @ http://localhost:3100/_next/static/chunks/01vs_next_dist_compiled_react-dom_068f94d._.js:2804
[     212ms] [TIMESTAMP] FieldControl @ http://localhost:3100/_next/static/chunks/01vs_next_dist_compiled_react-dom_068f94d._.js:2804
[     212ms] [TIMESTAMP] ColorField @ http://localhost:3100/_next/static/chunks/01vs_next_dist_compiled_react-dom_068f94d._.js:2804
[     212ms] [TIMESTAMP] Field @ http://localhost:3100/_next/static/chunks/01vs_next_dist_compiled_react-dom_068f94d._.js:2804
[     212ms] [TIMESTAMP] Label @ http://localhost:3100/_next/static/chunks/01vs_next_dist_compiled_react-dom_068f94d._.js:2804
[     212ms] [TIMESTAMP] Input @ http://localhost:3100/_next/static/chunks/01vs_next_dist_compiled_react-dom_068f94d._.js:2804
[     212ms] [TIMESTAMP] Input @ http://localhost:3100/_next/static/chunks/01vs_next_dist_compiled_react-dom_068f94d._.js:2804
[     212ms] [TIMESTAMP] FieldControl @ http://localhost:3100/_next/static/chunks/01vs_next_dist_compiled_react-dom_068f94d._.js:2804
[     212ms] [TIMESTAMP] Input @ http://localhost:3100/_next/static/chunks/01vs_next_dist_compiled_react-dom_068f94d._.js:2804
[     213ms] [TIMESTAMP] Input @ http://localhost:3100/_next/static/chunks/01vs_next_dist_compiled_react-dom_068f94d._.js:2804
[     213ms] [TIMESTAMP] FieldControl @ http://localhost:3100/_next/static/chunks/01vs_next_dist_compiled_react-dom_068f94d._.js:2804
[     213ms] [TIMESTAMP] FormSection @ http://localhost:3100/_next/static/chunks/01vs_next_dist_compiled_react-dom_068f94d._.js:2804
[     213ms] [TIMESTAMP] Input @ http://localhost:3100/_next/static/chunks/01vs_next_dist_compiled_react-dom_068f94d._.js:2804
[     213ms] [TIMESTAMP] Input @ http://localhost:3100/_next/static/chunks/01vs_next_dist_compiled_react-dom_068f94d._.js:2804
[     213ms] [TIMESTAMP] FieldControl @ http://localhost:3100/_next/static/chunks/01vs_next_dist_compiled_react-dom_068f94d._.js:2804
[     213ms] [TIMESTAMP] Button @ http://localhost:3100/_next/static/chunks/01vs_next_dist_compiled_react-dom_068f94d._.js:2804
[     213ms] [TIMESTAMP] Button @ http://localhost:3100/_next/static/chunks/01vs_next_dist_compiled_react-dom_068f94d._.js:2804
[     213ms] [TIMESTAMP] Input @ http://localhost:3100/_next/static/chunks/01vs_next_dist_compiled_react-dom_068f94d._.js:2804
[     213ms] [TIMESTAMP] Input @ http://localhost:3100/_next/static/chunks/01vs_next_dist_compiled_react-dom_068f94d._.js:2804
[     213ms] [TIMESTAMP] FieldControl @ http://localhost:3100/_next/static/chunks/01vs_next_dist_compiled_react-dom_068f94d._.js:2804
[     213ms] [TIMESTAMP] Button @ http://localhost:3100/_next/static/chunks/01vs_next_dist_compiled_react-dom_068f94d._.js:2804
[     213ms] [TIMESTAMP] Button @ http://localhost:3100/_next/static/chunks/01vs_next_dist_compiled_react-dom_068f94d._.js:2804
[     213ms] [TIMESTAMP] Input @ http://localhost:3100/_next/static/chunks/01vs_next_dist_compiled_react-dom_068f94d._.js:2804
[     213ms] [TIMESTAMP] Input @ http://localhost:3100/_next/static/chunks/01vs_next_dist_compiled_react-dom_068f94d._.js:2804
[     213ms] [TIMESTAMP] FieldControl @ http://localhost:3100/_next/static/chunks/01vs_next_dist_compiled_react-dom_068f94d._.js:2804
[     213ms] [TIMESTAMP] Button @ http://localhost:3100/_next/static/chunks/01vs_next_dist_compiled_react-dom_068f94d._.js:2804
[     213ms] [TIMESTAMP] Button @ http://localhost:3100/_next/static/chunks/01vs_next_dist_compiled_react-dom_068f94d._.js:2804
[     213ms] [TIMESTAMP] Input @ http://localhost:3100/_next/static/chunks/01vs_next_dist_compiled_react-dom_068f94d._.js:2804
[     213ms] [TIMESTAMP] Input @ http://localhost:3100/_next/static/chunks/01vs_next_dist_compiled_react-dom_068f94d._.js:2804
[     213ms] [TIMESTAMP] FieldControl @ http://localhost:3100/_next/static/chunks/01vs_next_dist_compiled_react-dom_068f94d._.js:2804
[     213ms] [TIMESTAMP] Button @ http://localhost:3100/_next/static/chunks/01vs_next_dist_compiled_react-dom_068f94d._.js:2804
[     213ms] [TIMESTAMP] Button @ http://localhost:3100/_next/static/chunks/01vs_next_dist_compiled_react-dom_068f94d._.js:2804
[     213ms] [TIMESTAMP] X @ http://localhost:3100/_next/static/chunks/01vs_next_dist_compiled_react-dom_068f94d._.js:2804
[     213ms] [TIMESTAMP] ForwardRef @ http://localhost:3100/_next/static/chunks/01vs_next_dist_compiled_react-dom_068f94d._.js:2804
[     213ms] [TIMESTAMP] Input @ http://localhost:3100/_next/static/chunks/01vs_next_dist_compiled_react-dom_068f94d._.js:2804
[     213ms] [TIMESTAMP] Input @ http://localhost:3100/_next/static/chunks/01vs_next_dist_compiled_react-dom_068f94d._.js:2804
[     213ms] [TIMESTAMP] FieldControl @ http://localhost:3100/_next/static/chunks/01vs_next_dist_compiled_react-dom_068f94d._.js:2804
[     213ms] [TIMESTAMP] Button @ http://localhost:3100/_next/static/chunks/01vs_next_dist_compiled_react-dom_068f94d._.js:2804
[     213ms] [TIMESTAMP] Button @ http://localhost:3100/_next/static/chunks/01vs_next_dist_compiled_react-dom_068f94d._.js:2804
[     213ms] [TIMESTAMP] Input @ http://localhost:3100/_next/static/chunks/01vs_next_dist_compiled_react-dom_068f94d._.js:2804
[     213ms] [TIMESTAMP] Input @ http://localhost:3100/_next/static/chunks/01vs_next_dist_compiled_react-dom_068f94d._.js:2804
[     213ms] [TIMESTAMP] FieldControl @ http://localhost:3100/_next/static/chunks/01vs_next_dist_compiled_react-dom_068f94d._.js:2804
[     213ms] [TIMESTAMP] Button @ http://localhost:3100/_next/static/chunks/01vs_next_dist_compiled_react-dom_068f94d._.js:2804
[     213ms] [TIMESTAMP] Button @ http://localhost:3100/_next/static/chunks/01vs_next_dist_compiled_react-dom_068f94d._.js:2804
[     213ms] [TIMESTAMP] __next_outlet_boundary__ @ http://localhost:3100/_next/static/chunks/01vs_next_dist_compiled_react-dom_068f94d._.js:2804
[     213ms] [TIMESTAMP] SegmentViewStateNode @ http://localhost:3100/_next/static/chunks/01vs_next_dist_compiled_react-dom_068f94d._.js:2804
[     213ms] [TIMESTAMP] AppRouterAnnouncer @ http://localhost:3100/_next/static/chunks/01vs_next_dist_compiled_react-dom_068f94d._.js:2804
[     213ms] [TIMESTAMP] AppRouterAnnouncer @ http://localhost:3100/_next/static/chunks/01vs_next_dist_compiled_react-dom_068f94d._.js:2874
[     213ms] [TIMESTAMP] Remaining Effects @ http://localhost:3100/_next/static/chunks/01vs_next_dist_compiled_react-dom_068f94d._.js:10005
[     213ms] [WARNING] [JavaScript Warning: "A resource is blocked by OpaqueResponseBlocking, please check browser console for details." {file: "https://cdn.ing/assets/i/r/310037/s24yovwiz6h0ycyllztb7nvwlsv3/thumb.jpg" line: 0}] @ https://cdn.ing/assets/i/r/310037/s24yovwiz6h0ycyllztb7nvwlsv3/thumb.jpg:0
[     215ms] [TIMESTAMP] Blocking Track @ http://localhost:3100/_next/static/chunks/01vs_next_dist_compiled_react-dom_068f94d._.js:9246
[     215ms] [TIMESTAMP] Transition Track @ http://localhost:3100/_next/static/chunks/01vs_next_dist_compiled_react-dom_068f94d._.js:9246
[     215ms] [TIMESTAMP] Suspense Track @ http://localhost:3100/_next/static/chunks/01vs_next_dist_compiled_react-dom_068f94d._.js:9246
[     215ms] [TIMESTAMP] Idle Track @ http://localhost:3100/_next/static/chunks/01vs_next_dist_compiled_react-dom_068f94d._.js:9246
[     216ms] [TIMESTAMP] Blocking Track @ http://localhost:3100/_next/static/chunks/01vs_next_dist_compiled_react-dom_068f94d._.js:9246
[     216ms] [TIMESTAMP] Transition Track @ http://localhost:3100/_next/static/chunks/01vs_next_dist_compiled_react-dom_068f94d._.js:9246
[     216ms] [TIMESTAMP] Suspense Track @ http://localhost:3100/_next/static/chunks/01vs_next_dist_compiled_react-dom_068f94d._.js:9246
[     216ms] [TIMESTAMP] Idle Track @ http://localhost:3100/_next/static/chunks/01vs_next_dist_compiled_react-dom_068f94d._.js:9246
[     217ms] [TIMESTAMP] Blocking Track @ http://localhost:3100/_next/static/chunks/01vs_next_dist_compiled_react-dom_068f94d._.js:9246
[     217ms] [TIMESTAMP] Transition Track @ http://localhost:3100/_next/static/chunks/01vs_next_dist_compiled_react-dom_068f94d._.js:9246
[     217ms] [TIMESTAMP] Suspense Track @ http://localhost:3100/_next/static/chunks/01vs_next_dist_compiled_react-dom_068f94d._.js:9246
[     217ms] [TIMESTAMP] Idle Track @ http://localhost:3100/_next/static/chunks/01vs_next_dist_compiled_react-dom_068f94d._.js:9246
[     217ms] [TIMESTAMP] Prepared @ http://localhost:3100/_next/static/chunks/01vs_next_dist_compiled_react-dom_068f94d._.js:9696
[     218ms] [TIMESTAMP] IconMark @ http://localhost:3100/_next/static/chunks/01vs_next_dist_compiled_react-dom_068f94d._.js:2804
[     235ms] [TIMESTAMP] Server Requests Track @ http://localhost:3100/_next/static/chunks/01vs_next_dist_compiled_react-server-dom-turbopack_0kj3bu0._.js:710
[     235ms] [TIMESTAMP] Server Components Track @ http://localhost:3100/_next/static/chunks/01vs_next_dist_compiled_react-server-dom-turbopack_0kj3bu0._.js:710
[     235ms] [TIMESTAMP] ​Preloads @ http://localhost:3100/_next/static/chunks/01vs_next_dist_compiled_react-server-dom-turbopack_0kj3bu0._.js:2219
[     235ms] [TIMESTAMP] ​HTTPAccessErrorFallback @ http://localhost:3100/_next/static/chunks/01vs_next_dist_compiled_react-server-dom-turbopack_0kj3bu0._.js:2219
[     235ms] [TIMESTAMP] ​NotFound @ http://localhost:3100/_next/static/chunks/01vs_next_dist_compiled_react-server-dom-turbopack_0kj3bu0._.js:2219
[     235ms] [TIMESTAMP] ​RootLayout @ http://localhost:3100/_next/static/chunks/01vs_next_dist_compiled_react-server-dom-turbopack_0kj3bu0._.js:2219
[     235ms] [TIMESTAMP] ​Next.MetadataOutlet @ http://localhost:3100/_next/static/chunks/01vs_next_dist_compiled_react-server-dom-turbopack_0kj3bu0._.js:2219
[     235ms] [TIMESTAMP] ​NonIndex @ http://localhost:3100/_next/static/chunks/01vs_next_dist_compiled_react-server-dom-turbopack_0kj3bu0._.js:2219
[     235ms] [TIMESTAMP] ​Next.Viewport @ http://localhost:3100/_next/static/chunks/01vs_next_dist_compiled_react-server-dom-turbopack_0kj3bu0._.js:2219
[     235ms] [TIMESTAMP] ​ViewportWrapper @ http://localhost:3100/_next/static/chunks/01vs_next_dist_compiled_react-server-dom-turbopack_0kj3bu0._.js:2219
[     235ms] [TIMESTAMP] ​Next.Metadata @ http://localhost:3100/_next/static/chunks/01vs_next_dist_compiled_react-server-dom-turbopack_0kj3bu0._.js:2219
[     235ms] [TIMESTAMP] ​MetadataWrapper @ http://localhost:3100/_next/static/chunks/01vs_next_dist_compiled_react-server-dom-turbopack_0kj3bu0._.js:2219
[    6199ms] [TIMESTAMP] Blocking Track @ http://localhost:3100/_next/static/chunks/01vs_next_dist_compiled_react-dom_068f94d._.js:9246
[    6199ms] [TIMESTAMP] Transition Track @ http://localhost:3100/_next/static/chunks/01vs_next_dist_compiled_react-dom_068f94d._.js:9246
[    6199ms] [TIMESTAMP] Suspense Track @ http://localhost:3100/_next/static/chunks/01vs_next_dist_compiled_react-dom_068f94d._.js:9246
[    6200ms] [TIMESTAMP] Idle Track @ http://localhost:3100/_next/static/chunks/01vs_next_dist_compiled_react-dom_068f94d._.js:9246
[    6200ms] [TIMESTAMP] Event: input @ http://localhost:3100/_next/static/chunks/01vs_next_dist_compiled_react-dom_068f94d._.js:9281
[    6214ms] [TIMESTAMP] Render @ http://localhost:3100/_next/static/chunks/01vs_next_dist_compiled_react-dom_068f94d._.js:9696
[    6216ms] [TIMESTAMP] Commit @ http://localhost:3100/_next/static/chunks/01vs_next_dist_compiled_react-dom_068f94d._.js:2915
[    6217ms] [TIMESTAMP] Page @ http://localhost:3100/_next/static/chunks/01vs_next_dist_compiled_react-dom_068f94d._.js:2804
[    6217ms] [TIMESTAMP] Mail @ http://localhost:3100/_next/static/chunks/01vs_next_dist_compiled_react-dom_068f94d._.js:2804
[    6217ms] [TIMESTAMP] ForwardRef @ http://localhost:3100/_next/static/chunks/01vs_next_dist_compiled_react-dom_068f94d._.js:2804
[    6217ms] [TIMESTAMP] CircleCheck @ http://localhost:3100/_next/static/chunks/01vs_next_dist_compiled_react-dom_068f94d._.js:2804
[    6217ms] [TIMESTAMP] TemplateSelector @ http://localhost:3100/_next/static/chunks/01vs_next_dist_compiled_react-dom_068f94d._.js:2804
[    6217ms] [TIMESTAMP] Label @ http://localhost:3100/_next/static/chunks/01vs_next_dist_compiled_react-dom_068f94d._.js:2804
[    6217ms] [TIMESTAMP] Label @ http://localhost:3100/_next/static/chunks/01vs_next_dist_compiled_react-dom_068f94d._.js:2804
[    6217ms] [TIMESTAMP] X @ http://localhost:3100/_next/static/chunks/01vs_next_dist_compiled_react-dom_068f94d._.js:2804
[    6217ms] [TIMESTAMP] ForwardRef @ http://localhost:3100/_next/static/chunks/01vs_next_dist_compiled_react-dom_068f94d._.js:2804
[    6217ms] [TIMESTAMP] Remaining Effects @ http://localhost:3100/_next/static/chunks/01vs_next_dist_compiled_react-dom_068f94d._.js:10005
[    6218ms] [TIMESTAMP] Blocking Track @ http://localhost:3100/_next/static/chunks/01vs_next_dist_compiled_react-dom_068f94d._.js:9246
[    6218ms] [TIMESTAMP] Transition Track @ http://localhost:3100/_next/static/chunks/01vs_next_dist_compiled_react-dom_068f94d._.js:9246
[    6218ms] [TIMESTAMP] Suspense Track @ http://localhost:3100/_next/static/chunks/01vs_next_dist_compiled_react-dom_068f94d._.js:9246
[    6218ms] [TIMESTAMP] Idle Track @ http://localhost:3100/_next/static/chunks/01vs_next_dist_compiled_react-dom_068f94d._.js:9246
[    6218ms] [TIMESTAMP] Event: click @ http://localhost:3100/_next/static/chunks/01vs_next_dist_compiled_react-dom_068f94d._.js:9281
[    6225ms] [TIMESTAMP] Render @ http://localhost:3100/_next/static/chunks/01vs_next_dist_compiled_react-dom_068f94d._.js:9696
[    6226ms] [TIMESTAMP] Commit @ http://localhost:3100/_next/static/chunks/01vs_next_dist_compiled_react-dom_068f94d._.js:2915
[    6227ms] [TIMESTAMP] Page @ http://localhost:3100/_next/static/chunks/01vs_next_dist_compiled_react-dom_068f94d._.js:2804
[    6227ms] [TIMESTAMP] SignatureForm @ http://localhost:3100/_next/static/chunks/01vs_next_dist_compiled_react-dom_068f94d._.js:2804
[    6227ms] [TIMESTAMP] Label @ http://localhost:3100/_next/static/chunks/01vs_next_dist_compiled_react-dom_068f94d._.js:2804
[    6227ms] [TIMESTAMP] Label @ http://localhost:3100/_next/static/chunks/01vs_next_dist_compiled_react-dom_068f94d._.js:2804
[    6241ms] [WARNING] [JavaScript Warning: "A resource is blocked by OpaqueResponseBlocking, please check browser console for details." {file: "https://cdn.ing/assets/i/r/310039/yrgur9wrjxnxi94v6vugw9jdm9o8/logo-primary.png" line: 0}] @ https://cdn.ing/assets/i/r/310039/yrgur9wrjxnxi94v6vugw9jdm9o8/logo-primary.png:0
[   10255ms] [WARNING] [JavaScript Warning: "The resource at “http://localhost:3100/_next/static/media/797e433ab948586e-s.p.09zddjkbdep5a.woff2” preloaded with link preload was not used within a few seconds. Make sure all attributes of the preload tag are set correctly." {file: "http://localhost:3100/" line: 0}] @ http://localhost:3100/:0
[   10256ms] [WARNING] [JavaScript Warning: "The resource at “http://localhost:3100/_next/static/media/caa3a2e1cccd8315-s.p.09~u27dqhyhd6.woff2” preloaded with link preload was not used within a few seconds. Make sure all attributes of the preload tag are set correctly." {file: "http://localhost:3100/" line: 0}] @ http://localhost:3100/:0
[   15393ms] [TIMESTAMP] Blocking Track @ http://localhost:3100/_next/static/chunks/01vs_next_dist_compiled_react-dom_068f94d._.js:9246
[   15393ms] [TIMESTAMP] Transition Track @ http://localhost:3100/_next/static/chunks/01vs_next_dist_compiled_react-dom_068f94d._.js:9246
[   15393ms] [TIMESTAMP] Suspense Track @ http://localhost:3100/_next/static/chunks/01vs_next_dist_compiled_react-dom_068f94d._.js:9246
[   15393ms] [TIMESTAMP] Idle Track @ http://localhost:3100/_next/static/chunks/01vs_next_dist_compiled_react-dom_068f94d._.js:9246
[   15394ms] [TIMESTAMP] Event: click @ http://localhost:3100/_next/static/chunks/01vs_next_dist_compiled_react-dom_068f94d._.js:9281
[   15416ms] [TIMESTAMP] Render @ http://localhost:3100/_next/static/chunks/01vs_next_dist_compiled_react-dom_068f94d._.js:9696
[   15421ms] [TIMESTAMP] Commit @ http://localhost:3100/_next/static/chunks/01vs_next_dist_compiled_react-dom_068f94d._.js:2915
[   15422ms] [TIMESTAMP] Page @ http://localhost:3100/_next/static/chunks/01vs_next_dist_compiled_react-dom_068f94d._.js:2804
[   15422ms] [TIMESTAMP] Mail @ http://localhost:3100/_next/static/chunks/01vs_next_dist_compiled_react-dom_068f94d._.js:2804
[   15422ms] [TIMESTAMP] ForwardRef @ http://localhost:3100/_next/static/chunks/01vs_next_dist_compiled_react-dom_068f94d._.js:2804
[   15422ms] [TIMESTAMP] SignatureForm @ http://localhost:3100/_next/static/chunks/01vs_next_dist_compiled_react-dom_068f94d._.js:2804
[   15422ms] [TIMESTAMP] Label @ http://localhost:3100/_next/static/chunks/01vs_next_dist_compiled_react-dom_068f94d._.js:2804
[   15422ms] [TIMESTAMP] Label @ http://localhost:3100/_next/static/chunks/01vs_next_dist_compiled_react-dom_068f94d._.js:2804
[   15422ms] [TIMESTAMP] Label @ http://localhost:3100/_next/static/chunks/01vs_next_dist_compiled_react-dom_068f94d._.js:2804
[   15423ms] [TIMESTAMP] Label @ http://localhost:3100/_next/static/chunks/01vs_next_dist_compiled_react-dom_068f94d._.js:2804
[   15423ms] [TIMESTAMP] X @ http://localhost:3100/_next/static/chunks/01vs_next_dist_compiled_react-dom_068f94d._.js:2804
[   15423ms] [TIMESTAMP] ForwardRef @ http://localhost:3100/_next/static/chunks/01vs_next_dist_compiled_react-dom_068f94d._.js:2804
[   15423ms] [TIMESTAMP] Remaining Effects @ http://localhost:3100/_next/static/chunks/01vs_next_dist_compiled_react-dom_068f94d._.js:10005
[   15433ms] [WARNING] [JavaScript Warning: "A resource is blocked by OpaqueResponseBlocking, please check browser console for details." {file: "https://cdn.ing/assets/i/r/310039/yrgur9wrjxnxi94v6vugw9jdm9o8/logo-primary.png" line: 0}] @ https://cdn.ing/assets/i/r/310039/yrgur9wrjxnxi94v6vugw9jdm9o8/logo-primary.png:0
[  212235ms] [TIMESTAMP] Blocking Track @ http://localhost:3100/_next/static/chunks/01vs_next_dist_compiled_react-dom_068f94d._.js:9246
[  212236ms] [TIMESTAMP] Transition Track @ http://localhost:3100/_next/static/chunks/01vs_next_dist_compiled_react-dom_068f94d._.js:9246
[  212236ms] [TIMESTAMP] Suspense Track @ http://localhost:3100/_next/static/chunks/01vs_next_dist_compiled_react-dom_068f94d._.js:9246
[  212236ms] [TIMESTAMP] Idle Track @ http://localhost:3100/_next/static/chunks/01vs_next_dist_compiled_react-dom_068f94d._.js:9246
[  212236ms] [TIMESTAMP] Event: click @ http://localhost:3100/_next/static/chunks/01vs_next_dist_compiled_react-dom_068f94d._.js:9281
[  212248ms] [TIMESTAMP] Render @ http://localhost:3100/_next/static/chunks/01vs_next_dist_compiled_react-dom_068f94d._.js:9696
[  212251ms] [TIMESTAMP] Commit @ http://localhost:3100/_next/static/chunks/01vs_next_dist_compiled_react-dom_068f94d._.js:2915
[  212251ms] [TIMESTAMP] Page @ http://localhost:3100/_next/static/chunks/01vs_next_dist_compiled_react-dom_068f94d._.js:2804
[  212252ms] [TIMESTAMP] Mail @ http://localhost:3100/_next/static/chunks/01vs_next_dist_compiled_react-dom_068f94d._.js:2804
[  212252ms] [TIMESTAMP] ForwardRef @ http://localhost:3100/_next/static/chunks/01vs_next_dist_compiled_react-dom_068f94d._.js:2804
[  212252ms] [TIMESTAMP] SignatureForm @ http://localhost:3100/_next/static/chunks/01vs_next_dist_compiled_react-dom_068f94d._.js:2804
[  212252ms] [TIMESTAMP] Label @ http://localhost:3100/_next/static/chunks/01vs_next_dist_compiled_react-dom_068f94d._.js:2804
[  212252ms] [TIMESTAMP] Label @ http://localhost:3100/_next/static/chunks/01vs_next_dist_compiled_react-dom_068f94d._.js:2804
[  212252ms] [TIMESTAMP] Label @ http://localhost:3100/_next/static/chunks/01vs_next_dist_compiled_react-dom_068f94d._.js:2804
[  212252ms] [TIMESTAMP] Remaining Effects @ http://localhost:3100/_next/static/chunks/01vs_next_dist_compiled_react-dom_068f94d._.js:10005
[  212279ms] [WARNING] [JavaScript Warning: "A resource is blocked by OpaqueResponseBlocking, please check browser console for details." {file: "https://cdn.ing/assets/i/r/310039/yrgur9wrjxnxi94v6vugw9jdm9o8/logo-primary.png" line: 0}] @ https://cdn.ing/assets/i/r/310039/yrgur9wrjxnxi94v6vugw9jdm9o8/logo-primary.png:0
[  233517ms] [LOG] [Fast Refresh] rebuilding @ http://localhost:3100/_next/static/chunks/01vs_next_dist_0z7rf41._.js:2477
[  233519ms] [TIMESTAMP] Blocking Track @ http://localhost:3100/_next/static/chunks/01vs_next_dist_compiled_react-dom_068f94d._.js:9246
[  233520ms] [TIMESTAMP] Transition Track @ http://localhost:3100/_next/static/chunks/01vs_next_dist_compiled_react-dom_068f94d._.js:9246
[  233520ms] [TIMESTAMP] Suspense Track @ http://localhost:3100/_next/static/chunks/01vs_next_dist_compiled_react-dom_068f94d._.js:9246
[  233520ms] [TIMESTAMP] Idle Track @ http://localhost:3100/_next/static/chunks/01vs_next_dist_compiled_react-dom_068f94d._.js:9246
[  233526ms] [TIMESTAMP] Render @ http://localhost:3100/_next/static/chunks/01vs_next_dist_compiled_react-dom_068f94d._.js:9696
[  233527ms] [TIMESTAMP] Commit @ http://localhost:3100/_next/static/chunks/01vs_next_dist_compiled_react-dom_068f94d._.js:2915
[  233527ms] [TIMESTAMP] Page @ http://localhost:3100/_next/static/chunks/01vs_next_dist_compiled_react-dom_068f94d._.js:2804
[  233527ms] [TIMESTAMP] SignatureForm @ http://localhost:3100/_next/static/chunks/01vs_next_dist_compiled_react-dom_068f94d._.js:2804
[  233527ms] [TIMESTAMP] Label @ http://localhost:3100/_next/static/chunks/01vs_next_dist_compiled_react-dom_068f94d._.js:2804
[  233538ms] [WARNING] [JavaScript Warning: "A resource is blocked by OpaqueResponseBlocking, please check browser console for details." {file: "https://cdn.ing/assets/i/r/310039/yrgur9wrjxnxi94v6vugw9jdm9o8/logo-primary.png" line: 0}] @ https://cdn.ing/assets/i/r/310039/yrgur9wrjxnxi94v6vugw9jdm9o8/logo-primary.png:0
[  233543ms] [LOG] [Fast Refresh] done in 16ms @ http://localhost:3100/_next/static/chunks/01vs_next_dist_0z7rf41._.js:2477
[  236339ms] [LOG] [Fast Refresh] rebuilding @ http://localhost:3100/_next/static/chunks/01vs_next_dist_0z7rf41._.js:2477
[  236340ms] [TIMESTAMP] Blocking Track @ http://localhost:3100/_next/static/chunks/01vs_next_dist_compiled_react-dom_068f94d._.js:9246
[  236341ms] [TIMESTAMP] Transition Track @ http://localhost:3100/_next/static/chunks/01vs_next_dist_compiled_react-dom_068f94d._.js:9246
[  236341ms] [TIMESTAMP] Suspense Track @ http://localhost:3100/_next/static/chunks/01vs_next_dist_compiled_react-dom_068f94d._.js:9246
[  236341ms] [TIMESTAMP] Idle Track @ http://localhost:3100/_next/static/chunks/01vs_next_dist_compiled_react-dom_068f94d._.js:9246
[  236347ms] [TIMESTAMP] Render @ http://localhost:3100/_next/static/chunks/01vs_next_dist_compiled_react-dom_068f94d._.js:9696
[  236348ms] [TIMESTAMP] Commit @ http://localhost:3100/_next/static/chunks/01vs_next_dist_compiled_react-dom_068f94d._.js:2915
[  236348ms] [TIMESTAMP] Page @ http://localhost:3100/_next/static/chunks/01vs_next_dist_compiled_react-dom_068f94d._.js:2804
[  236348ms] [TIMESTAMP] TemplateSelector @ http://localhost:3100/_next/static/chunks/01vs_next_dist_compiled_react-dom_068f94d._.js:2804
[  236348ms] [TIMESTAMP] SignatureForm @ http://localhost:3100/_next/static/chunks/01vs_next_dist_compiled_react-dom_068f94d._.js:2804
[  236348ms] [TIMESTAMP] Label @ http://localhost:3100/_next/static/chunks/01vs_next_dist_compiled_react-dom_068f94d._.js:2804
[  236348ms] [TIMESTAMP] X @ http://localhost:3100/_next/static/chunks/01vs_next_dist_compiled_react-dom_068f94d._.js:2804
[  236348ms] [TIMESTAMP] ForwardRef @ http://localhost:3100/_next/static/chunks/01vs_next_dist_compiled_react-dom_068f94d._.js:2804
[  236358ms] [WARNING] [JavaScript Warning: "A resource is blocked by OpaqueResponseBlocking, please check browser console for details." {file: "https://cdn.ing/assets/i/r/310039/yrgur9wrjxnxi94v6vugw9jdm9o8/logo-primary.png" line: 0}] @ https://cdn.ing/assets/i/r/310039/yrgur9wrjxnxi94v6vugw9jdm9o8/logo-primary.png:0
[  236366ms] [LOG] [Fast Refresh] done in 17ms @ http://localhost:3100/_next/static/chunks/01vs_next_dist_0z7rf41._.js:2477
